To honour the JVM settings for this build a single-use Daemon process will be forked. For more on this, please refer to https://docs.gradle.org/9.7.1/userguide/gradle_daemon.html#sec:disabling_the_daemon in the Gradle documentation.
Daemon will be stopped at the end of the build 
> Task :buildSrc:extractPluginRequests
> Task :buildSrc:generatePluginAdapters
> Task :buildSrc:compileJava
> Task :buildSrc:compileGroovy
> Task :buildSrc:compileGroovyPlugins
> Task :buildSrc:pluginDescriptors
> Task :buildSrc:processResources
> Task :buildSrc:classes
> Task :buildSrc:jar
> Task :clock:compileJava
> Task :clock:processResources NO-SOURCE
> Task :clock:classes
> Task :clock:syncSourceSetLicense
> Task :clock:processLicenseResources
> Task :clock:jar
> Task :SevenZip:compileJava
> Task :SevenZip:processResources NO-SOURCE
> Task :SevenZip:classes
> Task :SevenZip:syncSourceSetLicense
> Task :SevenZip:processLicenseResources
> Task :SevenZip:jar
> Task :IO:processResources
> Task :IO:syncSourceSetLicense
> Task :IO:processLicenseResources

> Task :codec-api:compileJava
warning: [options] source value 8 is obsolete and will be removed in a future release
warning: [options] target value 8 is obsolete and will be removed in a future release
warning: [options] To suppress warnings about obsolete options, use -Xlint:-options.
3 warnings

> Task :engine-query-constants:compileJava
warning: [options] source value 8 is obsolete and will be removed in a future release
warning: [options] target value 8 is obsolete and will be removed in a future release
warning: [options] To suppress warnings about obsolete options, use -Xlint:-options.
3 warnings

> Task :codec-builtin:compileJava
warning: [options] source value 8 is obsolete and will be removed in a future release
warning: [options] target value 8 is obsolete and will be removed in a future release
warning: [options] To suppress warnings about obsolete options, use -Xlint:-options.
Note: Some input files use unchecked or unsafe operations.
Note: Recompile with -Xlint:unchecked for details.
3 warnings

> Task :codec-cache:compileJava
Note: <AUTHOR_WORKSPACE>/RESEARCH_RESTART_20260905/RESUMED_20260909_0056/deephaven_source_01/checkout/deephaven-core-6367313a319b79437d4d2116c77836ad56d5138d/codec/cache/src/main/java/io/deephaven/util/codec/CodecCache.java uses unchecked or unsafe operations.
Note: Recompile with -Xlint:unchecked for details.

> Task :deephaven-jpy-config:compileJava
> Task :deephaven-jpy-config:processResources
> Task :deephaven-jpy-config:classes
> Task :deephaven-jpy-config:syncSourceSetLicense
> Task :deephaven-jpy-config:processLicenseResources
> Task :deephaven-jpy-config:jar
> Task :deephaven-jpy-ext:compileJava

> Task :Base:compileJava
Note: <AUTHOR_WORKSPACE>/RESEARCH_RESTART_20260905/RESUMED_20260909_0056/deephaven_source_01/checkout/deephaven-core-6367313a319b79437d4d2116c77836ad56d5138d/Base/src/main/java/io/deephaven/base/array/FastArray.java uses or overrides a deprecated API.
Note: Recompile with -Xlint:deprecation for details.
Note: Some input files use unchecked or unsafe operations.
Note: Recompile with -Xlint:unchecked for details.

> Task :DHProcess:compileJava
> Task :DHProcess:processResources NO-SOURCE
> Task :DHProcess:classes
> Task :DHProcess:syncSourceSetLicense
> Task :DHProcess:processLicenseResources
> Task :DHProcess:jar
> Task :codegen:compileJava
> Task :codegen:processResources NO-SOURCE
> Task :codegen:classes
> Task :codegen:syncSourceSetLicense
> Task :codegen:processLicenseResources
> Task :codegen:jar
> Task :engine-function:createCompilerDirectives
> Task :engine-function:createVmOptions

> Task :engine-function:GenPrimitivesBasic
1 compiler directives added
CodeGenerator: [src/templates/Basic.ftl, src/main/java/io/deephaven/function/Basic.java]

> Task :engine-function:GenPrimitivesBasicTest
1 compiler directives added
CodeGenerator: [src/templates/TestBasic.ftl, src/test/java/io/deephaven/function/TestBasic.java]

> Task :engine-function:GenPrimitivesBinSearch
1 compiler directives added
CodeGenerator: [src/templates/BinSearch.ftl, src/main/java/io/deephaven/function/BinSearch.java]

> Task :engine-function:GenPrimitivesBinSearchTest
1 compiler directives added
CodeGenerator: [src/templates/TestBinSearch.ftl, src/test/java/io/deephaven/function/TestBinSearch.java]

> Task :engine-function:GenPrimitivesCast
1 compiler directives added
CodeGenerator: [src/templates/Cast.ftl, src/main/java/io/deephaven/function/Cast.java]

> Task :DataStructures:compileJava

> Task :engine-function:GenPrimitivesCastTest
1 compiler directives added
CodeGenerator: [src/templates/TestCast.ftl, src/test/java/io/deephaven/function/TestCast.java]

> Task :engine-function:GenPrimitivesNumeric
1 compiler directives added
CodeGenerator: [src/templates/Numeric.ftl, src/main/java/io/deephaven/function/Numeric.java]

> Task :engine-function:GenPrimitivesNumericTest
1 compiler directives added
CodeGenerator: [src/templates/TestNumeric.ftl, src/test/java/io/deephaven/function/TestNumeric.java]

> Task :engine-function:GenPrimitivesSort
1 compiler directives added
CodeGenerator: [src/templates/Sort.ftl, src/main/java/io/deephaven/function/Sort.java]

> Task :IO:compileJava
Note: Some input files use or override a deprecated API.
Note: Recompile with -Xlint:deprecation for details.
Note: Some input files use unchecked or unsafe operations.
Note: Recompile with -Xlint:unchecked for details.

> Task :IO:classes
> Task :IO:jar

> Task :engine-function:GenPrimitivesSortTest
1 compiler directives added
CodeGenerator: [src/templates/TestSort.ftl, src/test/java/io/deephaven/function/TestSort.java]

> Task :util-annotations:compileJava
> Task :log-factory:compileJava
> Task :util-immutables:compileJava

> Task :qst-type:compileJava
Note: Some input files use unchecked or unsafe operations.
Note: Recompile with -Xlint:unchecked for details.

> Task :Configuration:compileJava
Note: <AUTHOR_WORKSPACE>/RESEARCH_RESTART_20260905/RESUMED_20260909_0056/deephaven_source_01/checkout/deephaven-core-6367313a319b79437d4d2116c77836ad56d5138d/Configuration/src/main/java/io/deephaven/configuration/ParsedProperties.java uses or overrides a deprecated API.
Note: Recompile with -Xlint:deprecation for details.
Note: Some input files use unchecked or unsafe operations.
Note: Recompile with -Xlint:unchecked for details.

> Task :table-api:compileJava
Note: Some input files use or override a deprecated API.
Note: Recompile with -Xlint:deprecation for details.
Note: <AUTHOR_WORKSPACE>/RESEARCH_RESTART_20260905/RESUMED_20260909_0056/deephaven_source_01/checkout/deephaven-core-6367313a319b79437d4d2116c77836ad56d5138d/table-api/src/main/java/io/deephaven/api/ColumnName.java uses unchecked or unsafe operations.
Note: Recompile with -Xlint:unchecked for details.

> Task :Util:compileJava
Note: Some input files use or override a deprecated API.
Note: Recompile with -Xlint:deprecation for details.
Note: Some input files use unchecked or unsafe operations.
Note: Recompile with -Xlint:unchecked for details.

> Task :engine-primitive:compileJava
Note: Some input files use unchecked or unsafe operations.
Note: Recompile with -Xlint:unchecked for details.

> Task :engine-vector:compileJava
Note: Some input files use unchecked or unsafe operations.
Note: Recompile with -Xlint:unchecked for details.

> Task :engine-function:compileJava
Note: <AUTHOR_WORKSPACE>/RESEARCH_RESTART_20260905/RESUMED_20260909_0056/deephaven_source_01/checkout/deephaven-core-6367313a319b79437d4d2116c77836ad56d5138d/engine/function/src/main/java/io/deephaven/function/ArraySort.java uses unchecked or unsafe operations.
Note: Recompile with -Xlint:unchecked for details.

> Task :engine-chunk:compileJava
Note: Some input files use unchecked or unsafe operations.
Note: Recompile with -Xlint:unchecked for details.

> Task :authentication:compileJava
> Task :hotspot:compileJava
> Task :hotspot:processResources NO-SOURCE
> Task :hotspot:classes
> Task :hotspot:syncSourceSetLicense
> Task :hotspot:processLicenseResources
> Task :hotspot:jar
> Task :util-thread:compileJava

> Task :util-processenvironment:compileJava
Note: <AUTHOR_WORKSPACE>/RESEARCH_RESTART_20260905/RESUMED_20260909_0056/deephaven_source_01/checkout/deephaven-core-6367313a319b79437d4d2116c77836ad56d5138d/Util/processenvironment/src/main/java/io/deephaven/util/process/ProcessEnvironment.java uses or overrides a deprecated API.
Note: Recompile with -Xlint:deprecation for details.

> Task :engine-updategraph:compileJava
Note: <AUTHOR_WORKSPACE>/RESEARCH_RESTART_20260905/RESUMED_20260909_0056/deephaven_source_01/checkout/deephaven-core-6367313a319b79437d4d2116c77836ad56d5138d/engine/updategraph/src/main/java/io/deephaven/engine/liveness/Liveness.java uses or overrides a deprecated API.
Note: Recompile with -Xlint:deprecation for details.
Note: Some input files use unchecked or unsafe operations.
Note: Recompile with -Xlint:unchecked for details.

> Task :Container:compileJava

> Task :engine-time:compileJava
Note: Some input files use unchecked or unsafe operations.
Note: Recompile with -Xlint:unchecked for details.

> Task :engine-context:compileJava
Note: <AUTHOR_WORKSPACE>/RESEARCH_RESTART_20260905/RESUMED_20260909_0056/deephaven_source_01/checkout/deephaven-core-6367313a319b79437d4d2116c77836ad56d5138d/engine/context/src/main/java/io/deephaven/engine/context/PoisonedQueryLibrary.java uses or overrides a deprecated API.
Note: Recompile with -Xlint:deprecation for details.
Note: Some input files use unchecked or unsafe operations.
Note: Recompile with -Xlint:unchecked for details.

> Task :qst:compileJava
Note: Some input files use unchecked or unsafe operations.
Note: Recompile with -Xlint:unchecked for details.

> Task :engine-read-tracker:compileJava

> Task :engine-rowset:compileJava
Note: <AUTHOR_WORKSPACE>/RESEARCH_RESTART_20260905/RESUMED_20260909_0056/deephaven_source_01/checkout/deephaven-core-6367313a319b79437d4d2116c77836ad56d5138d/engine/rowset/src/main/java/io/deephaven/engine/rowset/impl/rsp/RspArray.java uses or overrides a deprecated API.
Note: Recompile with -Xlint:deprecation for details.
Note: Some input files use unchecked or unsafe operations.
Note: Recompile with -Xlint:unchecked for details.

> Task :engine-stringset:compileJava

> Task :engine-tuple:compileJava
Note: Some input files use unchecked or unsafe operations.
Note: Recompile with -Xlint:unchecked for details.

> Task :plugin:compileJava
Note: <AUTHOR_WORKSPACE>/RESEARCH_RESTART_20260905/RESUMED_20260909_0056/deephaven_source_01/checkout/deephaven-core-6367313a319b79437d4d2116c77836ad56d5138d/plugin/src/main/java/io/deephaven/plugin/type/ObjectTypeClassBase.java uses unchecked or unsafe operations.
Note: Recompile with -Xlint:unchecked for details.

> Task :engine-api:compileJava
Note: Some input files use unchecked or unsafe operations.
Note: Recompile with -Xlint:unchecked for details.

> Task :engine-base:compileJava
Note: <AUTHOR_WORKSPACE>/RESEARCH_RESTART_20260905/RESUMED_20260909_0056/deephaven_source_01/checkout/deephaven-core-6367313a319b79437d4d2116c77836ad56d5138d/engine/base/src/main/java/io/deephaven/engine/table/impl/ContextWithChunk.java uses unchecked or unsafe operations.
Note: Recompile with -Xlint:unchecked for details.

> Task :util-pool:compileJava

> Task :TableLogger:compileJava
Note: Some input files use unchecked or unsafe operations.
Note: Recompile with -Xlint:unchecked for details.

> Task :TableLogger:processResources NO-SOURCE
> Task :TableLogger:classes
> Task :TableLogger:syncSourceSetLicense
> Task :TableLogger:processLicenseResources
> Task :TableLogger:jar
> Task :engine-table:processResources
> Task :engine-table:syncSourceSetLicense
> Task :engine-table:processLicenseResources
> Task :authentication:processResources NO-SOURCE
> Task :authentication:classes
> Task :authentication:syncSourceSetLicense
> Task :authentication:processLicenseResources
> Task :authentication:jar
> Task :Base:processResources
> Task :Base:classes
> Task :Base:syncSourceSetLicense
> Task :Base:processLicenseResources
> Task :Base:jar
> Task :Stats:compileJava
> Task :Stats:processResources NO-SOURCE
> Task :Stats:classes
> Task :Stats:syncSourceSetLicense
> Task :Stats:processLicenseResources
> Task :Stats:jar

> Task :base-test-utils:compileJava
Note: <AUTHOR_WORKSPACE>/RESEARCH_RESTART_20260905/RESUMED_20260909_0056/deephaven_source_01/checkout/deephaven-core-6367313a319b79437d4d2116c77836ad56d5138d/base-test-utils/src/main/java/io/deephaven/base/testing/BaseCachedJMockTestCase.java uses or overrides a deprecated API.
Note: Recompile with -Xlint:deprecation for details.
Note: <AUTHOR_WORKSPACE>/RESEARCH_RESTART_20260905/RESUMED_20260909_0056/deephaven_source_01/checkout/deephaven-core-6367313a319b79437d4d2116c77836ad56d5138d/base-test-utils/src/main/java/io/deephaven/base/testing/BaseCachedJMockTestCase.java uses unchecked or unsafe operations.
Note: Recompile with -Xlint:unchecked for details.

> Task :Base:compileTestJava
<AUTHOR_WORKSPACE>/RESEARCH_RESTART_20260905/RESUMED_20260909_0056/deephaven_source_01/checkout/deephaven-core-6367313a319b79437d4d2116c77836ad56d5138d/Base/src/test/java/io/deephaven/base/cache/TestOpenAddressedCanonicalizationCache.java:28: warning: [removal] Integer(int) in Integer has been deprecated and marked for removal
            final Integer newInteger = new Integer(ii);
                                       ^
<AUTHOR_WORKSPACE>/RESEARCH_RESTART_20260905/RESUMED_20260909_0056/deephaven_source_01/checkout/deephaven-core-6367313a319b79437d4d2116c77836ad56d5138d/Base/src/test/java/io/deephaven/base/cache/TestOpenAddressedCanonicalizationCache.java:32: warning: [removal] Double(double) in Double has been deprecated and marked for removal
            final Double newDouble = new Double(ii);
                                     ^
<AUTHOR_WORKSPACE>/RESEARCH_RESTART_20260905/RESUMED_20260909_0056/deephaven_source_01/checkout/deephaven-core-6367313a319b79437d4d2116c77836ad56d5138d/Base/src/test/java/io/deephaven/base/cache/TestOpenAddressedCanonicalizationCache.java:49: warning: [removal] Integer(int) in Integer has been deprecated and marked for removal
            final Integer equalInteger = new Integer(ii);
                                         ^
<AUTHOR_WORKSPACE>/RESEARCH_RESTART_20260905/RESUMED_20260909_0056/deephaven_source_01/checkout/deephaven-core-6367313a319b79437d4d2116c77836ad56d5138d/Base/src/test/java/io/deephaven/base/cache/TestOpenAddressedCanonicalizationCache.java:55: warning: [removal] Double(double) in Double has been deprecated and marked for removal
            final Double equalDouble = new Double(ii);
                                       ^
<AUTHOR_WORKSPACE>/RESEARCH_RESTART_20260905/RESUMED_20260909_0056/deephaven_source_01/checkout/deephaven-core-6367313a319b79437d4d2116c77836ad56d5138d/Base/src/test/java/io/deephaven/base/cache/TestOpenAddressedCanonicalizationCache.java:87: warning: [removal] Integer(int) in Integer has been deprecated and marked for removal
                final Integer newInteger = new Integer(ii);
                                           ^
<AUTHOR_WORKSPACE>/RESEARCH_RESTART_20260905/RESUMED_20260909_0056/deephaven_source_01/checkout/deephaven-core-6367313a319b79437d4d2116c77836ad56d5138d/Base/src/test/java/io/deephaven/base/cache/TestOpenAddressedCanonicalizationCache.java:91: warning: [removal] Double(double) in Double has been deprecated and marked for removal
                final Double newDouble = new Double(ii);
                                         ^
<AUTHOR_WORKSPACE>/RESEARCH_RESTART_20260905/RESUMED_20260909_0056/deephaven_source_01/checkout/deephaven-core-6367313a319b79437d4d2116c77836ad56d5138d/Base/src/test/java/io/deephaven/base/cache/TestOpenAddressedCanonicalizationCache.java:99: warning: [removal] Integer(int) in Integer has been deprecated and marked for removal
                final Integer equalInteger = new Integer(ii);
                                             ^
<AUTHOR_WORKSPACE>/RESEARCH_RESTART_20260905/RESUMED_20260909_0056/deephaven_source_01/checkout/deephaven-core-6367313a319b79437d4d2116c77836ad56d5138d/Base/src/test/java/io/deephaven/base/cache/TestOpenAddressedCanonicalizationCache.java:105: warning: [removal] Double(double) in Double has been deprecated and marked for removal
                final Double equalDouble = new Double(ii);
                                           ^
Note: Some input files use or override a deprecated API.
Note: Recompile with -Xlint:deprecation for details.
Note: Some input files use unchecked or unsafe operations.
Note: Recompile with -Xlint:unchecked for details.
8 warnings

> Task :Base:processTestResources
> Task :Base:testClasses
> Task :Base:jarTests
> Task :base-test-utils:processResources NO-SOURCE
> Task :base-test-utils:classes
> Task :base-test-utils:syncSourceSetLicense
> Task :base-test-utils:processLicenseResources
> Task :base-test-utils:jar
> Task :extensions-parquet-compression:compileJava

> Task :util-channel:compileJava
Note: <AUTHOR_WORKSPACE>/RESEARCH_RESTART_20260905/RESUMED_20260909_0056/deephaven_source_01/checkout/deephaven-core-6367313a319b79437d4d2116c77836ad56d5138d/Util/channel/src/main/java/io/deephaven/util/channel/BaseSeekableChannelContext.java uses unchecked or unsafe operations.
Note: Recompile with -Xlint:unchecked for details.

> Task :extensions-parquet-base:compileJava
Note: Some input files use or override a deprecated API.
Note: Recompile with -Xlint:deprecation for details.
Note: Some input files use unchecked or unsafe operations.
Note: Recompile with -Xlint:unchecked for details.

> Task :BenchmarkSupport:processResources NO-SOURCE
> Task :BenchmarkSupport:syncSourceSetLicense
> Task :BenchmarkSupport:processLicenseResources
> Task :codec-api:processResources NO-SOURCE
> Task :codec-api:classes
> Task :codec-api:syncSourceSetLicense
> Task :codec-api:processLicenseResources
> Task :codec-api:jar
> Task :codec-builtin:processResources NO-SOURCE
> Task :codec-builtin:classes
> Task :codec-builtin:syncSourceSetLicense
> Task :codec-builtin:processLicenseResources
> Task :codec-builtin:jar
> Task :codec-cache:processResources NO-SOURCE
> Task :codec-cache:classes
> Task :codec-cache:syncSourceSetLicense
> Task :codec-cache:processLicenseResources
> Task :codec-cache:jar
> Task :configs:compileJava NO-SOURCE
> Task :configs:processResources
> Task :configs:classes
> Task :configs:syncSourceSetLicense
> Task :configs:processLicenseResources
> Task :configs:jar
> Task :Configuration:processResources
> Task :Configuration:classes
> Task :Configuration:syncSourceSetLicense
> Task :Configuration:processLicenseResources
> Task :Configuration:jar
> Task :Container:processResources NO-SOURCE
> Task :Container:classes
> Task :Container:syncSourceSetLicense
> Task :Container:processLicenseResources
> Task :Container:jar
> Task :DataStructures:processResources NO-SOURCE
> Task :DataStructures:classes
> Task :DataStructures:syncSourceSetLicense
> Task :DataStructures:processLicenseResources
> Task :DataStructures:jar
> Task :deephaven-jpy-ext:processResources NO-SOURCE
> Task :deephaven-jpy-ext:classes
> Task :deephaven-jpy-ext:syncSourceSetLicense
> Task :deephaven-jpy-ext:processLicenseResources
> Task :deephaven-jpy-ext:jar
> Task :engine-api:processResources NO-SOURCE
> Task :engine-api:classes
> Task :engine-api:syncSourceSetLicense
> Task :engine-api:processLicenseResources
> Task :engine-api:jar
> Task :engine-base:processResources NO-SOURCE
> Task :engine-base:classes
> Task :engine-base:syncSourceSetLicense
> Task :engine-base:processLicenseResources
> Task :engine-base:jar
> Task :engine-chunk:processResources
> Task :engine-chunk:classes
> Task :engine-chunk:syncSourceSetLicense
> Task :engine-chunk:processLicenseResources
> Task :engine-chunk:jar

> Task :engine-chunk:compileTestJava
Note: Some input files use unchecked or unsafe operations.
Note: Recompile with -Xlint:unchecked for details.

> Task :engine-chunk:processTestResources NO-SOURCE
> Task :engine-chunk:testClasses
> Task :engine-chunk:testJar
> Task :engine-context:processResources NO-SOURCE
> Task :engine-context:classes
> Task :engine-context:syncSourceSetLicense
> Task :engine-context:processLicenseResources
> Task :engine-context:jar
> Task :engine-function:processResources
> Task :engine-function:classes
> Task :engine-function:syncSourceSetLicense
> Task :engine-function:processLicenseResources
> Task :engine-function:jar
> Task :engine-primitive:processResources
> Task :engine-primitive:classes
> Task :engine-primitive:syncSourceSetLicense
> Task :engine-primitive:processLicenseResources
> Task :engine-primitive:jar
> Task :engine-query-constants:processResources NO-SOURCE
> Task :engine-query-constants:classes
> Task :engine-query-constants:syncSourceSetLicense
> Task :engine-query-constants:processLicenseResources
> Task :engine-query-constants:jar
> Task :engine-read-tracker:processResources NO-SOURCE
> Task :engine-read-tracker:classes
> Task :engine-read-tracker:syncSourceSetLicense
> Task :engine-read-tracker:processLicenseResources
> Task :engine-read-tracker:jar
> Task :engine-rowset:processResources
> Task :engine-rowset:classes
> Task :engine-rowset:syncSourceSetLicense
> Task :engine-rowset:processLicenseResources
> Task :engine-rowset:jar

> Task :engine-rowset-test-utils:compileJava
Note: <AUTHOR_WORKSPACE>/RESEARCH_RESTART_20260905/RESUMED_20260909_0056/deephaven_source_01/checkout/deephaven-core-6367313a319b79437d4d2116c77836ad56d5138d/engine/rowset-test-utils/src/main/java/io/deephaven/engine/testutil/rowset/RowSetTstUtils.java uses or overrides a deprecated API.
Note: Recompile with -Xlint:deprecation for details.
Note: <AUTHOR_WORKSPACE>/RESEARCH_RESTART_20260905/RESUMED_20260909_0056/deephaven_source_01/checkout/deephaven-core-6367313a319b79437d4d2116c77836ad56d5138d/engine/rowset-test-utils/src/main/java/io/deephaven/engine/testutil/rowset/RowSetTstUtils.java uses unchecked or unsafe operations.
Note: Recompile with -Xlint:unchecked for details.

> Task :engine-rowset-test-utils:processResources NO-SOURCE
> Task :engine-rowset-test-utils:classes
> Task :engine-rowset-test-utils:syncSourceSetLicense
> Task :engine-rowset-test-utils:processLicenseResources
> Task :engine-rowset-test-utils:jar
> Task :engine-stringset:processResources NO-SOURCE
> Task :engine-stringset:classes
> Task :engine-stringset:syncSourceSetLicense
> Task :engine-stringset:processLicenseResources
> Task :engine-stringset:jar
> Task :engine-time:processResources NO-SOURCE
> Task :engine-time:classes
> Task :engine-time:syncSourceSetLicense
> Task :engine-time:processLicenseResources
> Task :engine-time:jar
> Task :engine-time:compileTestJava
> Task :engine-time:processTestResources
> Task :engine-time:testClasses
> Task :engine-time:testJar
> Task :engine-vector:processResources NO-SOURCE
> Task :engine-vector:classes
> Task :engine-vector:syncSourceSetLicense
> Task :engine-vector:processLicenseResources
> Task :engine-vector:jar
> Task :engine-vector:compileTestJava
> Task :engine-vector:processTestResources NO-SOURCE
> Task :engine-vector:testClasses
> Task :engine-vector:testJar

> Task :log-to-slf4j:compileJava
Note: <AUTHOR_WORKSPACE>/RESEARCH_RESTART_20260905/RESUMED_20260909_0056/deephaven_source_01/checkout/deephaven-core-6367313a319b79437d4d2116c77836ad56d5138d/log-factory/sinks/log-to-slf4j/src/main/java/io/deephaven/internal/log/LoggerSlf4j.java uses or overrides a deprecated API.
Note: Recompile with -Xlint:deprecation for details.
Note: <AUTHOR_WORKSPACE>/RESEARCH_RESTART_20260905/RESUMED_20260909_0056/deephaven_source_01/checkout/deephaven-core-6367313a319b79437d4d2116c77836ad56d5138d/log-factory/sinks/log-to-slf4j/src/main/java/io/deephaven/internal/log/LoggerSlf4j.java uses unchecked or unsafe operations.
Note: Recompile with -Xlint:unchecked for details.

> Task :Numerics:compileJava
> Task :Numerics:processResources NO-SOURCE
> Task :Numerics:classes
> Task :Numerics:syncSourceSetLicense
> Task :Numerics:processLicenseResources
> Task :Numerics:jar
> Task :Numerics:compileTestJava
> Task :Numerics:processTestResources NO-SOURCE
> Task :Numerics:testClasses
> Task :Numerics:testJar
> Task :test-configs:compileJava
> Task :test-configs:processResources
> Task :test-configs:classes
> Task :test-configs:syncSourceSetLicense
> Task :test-configs:processLicenseResources
> Task :test-configs:jar
> Task :engine-test-utils:processResources NO-SOURCE
> Task :engine-test-utils:syncSourceSetLicense
> Task :engine-test-utils:processLicenseResources
> Task :engine-tuple:processResources NO-SOURCE
> Task :engine-tuple:classes
> Task :engine-tuple:syncSourceSetLicense
> Task :engine-tuple:processLicenseResources
> Task :engine-tuple:jar

> Task :engine-table:compileJava
Note: Some input files use or override a deprecated API.
Note: Recompile with -Xlint:deprecation for details.
Note: Some input files use unchecked or unsafe operations.
Note: Recompile with -Xlint:unchecked for details.

> Task :engine-table:classes
> Task :engine-table:jar

> Task :extensions-csv:compileJava
Note: <AUTHOR_WORKSPACE>/RESEARCH_RESTART_20260905/RESUMED_20260909_0056/deephaven_source_01/checkout/deephaven-core-6367313a319b79437d4d2116c77836ad56d5138d/extensions/csv/src/main/java/io/deephaven/csv/CsvTools.java uses unchecked or unsafe operations.
Note: Recompile with -Xlint:unchecked for details.

> Task :engine-tuplesource:compileJava
Note: Some input files use unchecked or unsafe operations.
Note: Recompile with -Xlint:unchecked for details.

> Task :extensions-source-support:compileJava
Note: <AUTHOR_WORKSPACE>/RESEARCH_RESTART_20260905/RESUMED_20260909_0056/deephaven_source_01/checkout/deephaven-core-6367313a319b79437d4d2116c77836ad56d5138d/extensions/source-support/src/main/java/io/deephaven/generic/region/AppendOnlyFixedSizePageRegionObject.java uses unchecked or unsafe operations.
Note: Recompile with -Xlint:unchecked for details.

> Task :extensions-parquet-table:compileJava
Note: Some input files use or override a deprecated API.
Note: Recompile with -Xlint:deprecation for details.
Note: Some input files use unchecked or unsafe operations.
Note: Recompile with -Xlint:unchecked for details.

> Task :engine-test-utils:compileJava
Note: <AUTHOR_WORKSPACE>/RESEARCH_RESTART_20260905/RESUMED_20260909_0056/deephaven_source_01/checkout/deephaven-core-6367313a319b79437d4d2116c77836ad56d5138d/engine/test-utils/src/main/java/io/deephaven/engine/testutil/generator/AbstractSortedGenerator.java uses or overrides a deprecated API.
Note: Recompile with -Xlint:deprecation for details.
Note: Some input files use unchecked or unsafe operations.
Note: Recompile with -Xlint:unchecked for details.

> Task :BenchmarkSupport:compileJava
Note: <AUTHOR_WORKSPACE>/RESEARCH_RESTART_20260905/RESUMED_20260909_0056/deephaven_source_01/checkout/deephaven-core-6367313a319b79437d4d2116c77836ad56d5138d/BenchmarkSupport/src/main/java/io/deephaven/benchmarking/runner/TableBenchmarkState.java uses or overrides a deprecated API.
Note: Recompile with -Xlint:deprecation for details.
Note: Some input files use unchecked or unsafe operations.
Note: Recompile with -Xlint:unchecked for details.

> Task :BenchmarkSupport:classes
> Task :BenchmarkSupport:jar
> Task :engine-table:createCompilerDirectives
> Task :engine-table:createVmOptions
> Task :engine-table:processTestResources
> Task :engine-test-utils:classes
> Task :engine-test-utils:jar
> Task :engine-tuplesource:processResources NO-SOURCE
> Task :engine-tuplesource:classes
> Task :engine-tuplesource:syncSourceSetLicense
> Task :engine-tuplesource:processLicenseResources
> Task :engine-tuplesource:jar
> Task :engine-updategraph:processResources NO-SOURCE
> Task :engine-updategraph:classes
> Task :engine-updategraph:syncSourceSetLicense
> Task :engine-updategraph:processLicenseResources
> Task :engine-updategraph:jar
> Task :extensions-csv:processResources NO-SOURCE
> Task :extensions-csv:classes
> Task :extensions-csv:syncSourceSetLicense
> Task :extensions-csv:processLicenseResources
> Task :extensions-csv:jar
> Task :extensions-parquet-base:processResources NO-SOURCE
> Task :extensions-parquet-base:classes
> Task :extensions-parquet-base:syncSourceSetLicense
> Task :extensions-parquet-base:processLicenseResources
> Task :extensions-parquet-base:jar
> Task :extensions-parquet-compression:processResources NO-SOURCE
> Task :extensions-parquet-compression:classes
> Task :extensions-parquet-compression:syncSourceSetLicense
> Task :extensions-parquet-compression:processLicenseResources
> Task :extensions-parquet-compression:jar
> Task :extensions-parquet-table:processResources NO-SOURCE
> Task :extensions-parquet-table:classes
> Task :extensions-parquet-table:syncSourceSetLicense
> Task :extensions-parquet-table:processLicenseResources
> Task :extensions-parquet-table:jar
> Task :extensions-source-support:processResources NO-SOURCE
> Task :extensions-source-support:classes
> Task :extensions-source-support:syncSourceSetLicense
> Task :extensions-source-support:processLicenseResources
> Task :extensions-source-support:jar
> Task :extensions-trackedfile:compileJava
> Task :extensions-trackedfile:processResources NO-SOURCE
> Task :extensions-trackedfile:classes
> Task :extensions-trackedfile:syncSourceSetLicense
> Task :extensions-trackedfile:processLicenseResources
> Task :extensions-trackedfile:jar
> Task :log-factory:processResources NO-SOURCE
> Task :log-factory:classes
> Task :log-factory:syncSourceSetLicense
> Task :log-factory:processLicenseResources
> Task :log-factory:jar
> Task :log-to-slf4j:processResources NO-SOURCE
> Task :log-to-slf4j:classes
> Task :log-to-slf4j:syncSourceSetLicense
> Task :log-to-slf4j:processLicenseResources
> Task :log-to-slf4j:jar
> Task :plugin:processResources NO-SOURCE
> Task :plugin:classes
> Task :plugin:syncSourceSetLicense
> Task :plugin:processLicenseResources
> Task :plugin:jar
> Task :qst:processResources NO-SOURCE
> Task :qst:classes
> Task :qst:syncSourceSetLicense
> Task :qst:processLicenseResources
> Task :qst:jar
> Task :qst-type:processResources NO-SOURCE
> Task :qst-type:classes
> Task :qst-type:syncSourceSetLicense
> Task :qst-type:processLicenseResources
> Task :qst-type:jar
> Task :table-api:processResources NO-SOURCE
> Task :table-api:classes
> Task :table-api:syncSourceSetLicense
> Task :table-api:processLicenseResources

> Task :extensions-suanshu:compileJava
Note: <AUTHOR_WORKSPACE>/RESEARCH_RESTART_20260905/RESUMED_20260909_0056/deephaven_source_01/checkout/deephaven-core-6367313a319b79437d4d2116c77836ad56d5138d/extensions/suanshu/src/main/java/io/deephaven/numerics/suanshu/SuanShuIntegration.java uses unchecked or unsafe operations.
Note: Recompile with -Xlint:unchecked for details.

> Task :table-api:jar
> Task :extensions-suanshu:processResources
> Task :extensions-suanshu:classes
> Task :extensions-suanshu:syncSourceSetLicense
> Task :extensions-suanshu:processLicenseResources
> Task :extensions-suanshu:jar
> Task :Util:processResources
> Task :Util:classes
> Task :Util:syncSourceSetLicense
> Task :Util:processLicenseResources
> Task :Util:jar
> Task :util-channel:processResources NO-SOURCE
> Task :util-channel:classes
> Task :util-channel:syncSourceSetLicense
> Task :util-channel:processLicenseResources
> Task :util-channel:jar
> Task :util-pool:processResources NO-SOURCE
> Task :util-pool:classes
> Task :util-pool:syncSourceSetLicense
> Task :util-pool:processLicenseResources
> Task :util-pool:jar
> Task :util-processenvironment:processResources NO-SOURCE
> Task :util-processenvironment:classes
> Task :util-processenvironment:syncSourceSetLicense
> Task :util-processenvironment:processLicenseResources
> Task :util-processenvironment:jar
> Task :util-thread:processResources NO-SOURCE
> Task :util-thread:classes
> Task :util-thread:syncSourceSetLicense
> Task :util-thread:processLicenseResources
> Task :util-thread:jar

> Task :engine-table:compileTestJava
Note: Some input files use or override a deprecated API.
Note: Recompile with -Xlint:deprecation for details.
Note: Some input files use unchecked or unsafe operations.
Note: Recompile with -Xlint:unchecked for details.

> Task :engine-table:testClasses

> Task :engine-table:test
1 compiler directives added

> Task :engine-table:testOutOfBand
1 compiler directives added

[Incubating] Problems report is available at: file://<AUTHOR_WORKSPACE>/RESEARCH_RESTART_20260905/RESUMED_20260909_0056/deephaven_source_01/checkout/deephaven-core-6367313a319b79437d4d2116c77836ad56d5138d/build/reports/problems/problems-report.html

Deprecated Gradle features were used in this build, making it incompatible with Gradle 10.

You can use '--warning-mode all' to show the individual deprecation warnings and determine if they come from your own scripts or plugins.

For more on this, please refer to https://docs.gradle.org/9.7.1/userguide/command_line_interface.html#sec:command_line_warnings in the Gradle documentation.

BUILD SUCCESSFUL in 2m
288 actionable tasks: 288 executed
