[INFO] Scanning for projects...
[INFO] 
[INFO] ---------------------< org.anonymous.retry:bench >----------------------
[INFO] Building JMH benchmark sample: Java 1.0
[INFO]   from pom.xml
[INFO] --------------------------------[ jar ]---------------------------------
[INFO] 
[INFO] --- resources:2.6:resources (default-resources) @ bench ---
[INFO] Using 'UTF-8' encoding to copy filtered resources.
[INFO] skip non existing resourceDirectory <AUTHOR_WORKSPACE>/RESEARCH_RESTART_20260905/RESUMED_20260909_0056/charged_api_calibration_01/bench/src/main/resources
[INFO] 
[INFO] --- compiler:3.8.0:compile (default-compile) @ bench ---
[INFO] Changes detected - recompiling the module!
[INFO] Compiling 2 source files to <AUTHOR_WORKSPACE>/RESEARCH_RESTART_20260905/RESUMED_20260909_0056/charged_api_calibration_01/bench/target/classes
[INFO] 
[INFO] --- resources:2.6:testResources (default-testResources) @ bench ---
[INFO] Using 'UTF-8' encoding to copy filtered resources.
[INFO] skip non existing resourceDirectory <AUTHOR_WORKSPACE>/RESEARCH_RESTART_20260905/RESUMED_20260909_0056/charged_api_calibration_01/bench/src/test/resources
[INFO] 
[INFO] --- compiler:3.8.0:testCompile (default-testCompile) @ bench ---
[INFO] No sources to compile
[INFO] 
[INFO] --- surefire:2.17:test (default-test) @ bench ---
[INFO] No tests to run.
[INFO] 
[INFO] --- jar:2.4:jar (default-jar) @ bench ---
[INFO] Building jar: <AUTHOR_WORKSPACE>/RESEARCH_RESTART_20260905/RESUMED_20260909_0056/charged_api_calibration_01/bench/target/bench-1.0.jar
[INFO] 
[INFO] --- shade:3.2.1:shade (default) @ bench ---
[INFO] Including org.openjdk.jmh:jmh-core:jar:1.37 in the shaded jar.
[INFO] Including net.sf.jopt-simple:jopt-simple:jar:5.0.4 in the shaded jar.
[INFO] Including org.apache.commons:commons-math3:jar:3.6.1 in the shaded jar.
[INFO] Replacing <AUTHOR_WORKSPACE>/RESEARCH_RESTART_20260905/RESUMED_20260909_0056/charged_api_calibration_01/bench/target/benchmarks.jar with <AUTHOR_WORKSPACE>/RESEARCH_RESTART_20260905/RESUMED_20260909_0056/charged_api_calibration_01/bench/target/bench-1.0-shaded.jar
[INFO] ------------------------------------------------------------------------
[INFO] BUILD SUCCESS
[INFO] ------------------------------------------------------------------------
[INFO] Total time:  1.253 s
[INFO] Finished at: 2026-09-09T05:59:38+09:00
[INFO] ------------------------------------------------------------------------
