1/72 colliding-64-cachedCallbackMismatch SUCCESS 3.96s
2/72 distinct-8-replaceMismatch SUCCESS 3.88s
3/72 colliding-8-validateCallbackMismatch SUCCESS 3.81s
4/72 colliding-512-validateCallbackMatch SUCCESS 3.85s
5/72 distinct-512-freshCallback SUCCESS 3.87s
6/72 distinct-64-validateCallbackMismatch SUCCESS 3.82s
7/72 distinct-64-prepare SUCCESS 3.87s
8/72 colliding-512-cachedCallbackMismatch SUCCESS 3.85s
9/72 colliding-8-prepare SUCCESS 3.87s
10/72 colliding-8-cachedCallbackMatch SUCCESS 3.87s
11/72 distinct-512-replaceMismatch SUCCESS 3.86s
12/72 distinct-512-cachedCallbackMatch SUCCESS 3.82s
13/72 distinct-1-validateCallbackMatch SUCCESS 3.86s
14/72 distinct-1-get SUCCESS 3.83s
15/72 colliding-512-freshCallback SUCCESS 3.83s
16/72 distinct-512-prepare SUCCESS 3.84s
17/72 distinct-64-cachedCallbackMismatch SUCCESS 3.86s
18/72 colliding-64-prepare SUCCESS 3.84s
19/72 distinct-1-replaceMatch SUCCESS 3.82s
20/72 distinct-8-freshCallback SUCCESS 3.92s
21/72 colliding-1-replaceMatch SUCCESS 3.86s
22/72 colliding-1-replaceMismatch SUCCESS 3.86s
23/72 colliding-512-get SUCCESS 3.82s
24/72 distinct-512-validateCallbackMismatch SUCCESS 3.87s
25/72 colliding-64-validateCallbackMismatch SUCCESS 3.87s
26/72 distinct-512-validateCallbackMatch SUCCESS 3.85s
27/72 distinct-8-prepare SUCCESS 3.84s
28/72 colliding-1-freshCallback SUCCESS 3.87s
29/72 colliding-8-cachedCallbackMismatch SUCCESS 3.84s
30/72 distinct-1-replaceMismatch SUCCESS 3.82s
31/72 colliding-64-freshCallback SUCCESS 3.83s
32/72 distinct-8-replaceMatch SUCCESS 3.84s
33/72 distinct-8-validateCallbackMatch SUCCESS 3.87s
34/72 colliding-1-validateCallbackMismatch SUCCESS 3.86s
35/72 colliding-8-replaceMatch SUCCESS 3.86s
36/72 colliding-1-cachedCallbackMatch SUCCESS 3.87s
37/72 distinct-64-replaceMatch SUCCESS 3.88s
38/72 distinct-8-cachedCallbackMismatch SUCCESS 3.91s
39/72 colliding-512-cachedCallbackMatch SUCCESS 3.85s
40/72 colliding-1-get SUCCESS 3.86s
41/72 colliding-8-validateCallbackMatch SUCCESS 3.86s
42/72 colliding-512-replaceMismatch SUCCESS 3.91s
43/72 distinct-512-replaceMatch SUCCESS 3.86s
44/72 colliding-512-validateCallbackMismatch SUCCESS 3.85s
45/72 distinct-512-cachedCallbackMismatch SUCCESS 3.86s
46/72 colliding-8-freshCallback SUCCESS 3.87s
47/72 distinct-8-validateCallbackMismatch SUCCESS 3.88s
48/72 distinct-64-get SUCCESS 3.87s
49/72 distinct-64-replaceMismatch SUCCESS 3.88s
50/72 distinct-64-freshCallback SUCCESS 3.85s
51/72 distinct-8-cachedCallbackMatch SUCCESS 3.87s
52/72 colliding-512-prepare SUCCESS 3.94s
53/72 distinct-64-validateCallbackMatch SUCCESS 3.86s
54/72 distinct-1-cachedCallbackMatch SUCCESS 3.88s
55/72 distinct-1-freshCallback SUCCESS 3.87s
56/72 colliding-64-get SUCCESS 3.87s
57/72 colliding-64-replaceMatch SUCCESS 3.89s
58/72 colliding-1-validateCallbackMatch SUCCESS 3.87s
59/72 colliding-512-replaceMatch SUCCESS 3.88s
60/72 colliding-8-replaceMismatch SUCCESS 3.88s
61/72 colliding-1-cachedCallbackMismatch SUCCESS 3.83s
62/72 distinct-64-cachedCallbackMatch SUCCESS 3.88s
63/72 distinct-8-get SUCCESS 3.88s
64/72 distinct-1-prepare SUCCESS 3.88s
65/72 colliding-1-prepare SUCCESS 3.86s
66/72 colliding-64-replaceMismatch SUCCESS 3.85s
67/72 colliding-8-get SUCCESS 3.87s
68/72 colliding-64-validateCallbackMatch SUCCESS 3.87s
69/72 distinct-1-cachedCallbackMismatch SUCCESS 3.85s
70/72 distinct-1-validateCallbackMismatch SUCCESS 3.86s
71/72 colliding-64-cachedCallbackMatch SUCCESS 3.87s
72/72 distinct-512-get SUCCESS 3.83s
{
  "denominator": 72,
  "partition": {
    "SUCCESS": 72
  },
  "wall_seconds": 278.10655429100734,
  "reused_or_retried_cells": 0,
  "retained_samples": 720,
  "end_utc": "2026-09-08T21:11:23.041881+00:00"
}
