Command: ['mvn', '-B', '-f', 'Implementation/Source Code/maven-root/mtsa/pom.xml', 'package', '-DskipTests', '-Djacoco.skip=true']
Apache Maven 3.9.16 (2bdd9fddda4b155ebf8000e807eb73fd829a51d5)
Maven home: /opt/homebrew/Cellar/maven/3.9.16/libexec
Java version: 17.0.19, vendor: Homebrew, runtime: /opt/homebrew/Cellar/openjdk@17/17.0.19/libexec/openjdk.jdk/Contents/Home
Default locale: en_JP, platform encoding: UTF-8
OS name: "mac os x", version: "15.7.9", arch: "aarch64", family: "mac"
[INFO] Scanning for projects...
[INFO] 
[INFO] -----------------------------< mtsa:mtsa >------------------------------
[INFO] Building mtsa 1.0-SNAPSHOT
[INFO]   from pom.xml
[INFO] --------------------------------[ jar ]---------------------------------
[WARNING] Parameter 'systemPropertyVariables' is unknown for plugin 'jacoco-maven-plugin:0.8.7:prepare-agent (default-prepare-agent)'
[WARNING] Parameter 'skipTests' is unknown for plugin 'jacoco-maven-plugin:0.8.7:prepare-agent (default-prepare-agent)'
[WARNING] Parameter 'systemPropertyVariables' is unknown for plugin 'jacoco-maven-plugin:0.8.7:report (report)'
[WARNING] Parameter 'skipTests' is unknown for plugin 'jacoco-maven-plugin:0.8.7:report (report)'
[WARNING] The artifact org.apache.commons:commons-io:jar:1.3.2 has been relocated to commons-io:commons-io:jar:1.3.2: https://issues.sonatype.org/browse/MVNCENTRAL-244
[INFO] 
[INFO] --- jacoco:0.8.7:prepare-agent (default-prepare-agent) @ mtsa ---
[INFO] Skipping JaCoCo execution because property jacoco.skip is set.
[INFO] argLine set to empty
[INFO] 
[INFO] --- resources:3.4.0:resources (default-resources) @ mtsa ---
[INFO] Copying 431 resources from src/main/resources to target/classes
[INFO] 
[INFO] --- compiler:3.5:compile (default-compile) @ mtsa ---
[INFO] Changes detected - recompiling the module!
[INFO] Compiling 980 source files to Implementation/Source Code/maven-root/mtsa/target/classes
[INFO] 
[INFO] --- resources:3.4.0:testResources (default-testResources) @ mtsa ---
[INFO] Copying 840 resources from src/test/resources to target/test-classes
[INFO] 
[INFO] --- compiler:3.5:testCompile (default-testCompile) @ mtsa ---
[INFO] Changes detected - recompiling the module!
[INFO] Compiling 158 source files to Implementation/Source Code/maven-root/mtsa/target/test-classes
[INFO] 
[INFO] --- surefire:2.21.0:test (default-test) @ mtsa ---
[INFO] Tests are skipped.
[INFO] 
[INFO] --- jacoco:0.8.7:report (report) @ mtsa ---
[INFO] Skipping JaCoCo execution because property jacoco.skip is set.
[INFO] 
[INFO] --- jar:3.5.0:jar (default-jar) @ mtsa ---
[INFO] Building jar: Implementation/Source Code/maven-root/mtsa/target/mtsa-1.0-SNAPSHOT.jar
[INFO] 
[INFO] --- shade:3.1.0:shade (default) @ mtsa ---
[INFO] Including org.gnu:jel:jar:2.0.1 in the shaded jar.
[INFO] Including commons-collections:commons-collections:jar:3.2 in the shaded jar.
[INFO] Including commons-lang:commons-lang:jar:2.2 in the shaded jar.
[INFO] Including net.sf.jung:jung-graph-impl:jar:2.0.1 in the shaded jar.
[INFO] Including net.sf.jung:jung-api:jar:2.0.1 in the shaded jar.
[INFO] Including net.sourceforge.collections:collections-generic:jar:4.01 in the shaded jar.
[INFO] Including junit:junit:jar:4.12 in the shaded jar.
[INFO] Including org.hamcrest:hamcrest-core:jar:1.3 in the shaded jar.
[INFO] Including com.sun.org.apache:jaxp-ri:jar:1.4 in the shaded jar.
[INFO] Including javax.xml.parsers:jaxp-api:jar:1.4 in the shaded jar.
[INFO] Including log4j:log4j:jar:1.2.17 in the shaded jar.
[INFO] Including com.google.zxing:javase:jar:2.2 in the shaded jar.
[INFO] Including com.google.zxing:core:jar:2.2 in the shaded jar.
[INFO] Including com.illposed.osc:javaosc-core:jar:0.2 in the shaded jar.
[INFO] Including org.scream3r:jssc:jar:2.8.0 in the shaded jar.
[INFO] Including jfree:jcommon:jar:1.0.16 in the shaded jar.
[INFO] Including com.google.guava:guava:jar:12.0.1 in the shaded jar.
[INFO] Including com.google.code.findbugs:jsr305:jar:1.3.9 in the shaded jar.
[INFO] Including net.sf.jung:jung-algorithms:jar:2.0.1 in the shaded jar.
[INFO] Including colt:colt:jar:1.2.0 in the shaded jar.
[INFO] Including concurrent:concurrent:jar:1.3.4 in the shaded jar.
[INFO] Including net.sf.jung:jung-visualization:jar:2.0.1 in the shaded jar.
[INFO] Including org.springframework:spring-beans:jar:4.3.10.RELEASE in the shaded jar.
[INFO] Including org.springframework:spring-context:jar:4.3.10.RELEASE in the shaded jar.
[INFO] Including org.springframework:spring-aop:jar:4.3.10.RELEASE in the shaded jar.
[INFO] Including org.springframework:spring-core:jar:4.3.10.RELEASE in the shaded jar.
[INFO] Including commons-logging:commons-logging:jar:1.2 in the shaded jar.
[INFO] Including org.springframework:spring-expression:jar:4.3.10.RELEASE in the shaded jar.
[INFO] Including com.jgoodies:forms:jar:1.2.1 in the shaded jar.
[INFO] Including org.freehep:freehep-graphics2d:jar:2.4 in the shaded jar.
[INFO] Including org.freehep:freehep-graphicsbase:jar:2.4 in the shaded jar.
[INFO] Including org.freehep:freehep-io:jar:2.2.2 in the shaded jar.
[INFO] Including org.freehep:freehep-graphicsio-pdf:jar:2.4 in the shaded jar.
[INFO] Including org.freehep:freehep-graphicsio:jar:2.4 in the shaded jar.
[INFO] Including org.freehep:freehep-graphicsio-tests:jar:2.4 in the shaded jar.
[INFO] Including org.freehep:freehep-graphicsio-ps:jar:2.4 in the shaded jar.
[INFO] Including org.freehep:freehep-graphicsio-svg:jar:2.4 in the shaded jar.
[INFO] Including jfree:jfreechart:jar:1.0.13 in the shaded jar.
[INFO] Including org.bytedeco:javacv:jar:1.4.2 in the shaded jar.
[INFO] Including org.bytedeco:javacpp:jar:1.4.2 in the shaded jar.
[INFO] Including org.bytedeco.javacpp-presets:opencv:jar:3.4.2-1.4.2 in the shaded jar.
[INFO] Including org.bytedeco.javacpp-presets:ffmpeg:jar:4.0.1-1.4.2 in the shaded jar.
[INFO] Including org.bytedeco.javacpp-presets:flycapture:jar:2.11.3.121-1.4.2 in the shaded jar.
[INFO] Including org.bytedeco.javacpp-presets:libdc1394:jar:2.2.5-1.4.2 in the shaded jar.
[INFO] Including org.bytedeco.javacpp-presets:libfreenect:jar:0.5.3-1.4.2 in the shaded jar.
[INFO] Including org.bytedeco.javacpp-presets:libfreenect2:jar:0.2.0-1.4.2 in the shaded jar.
[INFO] Including org.bytedeco.javacpp-presets:librealsense:jar:1.12.1-1.4.2 in the shaded jar.
[INFO] Including org.bytedeco.javacpp-presets:videoinput:jar:0.200-1.4.2 in the shaded jar.
[INFO] Including org.bytedeco.javacpp-presets:artoolkitplus:jar:2.3.1-1.4.2 in the shaded jar.
[INFO] Including org.bytedeco.javacpp-presets:flandmark:jar:1.07-1.4.2 in the shaded jar.
[INFO] Including org.bytedeco.javacpp-presets:leptonica:jar:1.76.0-1.4.2 in the shaded jar.
[INFO] Including org.bytedeco.javacpp-presets:tesseract:jar:4.0.0-beta.3-1.4.2 in the shaded jar.
[INFO] Including org.bytedeco.javacpp-presets:opencv-platform:jar:3.4.2-1.4.2 in the shaded jar.
[INFO] Including org.bytedeco.javacpp-presets:opencv:jar:android-arm:3.4.2-1.4.2 in the shaded jar.
[INFO] Including org.bytedeco.javacpp-presets:opencv:jar:android-arm64:3.4.2-1.4.2 in the shaded jar.
[INFO] Including org.bytedeco.javacpp-presets:opencv:jar:android-x86:3.4.2-1.4.2 in the shaded jar.
[INFO] Including org.bytedeco.javacpp-presets:opencv:jar:android-x86_64:3.4.2-1.4.2 in the shaded jar.
[INFO] Including org.bytedeco.javacpp-presets:opencv:jar:ios-arm64:3.4.2-1.4.2 in the shaded jar.
[INFO] Including org.bytedeco.javacpp-presets:opencv:jar:ios-x86_64:3.4.2-1.4.2 in the shaded jar.
[INFO] Including org.bytedeco.javacpp-presets:opencv:jar:linux-x86:3.4.2-1.4.2 in the shaded jar.
[INFO] Including org.bytedeco.javacpp-presets:opencv:jar:linux-x86_64:3.4.2-1.4.2 in the shaded jar.
[INFO] Including org.bytedeco.javacpp-presets:opencv:jar:linux-armhf:3.4.2-1.4.2 in the shaded jar.
[INFO] Including org.bytedeco.javacpp-presets:opencv:jar:linux-ppc64le:3.4.2-1.4.2 in the shaded jar.
[INFO] Including org.bytedeco.javacpp-presets:opencv:jar:macosx-x86_64:3.4.2-1.4.2 in the shaded jar.
[INFO] Including org.bytedeco.javacpp-presets:opencv:jar:windows-x86:3.4.2-1.4.2 in the shaded jar.
[INFO] Including org.bytedeco.javacpp-presets:opencv:jar:windows-x86_64:3.4.2-1.4.2 in the shaded jar.
[INFO] Including org.bytedeco.javacpp-presets:ffmpeg-platform:jar:4.0.1-1.4.2 in the shaded jar.
[INFO] Including org.bytedeco.javacpp-presets:ffmpeg:jar:android-arm:4.0.1-1.4.2 in the shaded jar.
[INFO] Including org.bytedeco.javacpp-presets:ffmpeg:jar:android-arm64:4.0.1-1.4.2 in the shaded jar.
[INFO] Including org.bytedeco.javacpp-presets:ffmpeg:jar:android-x86:4.0.1-1.4.2 in the shaded jar.
[INFO] Including org.bytedeco.javacpp-presets:ffmpeg:jar:android-x86_64:4.0.1-1.4.2 in the shaded jar.
[INFO] Including org.bytedeco.javacpp-presets:ffmpeg:jar:linux-x86:4.0.1-1.4.2 in the shaded jar.
[INFO] Including org.bytedeco.javacpp-presets:ffmpeg:jar:linux-x86_64:4.0.1-1.4.2 in the shaded jar.
[INFO] Including org.bytedeco.javacpp-presets:ffmpeg:jar:linux-armhf:4.0.1-1.4.2 in the shaded jar.
[INFO] Including org.bytedeco.javacpp-presets:ffmpeg:jar:linux-ppc64le:4.0.1-1.4.2 in the shaded jar.
[INFO] Including org.bytedeco.javacpp-presets:ffmpeg:jar:macosx-x86_64:4.0.1-1.4.2 in the shaded jar.
[INFO] Including org.bytedeco.javacpp-presets:ffmpeg:jar:windows-x86:4.0.1-1.4.2 in the shaded jar.
[INFO] Including org.bytedeco.javacpp-presets:ffmpeg:jar:windows-x86_64:4.0.1-1.4.2 in the shaded jar.
[INFO] Including net.java.dev.swing-layout:swing-layout:jar:1.0.2 in the shaded jar.
[INFO] Including com.googlecode.javacpp:javacpp:jar:0.7 in the shaded jar.
[INFO] Including org.testng:testng:jar:6.11 in the shaded jar.
[INFO] Including com.beust:jcommander:jar:1.64 in the shaded jar.
[INFO] Including org.yaml:snakeyaml:jar:1.17 in the shaded jar.
[INFO] Including com.googlecode.json-simple:json-simple:jar:1.1.1 in the shaded jar.
[INFO] Including commons-io:commons-io:jar:1.3.2 in the shaded jar.
[INFO] Including org.apache.maven.plugins:maven-surefire-report-plugin:jar:2.20.1 in the shaded jar.
[INFO] Including org.apache.maven:maven-project:jar:2.2.1 in the shaded jar.
[INFO] Including org.apache.maven:maven-settings:jar:2.2.1 in the shaded jar.
[INFO] Including org.apache.maven:maven-profile:jar:2.2.1 in the shaded jar.
[INFO] Including org.apache.maven:maven-artifact-manager:jar:2.2.1 in the shaded jar.
[INFO] Including org.apache.maven:maven-repository-metadata:jar:2.2.1 in the shaded jar.
[INFO] Including org.apache.maven.wagon:wagon-provider-api:jar:1.0-beta-6 in the shaded jar.
[INFO] Including backport-util-concurrent:backport-util-concurrent:jar:3.1 in the shaded jar.
[INFO] Including org.apache.maven:maven-plugin-registry:jar:2.2.1 in the shaded jar.
[INFO] Including org.codehaus.plexus:plexus-interpolation:jar:1.11 in the shaded jar.
[INFO] Including org.apache.maven:maven-artifact:jar:2.2.1 in the shaded jar.
[INFO] Including org.codehaus.plexus:plexus-container-default:jar:1.0-alpha-9-stable-1 in the shaded jar.
[INFO] Including classworlds:classworlds:jar:1.1-alpha-2 in the shaded jar.
[INFO] Including org.apache.maven:maven-model:jar:2.2.1 in the shaded jar.
[INFO] Including org.apache.maven:maven-plugin-api:jar:2.2.1 in the shaded jar.
[INFO] Including org.apache.maven.plugin-tools:maven-plugin-annotations:jar:3.3 in the shaded jar.
[INFO] Including org.apache.maven.surefire:surefire-report-parser:jar:2.20.1 in the shaded jar.
[INFO] Including org.apache.maven.surefire:surefire-logger-api:jar:2.20.1 in the shaded jar.
[INFO] Including org.apache.maven.reporting:maven-reporting-api:jar:3.0 in the shaded jar.
[INFO] Including org.apache.maven.reporting:maven-reporting-impl:jar:2.4 in the shaded jar.
[INFO] Including org.apache.maven.shared:maven-shared-utils:jar:0.6 in the shaded jar.
[INFO] Including org.apache.maven.doxia:doxia-sink-api:jar:1.6 in the shaded jar.
[INFO] Including org.apache.maven.doxia:doxia-core:jar:1.6 in the shaded jar.
[INFO] Including xerces:xercesImpl:jar:2.9.1 in the shaded jar.
[INFO] Including xml-apis:xml-apis:jar:1.3.04 in the shaded jar.
[INFO] Including org.apache.httpcomponents:httpclient:jar:4.0.2 in the shaded jar.
[INFO] Including commons-codec:commons-codec:jar:1.3 in the shaded jar.
[INFO] Including org.apache.httpcomponents:httpcore:jar:4.0.1 in the shaded jar.
[INFO] Including xmlunit:xmlunit:jar:1.5 in the shaded jar.
[INFO] Including commons-validator:commons-validator:jar:1.4.1 in the shaded jar.
[INFO] Including commons-beanutils:commons-beanutils:jar:1.8.3 in the shaded jar.
[INFO] Including commons-digester:commons-digester:jar:1.8.1 in the shaded jar.
[INFO] Including org.apache.maven.doxia:doxia-site-renderer:jar:1.6 in the shaded jar.
[INFO] Including org.apache.maven.doxia:doxia-logging-api:jar:1.6 in the shaded jar.
[INFO] Including org.apache.maven.doxia:doxia-decoration-model:jar:1.6 in the shaded jar.
[INFO] Including org.apache.maven.doxia:doxia-module-xhtml:jar:1.6 in the shaded jar.
[INFO] Including org.apache.maven.doxia:doxia-module-fml:jar:1.6 in the shaded jar.
[INFO] Including org.codehaus.plexus:plexus-i18n:jar:1.0-beta-7 in the shaded jar.
[INFO] Including org.codehaus.plexus:plexus-velocity:jar:1.1.7 in the shaded jar.
[INFO] Including org.apache.velocity:velocity:jar:1.5 in the shaded jar.
[INFO] Including oro:oro:jar:2.0.8 in the shaded jar.
[INFO] Including org.apache.velocity:velocity-tools:jar:2.0 in the shaded jar.
[INFO] Including commons-chain:commons-chain:jar:1.1 in the shaded jar.
[INFO] Including dom4j:dom4j:jar:1.1 in the shaded jar.
[INFO] Including sslext:sslext:jar:1.2-0 in the shaded jar.
[INFO] Including org.apache.struts:struts-core:jar:1.3.8 in the shaded jar.
[INFO] Including antlr:antlr:jar:2.7.2 in the shaded jar.
[INFO] Including org.apache.struts:struts-taglib:jar:1.3.8 in the shaded jar.
[INFO] Including org.apache.struts:struts-tiles:jar:1.3.8 in the shaded jar.
[INFO] Including org.codehaus.plexus:plexus-component-annotations:jar:1.5.5 in the shaded jar.
[INFO] Including org.codehaus.plexus:plexus-utils:jar:3.0.15 in the shaded jar.
[INFO] Including org.javatuples:javatuples:jar:1.2 in the shaded jar.
[INFO] Including org.jgrapht:jgrapht-core:jar:1.5.2 in the shaded jar.
[INFO] Including org.jheaps:jheaps:jar:0.14 in the shaded jar.
[INFO] Including org.apfloat:apfloat:jar:1.10.1 in the shaded jar.
[INFO] Including it.unimi.dsi:fastutil:jar:8.5.12 in the shaded jar.
[INFO] Including jadrone:jadrone:jar:0.32 in the shaded jar.
[INFO] Including pccomm:pccomm:jar:0.1 in the shaded jar.
[INFO] Including jgraphx:jgraphx:jar:0.1 in the shaded jar.
[INFO] Including com.microsoft:z3:jar:1.0 in the shaded jar.
[INFO] Including synoptic:synoptic:jar:1.0 in the shaded jar.
[INFO] Including jargs:jargs:jar:1.0 in the shaded jar.
[INFO] Including javacv:javacv:jar:1.0 in the shaded jar.
[INFO] Including lejos:nxt:jar:1.0 in the shaded jar.
[INFO] Including ev3classes:ev3classes:jar:0.1 in the shaded jar.
[INFO] Including uk.ac.ic:SceneBeans:jar:1.0.0 in the shaded jar.
[INFO] Including de.devoxx4kids:dronecontroller:jar:0.2.0 in the shaded jar.
[INFO] Including com.fasterxml.jackson.core:jackson-databind:jar:2.7.3 in the shaded jar.
[INFO] Including com.fasterxml.jackson.core:jackson-annotations:jar:2.7.0 in the shaded jar.
[INFO] Including com.fasterxml.jackson.core:jackson-core:jar:2.7.3 in the shaded jar.
[INFO] Including org.slf4j:slf4j-api:jar:1.7.19 in the shaded jar.
[INFO] Including org.apache.logging.log4j:log4j-core:jar:2.5 in the shaded jar.
[INFO] Including org.apache.logging.log4j:log4j-api:jar:2.5 in the shaded jar.
[INFO] Including org.apache.logging.log4j:log4j-slf4j-impl:jar:2.5 in the shaded jar.
[INFO] Including org.openpnp:opencv:jar:3.2.0-1 in the shaded jar.
[INFO] Including com.microsoft.onnxruntime:onnxruntime:jar:1.10.0 in the shaded jar.
[WARNING] Discovered module-info.class. Shading will break its strong encapsulation.
[WARNING] jaxp-api-1.4.jar, xml-apis-1.3.04.jar define 235 overlapping classes: 
[WARNING]   - org.w3c.dom.css.CSSValueList
[WARNING]   - org.w3c.dom.ProcessingInstruction
[WARNING]   - javax.xml.validation.SecuritySupport$6
[WARNING]   - javax.xml.transform.SecuritySupport$3
[WARNING]   - org.w3c.dom.Entity
[WARNING]   - org.w3c.dom.ls.LSParserFilter
[WARNING]   - javax.xml.transform.dom.DOMResult
[WARNING]   - javax.xml.transform.OutputKeys
[WARNING]   - org.w3c.dom.bootstrap.DOMImplementationRegistry
[WARNING]   - org.w3c.dom.bootstrap.DOMImplementationRegistry$1
[WARNING]   - 225 more...
[WARNING] maven-reporting-api-3.0.jar, maven-reporting-impl-2.4.jar define 1 overlapping classes: 
[WARNING]   - org.apache.maven.reporting.MavenMultiPageReport
[WARNING] pccomm-0.1.jar, nxt-1.0.jar define 141 overlapping classes: 
[WARNING]   - lejos.nxt.addon.NXTLineLeader
[WARNING]   - lejos.nxt.addon.DIMUGyro$Axis
[WARNING]   - lejos.nxt.addon.ColorHTSensor
[WARNING]   - lejos.nxt.addon.TouchMUX$MuxTouchSensor
[WARNING]   - lejos.nxt.addon.RFIDSensor
[WARNING]   - lejos.geom.Rectangle
[WARNING]   - lejos.nxt.addon.DIMUAccel$AccelUnits
[WARNING]   - lejos.nxt.remote.InputValues
[WARNING]   - lejos.nxt.rcxcomm.PacketHandler
[WARNING]   - lejos.nxt.addon.MMXRegulatedMotor$TachoStatusMonitor
[WARNING]   - 131 more...
[WARNING] jaxp-api-1.4.jar, nxt-1.0.jar define 21 overlapping classes: 
[WARNING]   - javax.xml.stream.XMLEventReader
[WARNING]   - javax.xml.stream.events.Namespace
[WARNING]   - javax.xml.stream.events.NotationDeclaration
[WARNING]   - javax.xml.stream.StreamFilter
[WARNING]   - javax.xml.stream.events.XMLEvent
[WARNING]   - javax.xml.stream.events.StartDocument
[WARNING]   - javax.xml.stream.events.StartElement
[WARNING]   - javax.xml.stream.events.EndDocument
[WARNING]   - javax.xml.stream.XMLStreamReader
[WARNING]   - javax.xml.stream.XMLStreamConstants
[WARNING]   - 11 more...
[WARNING] mtsa-1.0-SNAPSHOT.jar, SceneBeans-1.0.0.jar define 7 overlapping classes: 
[WARNING]   - uk.ac.ic.doc.scenebeans.animation.parse.XMLAnimationParser$ForallParser
[WARNING]   - uk.ac.ic.doc.scenebeans.animation.parse.XMLAnimationParser$3
[WARNING]   - uk.ac.ic.doc.scenebeans.animation.parse.XMLAnimationParser
[WARNING]   - uk.ac.ic.doc.scenebeans.animation.parse.XMLAnimationParser$2
[WARNING]   - uk.ac.ic.doc.scenebeans.animation.parse.XMLAnimationParser$1
[WARNING]   - uk.ac.ic.doc.scenebeans.animation.parse.XMLAnimationParser$5
[WARNING]   - uk.ac.ic.doc.scenebeans.animation.parse.XMLAnimationParser$4
[WARNING] commons-beanutils-1.8.3.jar, commons-collections-3.2.jar define 10 overlapping classes: 
[WARNING]   - org.apache.commons.collections.FastHashMap$EntrySet
[WARNING]   - org.apache.commons.collections.FastHashMap$KeySet
[WARNING]   - org.apache.commons.collections.FastHashMap$CollectionView$CollectionViewIterator
[WARNING]   - org.apache.commons.collections.ArrayStack
[WARNING]   - org.apache.commons.collections.FastHashMap$Values
[WARNING]   - org.apache.commons.collections.FastHashMap$CollectionView
[WARNING]   - org.apache.commons.collections.FastHashMap$1
[WARNING]   - org.apache.commons.collections.Buffer
[WARNING]   - org.apache.commons.collections.FastHashMap
[WARNING]   - org.apache.commons.collections.BufferUnderflowException
[WARNING] jaxp-api-1.4.jar, xml-apis-1.3.04.jar, nxt-1.0.jar define 2 overlapping classes: 
[WARNING]   - javax.xml.namespace.NamespaceContext
[WARNING]   - javax.xml.namespace.QName
[WARNING] opencv-3.4.2-1.4.2.jar, opencv-3.2.0-1.jar define 106 overlapping classes: 
[WARNING]   - org.opencv.features2d.FastFeatureDetector
[WARNING]   - org.opencv.video.Video
[WARNING]   - org.opencv.core.KeyPoint
[WARNING]   - org.opencv.core.MatOfFloat6
[WARNING]   - org.opencv.objdetect.CascadeClassifier
[WARNING]   - org.opencv.core.Size
[WARNING]   - org.opencv.photo.MergeMertens
[WARNING]   - org.opencv.imgproc.LineSegmentDetector
[WARNING]   - org.opencv.features2d.KAZE
[WARNING]   - org.opencv.core.Mat
[WARNING]   - 96 more...
[WARNING] ev3classes-0.1.jar, pccomm-0.1.jar, nxt-1.0.jar define 99 overlapping classes: 
[WARNING]   - lejos.robotics.localization.MCLPoseProvider
[WARNING]   - lejos.robotics.mapping.RangeMap
[WARNING]   - lejos.robotics.navigation.CompassPilot
[WARNING]   - lejos.robotics.navigation.SteeringPilot
[WARNING]   - lejos.robotics.mapping.LineMap
[WARNING]   - lejos.robotics.Servo
[WARNING]   - lejos.robotics.FixedRangeScanner
[WARNING]   - lejos.robotics.localization.MCLPoseProvider$Updater
[WARNING]   - lejos.robotics.mapping.ShapefileLoader
[WARNING]   - lejos.robotics.navigation.CompassPilot$Regulator
[WARNING]   - 89 more...
[WARNING] maven-shade-plugin has detected that some class files are
[WARNING] present in two or more JARs. When this happens, only one
[WARNING] single version of the class is copied to the uber jar.
[WARNING] Usually this is not harmful and you can skip these warnings,
[WARNING] otherwise try to manually exclude artifacts based on
[WARNING] mvn dependency:tree -Ddetail=true and the above output.
[WARNING] See http://maven.apache.org/plugins/maven-shade-plugin/
[INFO] Replacing original artifact with shaded artifact.
[INFO] Replacing Implementation/Source Code/maven-root/mtsa/target/mtsa-1.0-SNAPSHOT.jar with Implementation/Source Code/maven-root/mtsa/target/mtsa-1.0-SNAPSHOT-shaded.jar
[INFO] Dependency-reduced POM written at: Implementation/Source Code/maven-root/mtsa/dependency-reduced-pom.xml
[WARNING] The artifact org.apache.commons:commons-io:jar:1.3.2 has been relocated to commons-io:commons-io:jar:1.3.2: https://issues.sonatype.org/browse/MVNCENTRAL-244
[INFO] ------------------------------------------------------------------------
[INFO] BUILD SUCCESS
[INFO] ------------------------------------------------------------------------
[INFO] Total time:  59.712 s
[INFO] Finished at: 2026-09-14T16:21:29+09:00
[INFO] ------------------------------------------------------------------------

EXIT_CODE=0
ELAPSED_SECONDS=60.80109537499811
