acl	2.3.2-1build1.1
adduser	3.137ubuntu1
apt	2.8.3
base-files	13ubuntu10.4
base-passwd	3.6.3build1
bash	5.2.21-2ubuntu4
bc	1.07.1-3ubuntu4
binutils	2.42-4ubuntu2.10
binutils-aarch64-linux-gnu	2.42-4ubuntu2.10
binutils-common:arm64	2.42-4ubuntu2.10
bison	2:3.8.2+dfsg-1build2
bsdutils	1:2.39.3-9ubuntu6.6
build-essential	12.10ubuntu1
bzip2	1.0.8-5.1ubuntu0.1
ca-certificates	20260601~24.04.1
coreutils	9.4-3ubuntu6.3
cpio	2.15+dfsg-1ubuntu2.1
cpp	4:13.2.0-7ubuntu1
cpp-13	13.3.0-6ubuntu2~24.04.1
cpp-13-aarch64-linux-gnu	13.3.0-6ubuntu2~24.04.1
cpp-aarch64-linux-gnu	4:13.2.0-7ubuntu1
dash	0.5.12-6ubuntu5
debconf	1.5.86ubuntu1
debianutils	5.17build1
diffutils	1:3.10-1ubuntu0.1
dpkg	1.22.6ubuntu6.6
dpkg-dev	1.22.6ubuntu6.6
e2fsprogs	1.47.0-2.4~exp1ubuntu4.1
findutils	4.9.0-5build1
flex	2.6.4-8.2build1
g++	4:13.2.0-7ubuntu1
g++-13	13.3.0-6ubuntu2~24.04.1
g++-13-aarch64-linux-gnu	13.3.0-6ubuntu2~24.04.1
g++-aarch64-linux-gnu	4:13.2.0-7ubuntu1
gcc	4:13.2.0-7ubuntu1
gcc-13	13.3.0-6ubuntu2~24.04.1
gcc-13-aarch64-linux-gnu	13.3.0-6ubuntu2~24.04.1
gcc-13-base:arm64	13.3.0-6ubuntu2~24.04.1
gcc-14-base:arm64	14.2.0-4ubuntu2~24.04.1
gcc-aarch64-linux-gnu	4:13.2.0-7ubuntu1
git	1:2.43.0-1ubuntu7.3
git-man	1:2.43.0-1ubuntu7.3
gpgv	2.4.4-2ubuntu17.6
grep	3.11-4build1
gzip	1.12-1ubuntu3.2
hostname	3.23+nmu2ubuntu2
init-system-helpers	1.66ubuntu1
kmod	31+20240202-2ubuntu7.2
libacl1:arm64	2.3.2-1build1.1
libaio1t64:arm64	0.3.113-6build1.1
libapt-pkg6.0t64:arm64	2.8.3
libasan8:arm64	14.2.0-4ubuntu2~24.04.1
libasound2-data	1.2.11-1ubuntu0.3
libasound2t64:arm64	1.2.11-1ubuntu0.3
libassuan0:arm64	2.5.6-1build1
libatomic1:arm64	14.2.0-4ubuntu2~24.04.1
libattr1:arm64	1:2.5.2-1ubuntu0.1
libaudit-common	1:3.1.2-2.1build1.1
libaudit1:arm64	1:3.1.2-2.1build1.1
libbinutils:arm64	2.42-4ubuntu2.10
libblkid1:arm64	2.39.3-9ubuntu6.6
libbpf1:arm64	1:1.3.0-2build2
libbrlapi0.8:arm64	6.6-4ubuntu5
libbrotli1:arm64	1.1.0-2build2
libbz2-1.0:arm64	1.0.8-5.1ubuntu0.1
libc-bin	2.39-0ubuntu8.9
libc-dev-bin	2.39-0ubuntu8.9
libc6:arm64	2.39-0ubuntu8.9
libc6-dev:arm64	2.39-0ubuntu8.9
libcacard0:arm64	1:2.8.0-3build4
libcap-ng0:arm64	0.8.4-2build2
libcap2:arm64	1:2.66-5ubuntu2.4
libcc1-0:arm64	14.2.0-4ubuntu2~24.04.1
libcom-err2:arm64	1.47.0-2.4~exp1ubuntu4.1
libcrypt-dev:arm64	1:4.4.36-4build1
libcrypt1:arm64	1:4.4.36-4build1
libctf-nobfd0:arm64	2.42-4ubuntu2.10
libctf0:arm64	2.42-4ubuntu2.10
libcurl3t64-gnutls:arm64	8.5.0-2ubuntu10.13
libdaxctl1:arm64	77-2ubuntu2
libdb5.3t64:arm64	5.3.28+dfsg2-7
libdebconfclient0:arm64	0.271ubuntu3
libdpkg-perl	1.22.6ubuntu6.6
libelf-dev:arm64	0.190-1.1ubuntu0.1
libelf1t64:arm64	0.190-1.1ubuntu0.1
liberror-perl	0.17029-2
libexpat1:arm64	2.6.1-2ubuntu0.4
libext2fs2t64:arm64	1.47.0-2.4~exp1ubuntu4.1
libfdt1:arm64	1.7.0-2build1
libffi8:arm64	3.4.6-1build1
libfuse3-3:arm64	3.14.0-5build1
libgcc-13-dev:arm64	13.3.0-6ubuntu2~24.04.1
libgcc-s1:arm64	14.2.0-4ubuntu2~24.04.1
libgcrypt20:arm64	1.10.3-2ubuntu0.2
libgdbm-compat4t64:arm64	1.23-5.1build1
libgdbm6t64:arm64	1.23-5.1build1
libglib2.0-0t64:arm64	2.80.0-6ubuntu3.8
libgmp10:arm64	2:6.3.0+dfsg-2ubuntu6.1
libgnutls30t64:arm64	3.8.3-1.1ubuntu3.6
libgomp1:arm64	14.2.0-4ubuntu2~24.04.1
libgpg-error0:arm64	1.47-3build2.1
libgprofng0:arm64	2.42-4ubuntu2.10
libgssapi-krb5-2:arm64	1.20.1-6ubuntu2.8
libhogweed6t64:arm64	3.9.1-2.2build1.1
libhwasan0:arm64	14.2.0-4ubuntu2~24.04.1
libibverbs1:arm64	50.0-2ubuntu0.2
libidn2-0:arm64	2.3.7-2build1.1
libisl23:arm64	0.26-3build1.1
libitm1:arm64	14.2.0-4ubuntu2~24.04.1
libjansson4:arm64	2.14-2build2
libjpeg-turbo8:arm64	2.1.5-2ubuntu2
libjpeg8:arm64	8c-2ubuntu11
libk5crypto3:arm64	1.20.1-6ubuntu2.8
libkeyutils1:arm64	1.6.3-3build1
libkmod2:arm64	31+20240202-2ubuntu7.2
libkrb5-3:arm64	1.20.1-6ubuntu2.8
libkrb5support0:arm64	1.20.1-6ubuntu2.8
libldap2:arm64	2.6.10+dfsg-0ubuntu0.24.04.1
liblsan0:arm64	14.2.0-4ubuntu2~24.04.1
liblz4-1:arm64	1.9.4-1build1.1
liblzma5:arm64	5.6.1+really5.4.5-1ubuntu0.3
libmd0:arm64	1.1.0-2build1.1
libmount1:arm64	2.39.3-9ubuntu6.6
libmpc3:arm64	1.3.1-1build1.1
libmpfr6:arm64	4.2.1-1build1.1
libncursesw6:arm64	6.4+20240113-1ubuntu2.2
libndctl6:arm64	77-2ubuntu2
libnettle8t64:arm64	3.9.1-2.2build1.1
libnghttp2-14:arm64	1.59.0-1ubuntu0.4
libnl-3-200:arm64	3.7.0-0.3build1.1
libnl-route-3-200:arm64	3.7.0-0.3build1.1
libnpth0t64:arm64	1.6-3.1build1
libnspr4:arm64	2:4.35-1.1build1
libnss3:arm64	2:3.98-1ubuntu0.2
libnuma1:arm64	2.0.18-1ubuntu0.24.04.1
libp11-kit0:arm64	0.25.3-4ubuntu2.2
libpam-modules:arm64	1.5.3-5ubuntu5.7
libpam-modules-bin	1.5.3-5ubuntu5.7
libpam-runtime	1.5.3-5ubuntu5.7
libpam0g:arm64	1.5.3-5ubuntu5.7
libpcre2-8-0:arm64	10.42-4ubuntu2.1
libpcsclite1:arm64	2.0.3-1build1
libperl5.38t64:arm64	5.38.2-3.2ubuntu0.4
libpixman-1-0:arm64	0.42.2-1build1
libpmem1:arm64	1.13.1-1.1ubuntu2
libpng16-16t64:arm64	1.6.43-5ubuntu0.6
libpopt0:arm64	1.19+dfsg-1build1
libproc2-0:arm64	2:4.0.4-4ubuntu3.3
libpsl5t64:arm64	0.21.2-1.1build1
libpython3-stdlib:arm64	3.12.3-0ubuntu2.1
libpython3.12-minimal:arm64	3.12.3-1ubuntu0.17
libpython3.12-stdlib:arm64	3.12.3-1ubuntu0.17
librdmacm1t64:arm64	50.0-2ubuntu0.2
libreadline8t64:arm64	8.2-4build1
librtmp1:arm64	2.4+20151223.gitfa8646d.1-2build7
libsasl2-2:arm64	2.1.28+dfsg1-5ubuntu3.1
libsasl2-modules-db:arm64	2.1.28+dfsg1-5ubuntu3.1
libseccomp2:arm64	2.5.5-1ubuntu3.1
libselinux1:arm64	3.5-2ubuntu2.1
libsemanage-common	3.5-1build5
libsemanage2:arm64	3.5-1build5
libsepol2:arm64	3.5-2build1
libsframe1:arm64	2.42-4ubuntu2.10
libslirp0:arm64	4.7.0-1ubuntu3.1
libsmartcols1:arm64	2.39.3-9ubuntu6.6
libsqlite3-0:arm64	3.45.1-1ubuntu2.7
libss2:arm64	1.47.0-2.4~exp1ubuntu4.1
libssh-4:arm64	0.10.6-2ubuntu0.5
libssl-dev:arm64	3.0.13-0ubuntu3.15
libssl3t64:arm64	3.0.13-0ubuntu3.15
libstdc++-13-dev:arm64	13.3.0-6ubuntu2~24.04.1
libstdc++6:arm64	14.2.0-4ubuntu2~24.04.1
libsystemd0:arm64	255.4-1ubuntu8.17
libtasn1-6:arm64	4.19.0-3ubuntu0.24.04.2
libtinfo6:arm64	6.4+20240113-1ubuntu2.2
libtsan2:arm64	14.2.0-4ubuntu2~24.04.1
libubsan1:arm64	14.2.0-4ubuntu2~24.04.1
libudev1:arm64	255.4-1ubuntu8.17
libunistring5:arm64	1.1-2build1.1
liburing2:arm64	2.5-1build1
libusb-1.0-0:arm64	2:1.0.27-1
libusbredirparser1t64:arm64	0.13.0-2.1build1
libuuid1:arm64	2.39.3-9ubuntu6.6
libxxhash0:arm64	0.8.2-2build1
libzstd-dev:arm64	1.5.5+dfsg2-2build1.1
libzstd1:arm64	1.5.5+dfsg2-2build1.1
linux-libc-dev:arm64	6.8.0-139.139
login	1:4.13+dfsg1-4ubuntu3.2
logsave	1.47.0-2.4~exp1ubuntu4.1
lto-disabled-list	47
m4	1.4.19-4build1
make	4.3-4.1build2
mawk	1.3.4.20240123-1build1
media-types	10.1.0
mount	2.39.3-9ubuntu6.6
ncurses-base	6.4+20240113-1ubuntu2.2
ncurses-bin	6.4+20240113-1ubuntu2.2
netbase	6.4
openssl	3.0.13-0ubuntu3.15
passwd	1:4.13+dfsg1-4ubuntu3.2
patch	2.7.6-7build3
perl	5.38.2-3.2ubuntu0.4
perl-base	5.38.2-3.2ubuntu0.4
perl-modules-5.38	5.38.2-3.2ubuntu0.4
procps	2:4.0.4-4ubuntu3.3
python3	3.12.3-0ubuntu2.1
python3-minimal	3.12.3-0ubuntu2.1
python3.12	3.12.3-1ubuntu0.17
python3.12-minimal	3.12.3-1ubuntu0.17
qemu-system-arm	1:8.2.2+ds-0ubuntu1.18
qemu-system-common	1:8.2.2+ds-0ubuntu1.18
qemu-system-data	1:8.2.2+ds-0ubuntu1.18
readline-common	8.2-4build1
rpcsvc-proto	1.4.2-0ubuntu7
rsync	3.2.7-1ubuntu1.5
sed	4.9-2ubuntu0.24.04.1
sensible-utils	0.0.22
sysvinit-utils	3.08-6ubuntu3
tar	1.35+dfsg-3ubuntu0.4
tzdata	2026c-0ubuntu0.24.04.1
ubuntu-keyring	2023.11.28.1
unminimize	0.2.1
util-linux	2.39.3-9ubuntu6.6
xz-utils	5.6.1+really5.4.5-1ubuntu0.3
zlib1g:arm64	1:1.3.dfsg-3.1ubuntu2.2
zlib1g-dev:arm64	1:1.3.dfsg-3.1ubuntu2.2
