Command: ['python3', 'Implementation/Experiment/FSE2027/scripts/run_experiment.py', '--config', 'FSE2027_SUBMISSION_20260914/experiments/semantic_revision_20260914/rq1/raw/config.json', '--run-id', 'raw']
[1/92] RUN semantic_unsafe_uncontrollable__declaration_order__base__rep01__direct_full
  status=UNREALIZABLE time=0.777583s peak_rss_kib=95456
[2/92] RUN semantic_unsafe_uncontrollable__declaration_order__base__rep01__fg_ducs_otf
  status=UNREALIZABLE time=0.704815s peak_rss_kib=97840
[3/92] RUN semantic_multi_q0_one_losing__declaration_order__base__rep01__fg_ducs_otf
  status=UNREALIZABLE time=0.706184s peak_rss_kib=91504
[4/92] RUN semantic_multi_q0_one_losing__declaration_order__base__rep01__direct_full
  status=UNREALIZABLE time=0.707163s peak_rss_kib=92864
[5/92] RUN semantic_multi_q0_one_losing__action_rename__base__rep01__fg_ducs_otf
  status=UNREALIZABLE time=0.702429s peak_rss_kib=94624
[6/92] RUN semantic_multi_q0_one_losing__action_rename__base__rep01__direct_full
  status=UNREALIZABLE time=0.711853s peak_rss_kib=98192
[7/92] RUN semantic_unloadable_endpoint__declaration_order__base__rep01__direct_full
  status=UNREALIZABLE time=0.711094s peak_rss_kib=97136
[8/92] RUN semantic_unloadable_endpoint__declaration_order__base__rep01__fg_ducs_otf
  status=UNREALIZABLE time=0.704813s peak_rss_kib=94160
[9/92] RUN semantic_precedence_chain__declaration_order__base__rep01__direct_full
  status=SUCCESS time=0.705359s peak_rss_kib=91936
[10/92] RUN semantic_precedence_chain__declaration_order__base__rep01__fg_ducs_otf
  status=SUCCESS time=0.711745s peak_rss_kib=92256
[11/92] RUN semantic_nondeterministic_transfer__action_rename__base__rep01__direct_full
  status=SUCCESS time=0.711612s peak_rss_kib=91584
[12/92] RUN semantic_nondeterministic_transfer__action_rename__base__rep01__fg_ducs_otf
  status=SUCCESS time=0.705794s peak_rss_kib=91440
[13/92] RUN semantic_unloadable_endpoint__identity__base__rep01__fg_ducs_otf
  status=UNREALIZABLE time=0.712543s peak_rss_kib=98288
[14/92] RUN semantic_unloadable_endpoint__identity__base__rep01__direct_full
  status=UNREALIZABLE time=0.709043s peak_rss_kib=95440
[15/92] RUN contract_new_endpoint_deadlock__base__rep01__fg_ducs_otf
  status=INVALID_INPUT time=0.652916s peak_rss_kib=88032
[16/92] RUN contract_new_endpoint_deadlock__base__rep01__direct_full
  status=INVALID_INPUT time=0.655925s peak_rss_kib=85136
[17/92] RUN semantic_controllable_prefix__declaration_order__base__rep01__direct_full
  status=SUCCESS time=0.711672s peak_rss_kib=92704
[18/92] RUN semantic_controllable_prefix__declaration_order__base__rep01__fg_ducs_otf
  status=SUCCESS time=0.714073s peak_rss_kib=93536
[19/92] RUN semantic_winning__unreachable_declaration__base__rep01__direct_full
  status=SUCCESS time=0.696266s peak_rss_kib=91952
[20/92] RUN semantic_winning__unreachable_declaration__base__rep01__fg_ducs_otf
  status=SUCCESS time=0.714183s peak_rss_kib=91136
[21/92] RUN semantic_nondeterministic_one_bad__unreachable_declaration__base__rep01__direct_full
  status=UNREALIZABLE time=0.717727s peak_rss_kib=96000
[22/92] RUN semantic_nondeterministic_one_bad__unreachable_declaration__base__rep01__fg_ducs_otf
  status=UNREALIZABLE time=0.706919s peak_rss_kib=95152
[23/92] RUN semantic_winning__declaration_order__base__rep01__fg_ducs_otf
  status=SUCCESS time=0.716761s peak_rss_kib=89696
[24/92] RUN semantic_winning__declaration_order__base__rep01__direct_full
  status=SUCCESS time=0.710807s peak_rss_kib=87776
[25/92] RUN semantic_empty_transfer__identity__base__rep01__fg_ducs_otf
  status=UNREALIZABLE time=0.708028s peak_rss_kib=94736
[26/92] RUN semantic_empty_transfer__identity__base__rep01__direct_full
  status=UNREALIZABLE time=0.709493s peak_rss_kib=95968
[27/92] RUN semantic_uncontrollable_livelock__unreachable_declaration__base__rep01__fg_ducs_otf
  status=UNREALIZABLE time=0.716296s peak_rss_kib=92688
[28/92] RUN semantic_uncontrollable_livelock__unreachable_declaration__base__rep01__direct_full
  status=UNREALIZABLE time=0.703533s peak_rss_kib=94144
[29/92] RUN semantic_uncontrollable_livelock__declaration_order__base__rep01__direct_full
  status=UNREALIZABLE time=0.705961s peak_rss_kib=88608
[30/92] RUN semantic_uncontrollable_livelock__declaration_order__base__rep01__fg_ducs_otf
  status=UNREALIZABLE time=0.713964s peak_rss_kib=91680
[31/92] RUN semantic_multi_q0_one_losing__identity__base__rep01__direct_full
  status=UNREALIZABLE time=0.704863s peak_rss_kib=94032
[32/92] RUN semantic_multi_q0_one_losing__identity__base__rep01__fg_ducs_otf
  status=UNREALIZABLE time=0.701229s peak_rss_kib=93936
[33/92] RUN semantic_nondeterministic_one_bad__declaration_order__base__rep01__fg_ducs_otf
  status=UNREALIZABLE time=0.714634s peak_rss_kib=98416
[34/92] RUN semantic_nondeterministic_one_bad__declaration_order__base__rep01__direct_full
  status=UNREALIZABLE time=0.711808s peak_rss_kib=95920
[35/92] RUN semantic_nondeterministic_one_bad__identity__base__rep01__direct_full
  status=UNREALIZABLE time=0.799596s peak_rss_kib=96048
[36/92] RUN semantic_nondeterministic_one_bad__identity__base__rep01__fg_ducs_otf
  status=UNREALIZABLE time=0.757103s peak_rss_kib=97200
[37/92] RUN contract_old_controller_missing_controllable_action__base__rep01__fg_ducs_otf
  status=INVALID_INPUT time=0.698143s peak_rss_kib=86864
[38/92] RUN contract_old_controller_missing_controllable_action__base__rep01__direct_full
  status=INVALID_INPUT time=0.750838s peak_rss_kib=86576
[39/92] RUN semantic_controllable_prefix__identity__base__rep01__fg_ducs_otf
  status=SUCCESS time=0.760284s peak_rss_kib=91760
[40/92] RUN semantic_controllable_prefix__identity__base__rep01__direct_full
  status=SUCCESS time=0.739006s peak_rss_kib=91120
[41/92] RUN semantic_precedence_chain__action_rename__base__rep01__fg_ducs_otf
  status=SUCCESS time=0.760443s peak_rss_kib=90512
[42/92] RUN semantic_precedence_chain__action_rename__base__rep01__direct_full
  status=SUCCESS time=0.761944s peak_rss_kib=92016
[43/92] RUN semantic_unsafe_uncontrollable__identity__base__rep01__direct_full
  status=UNREALIZABLE time=0.753084s peak_rss_kib=94864
[44/92] RUN semantic_unsafe_uncontrollable__identity__base__rep01__fg_ducs_otf
  status=UNREALIZABLE time=0.759809s peak_rss_kib=93456
[45/92] RUN semantic_uncontrollable_livelock__action_rename__base__rep01__fg_ducs_otf
  status=UNREALIZABLE time=0.759128s peak_rss_kib=92832
[46/92] RUN semantic_uncontrollable_livelock__action_rename__base__rep01__direct_full
  status=UNREALIZABLE time=0.755250s peak_rss_kib=92528
[47/92] RUN semantic_uncontrollable_livelock__identity__base__rep01__direct_full
  status=UNREALIZABLE time=0.766683s peak_rss_kib=93168
[48/92] RUN semantic_uncontrollable_livelock__identity__base__rep01__fg_ducs_otf
  status=UNREALIZABLE time=0.737756s peak_rss_kib=92160
[49/92] RUN semantic_nondeterministic_transfer__unreachable_declaration__base__rep01__direct_full
  status=SUCCESS time=0.752494s peak_rss_kib=90368
[50/92] RUN semantic_nondeterministic_transfer__unreachable_declaration__base__rep01__fg_ducs_otf
  status=SUCCESS time=0.753865s peak_rss_kib=95488
[51/92] RUN contract_old_uncontrollable_suppression__base__rep01__direct_full
  status=INVALID_INPUT time=0.746201s peak_rss_kib=88576
[52/92] RUN contract_old_uncontrollable_suppression__base__rep01__fg_ducs_otf
  status=INVALID_INPUT time=0.725112s peak_rss_kib=90128
[53/92] RUN semantic_controllable_prefix__action_rename__base__rep01__direct_full
  status=SUCCESS time=0.803826s peak_rss_kib=94096
[54/92] RUN semantic_controllable_prefix__action_rename__base__rep01__fg_ducs_otf
  status=SUCCESS time=0.760527s peak_rss_kib=91376
[55/92] RUN semantic_precedence_chain__identity__base__rep01__fg_ducs_otf
  status=SUCCESS time=0.766588s peak_rss_kib=91024
[56/92] RUN semantic_precedence_chain__identity__base__rep01__direct_full
  status=SUCCESS time=0.804652s peak_rss_kib=92400
[57/92] RUN semantic_nondeterministic_transfer__identity__base__rep01__direct_full
  status=SUCCESS time=0.757123s peak_rss_kib=93248
[58/92] RUN semantic_nondeterministic_transfer__identity__base__rep01__fg_ducs_otf
  status=SUCCESS time=0.768019s peak_rss_kib=92016
[59/92] RUN semantic_winning__action_rename__base__rep01__direct_full
  status=SUCCESS time=0.790087s peak_rss_kib=90560
[60/92] RUN semantic_winning__action_rename__base__rep01__fg_ducs_otf
  status=SUCCESS time=0.798109s peak_rss_kib=90496
[61/92] RUN semantic_empty_transfer__unreachable_declaration__base__rep01__fg_ducs_otf
  status=UNREALIZABLE time=0.796814s peak_rss_kib=95264
[62/92] RUN semantic_empty_transfer__unreachable_declaration__base__rep01__direct_full
  status=UNREALIZABLE time=0.756896s peak_rss_kib=97184
[63/92] RUN semantic_empty_transfer__action_rename__base__rep01__fg_ducs_otf
  status=UNREALIZABLE time=0.802868s peak_rss_kib=95264
[64/92] RUN semantic_empty_transfer__action_rename__base__rep01__direct_full
  status=UNREALIZABLE time=0.752120s peak_rss_kib=93840
[65/92] RUN semantic_unsafe_uncontrollable__action_rename__base__rep01__fg_ducs_otf
  status=UNREALIZABLE time=0.743453s peak_rss_kib=92912
[66/92] RUN semantic_unsafe_uncontrollable__action_rename__base__rep01__direct_full
  status=UNREALIZABLE time=0.754023s peak_rss_kib=92624
[67/92] RUN contract_valid_control__base__rep01__fg_ducs_otf
  status=SUCCESS time=0.769707s peak_rss_kib=90960
[68/92] RUN contract_valid_control__base__rep01__direct_full
  status=SUCCESS time=0.754167s peak_rss_kib=93616
[69/92] RUN semantic_unsafe_uncontrollable__unreachable_declaration__base__rep01__direct_full
  status=UNREALIZABLE time=0.751906s peak_rss_kib=92976
[70/92] RUN semantic_unsafe_uncontrollable__unreachable_declaration__base__rep01__fg_ducs_otf
  status=UNREALIZABLE time=0.746693s peak_rss_kib=93168
[71/92] RUN semantic_precedence_chain__component_permutation__base__rep01__direct_full
  status=SUCCESS time=0.737327s peak_rss_kib=91408
[72/92] RUN semantic_precedence_chain__component_permutation__base__rep01__fg_ducs_otf
  status=SUCCESS time=0.749827s peak_rss_kib=88656
[73/92] RUN semantic_precedence_chain__unreachable_declaration__base__rep01__fg_ducs_otf
  status=SUCCESS time=0.739982s peak_rss_kib=91232
[74/92] RUN semantic_precedence_chain__unreachable_declaration__base__rep01__direct_full
  status=SUCCESS time=0.755128s peak_rss_kib=92416
[75/92] RUN semantic_controllable_prefix__unreachable_declaration__base__rep01__direct_full
  status=SUCCESS time=0.756065s peak_rss_kib=89808
[76/92] RUN semantic_controllable_prefix__unreachable_declaration__base__rep01__fg_ducs_otf
  status=SUCCESS time=0.753199s peak_rss_kib=92848
[77/92] RUN semantic_winning__identity__base__rep01__fg_ducs_otf
  status=SUCCESS time=0.762886s peak_rss_kib=93792
[78/92] RUN semantic_winning__identity__base__rep01__direct_full
  status=SUCCESS time=0.763205s peak_rss_kib=90208
[79/92] RUN semantic_unloadable_endpoint__unreachable_declaration__base__rep01__direct_full
  status=UNREALIZABLE time=0.750761s peak_rss_kib=96016
[80/92] RUN semantic_unloadable_endpoint__unreachable_declaration__base__rep01__fg_ducs_otf
  status=UNREALIZABLE time=0.805199s peak_rss_kib=94688
[81/92] RUN semantic_nondeterministic_one_bad__action_rename__base__rep01__fg_ducs_otf
  status=UNREALIZABLE time=0.760774s peak_rss_kib=102544
[82/92] RUN semantic_nondeterministic_one_bad__action_rename__base__rep01__direct_full
  status=UNREALIZABLE time=0.755437s peak_rss_kib=101888
[83/92] RUN semantic_multi_q0_one_losing__unreachable_declaration__base__rep01__fg_ducs_otf
  status=UNREALIZABLE time=0.832301s peak_rss_kib=105056
[84/92] RUN semantic_multi_q0_one_losing__unreachable_declaration__base__rep01__direct_full
  status=UNREALIZABLE time=0.759045s peak_rss_kib=96304
[85/92] RUN semantic_empty_transfer__declaration_order__base__rep01__direct_full
  status=UNREALIZABLE time=0.758092s peak_rss_kib=93520
[86/92] RUN semantic_empty_transfer__declaration_order__base__rep01__fg_ducs_otf
  status=UNREALIZABLE time=0.758616s peak_rss_kib=95328
[87/92] RUN contract_old_endpoint_deadlock__base__rep01__direct_full
  status=INVALID_INPUT time=0.701967s peak_rss_kib=86944
[88/92] RUN contract_old_endpoint_deadlock__base__rep01__fg_ducs_otf
  status=INVALID_INPUT time=0.747794s peak_rss_kib=89712
[89/92] RUN semantic_nondeterministic_transfer__declaration_order__base__rep01__direct_full
  status=SUCCESS time=0.772036s peak_rss_kib=90192
[90/92] RUN semantic_nondeterministic_transfer__declaration_order__base__rep01__fg_ducs_otf
  status=SUCCESS time=0.765586s peak_rss_kib=92304
[91/92] RUN semantic_unloadable_endpoint__action_rename__base__rep01__fg_ducs_otf
  status=UNREALIZABLE time=0.764753s peak_rss_kib=94480
[92/92] RUN semantic_unloadable_endpoint__action_rename__base__rep01__direct_full
  status=UNREALIZABLE time=0.751255s peak_rss_kib=95680
Campaign FSE2027_SUBMISSION_20260914/experiments/semantic_revision_20260914/rq1/raw: executed=92 skipped=0 selected=92
Run collect_results.py --campaign FSE2027_SUBMISSION_20260914/experiments/semantic_revision_20260914/rq1/raw to materialize CSV files.

EXIT_CODE=0
ELAPSED_SECONDS=130.64070037499914
