{
  "route": "compatible_reduced",
  "domain": "ALL_NONNEGATIVE_INTEGER_BUDGETS_FOR_CURSOR_SUFFIXES",
  "original_baseline_checked": true,
  "charged_boundary_checks": 4,
  "inherited": {
    "violations": [],
    "domain": "ALL_NONNEGATIVE_INTEGER_BUDGETS",
    "checked_suffixes": 1,
    "positive_premium_suffixes": 1,
    "local_boundary_checks": 3,
    "root_runs": 1,
    "canonical_protection_first_thresholds": true,
    "basis": "direct Bellman equations for root caps; sorted-topological corollary",
    "solver_imports": false,
    "independent_theorem_proof": false
  },
  "global_optimality_basis": "jobwise p*delta=0 ordered equivalence and compatible-DAG corollary",
  "constructor_imported": false
}
