{"done": 500, "total": 610, "adverse": 0}
{
  "cases": 26,
  "planned": 610,
  "recorded": 610,
  "primary": 606,
  "primary_statuses": {
    "SUCCESS": 606
  },
  "native_controls": 4,
  "native_controls_met": 4,
  "replay_cells": 208,
  "replay_cells_met": 208,
  "record_controls": 8,
  "record_controls_met": 8,
  "sequence_controls": 5,
  "sequence_controls_met": 5,
  "parser_controls": 9,
  "parser_controls_met": 9,
  "raw_input_integrity": true,
  "source_model_states_max": 105,
  "seconds": 0.720957334007835,
  "raw_sha256": "d0d36c04f67cceb678d89763d1960070e6fb582c075b38c0dbf368adfb98dad7",
  "verification_sha256": "a9c3eb76faac9729798628619ebd48d821045e4deead688187d480552171da4b",
  "certificates_sha256": "861084429d72e02625ce8aaf16e3ae0e169d541d6ad181a1fcf2d7dba599e673",
  "scope": "Authored n<=5 bounded-price Java fixture; compact policy path replay and existential ordering in fixed source model, not all Java schedules or production timing."
}
