[16:29:05] Configuring KUnit Kernel ...
[16:29:05] Building KUnit Kernel ...
Populating config with:
$ make ARCH=arm64 O=/build-kunit olddefconfig
Building with:
$ make all compile_commands.json ARCH=arm64 O=/build-kunit --jobs=2
[16:29:10] Starting KUnit Kernel (1/1)...
[16:29:10] ============================================================
Running tests with:
$ qemu-system-aarch64 -nodefaults -m 1024 -kernel /build-kunit/arch/arm64/boot/Image.gz -append 'kunit.enable=1 console=ttyAMA0 kunit_shutdown=reboot' -no-reboot -nographic -serial stdio -machine virt -cpu max,pauth-impdef=on -smp 2 -m 1024
[16:29:11] ================= dpath-retry (9 subtests) =================
[16:29:12] [PASSED] dpath_group_0
[16:29:13] [PASSED] dpath_group_1
[16:29:14] [PASSED] dpath_group_2
[16:29:15] [PASSED] dpath_group_3
[16:29:16] [PASSED] dpath_group_4
[16:29:18] [PASSED] dpath_group_5
[16:29:20] [PASSED] dpath_group_6
[16:29:21] [PASSED] dpath_group_7
[16:29:21] [PASSED] dpath_group_8
[16:29:21] =================== [PASSED] dpath-retry ===================
[16:29:21] ============================================================
[16:29:21] Testing complete. Ran 9 tests: passed: 9
[16:29:21] Test results stored in /work/KUNIT_MATRIX_RESULT03B.json
[16:29:21] Elapsed time: 16.808s total, 0.001s configuring, 5.556s building, 11.193s running

