COMMAND: python3 experiments/rs_coverage/check_coverage.py
gsm base new P_NEW_DECODE RS_UNTESTED {"fluent_values":[false],"histories":[[],["decode.2","decode.3"]],"monitor_states":[0,-1]} EXACT_ON_NONEMPTY_SAFE_ACTIVATION_DOMAIN NOT_APPLICABLE
gsm r1 new P_NEW_DECODE RS_UNTESTED {"fluent_values":[false],"histories":[[],["decode.2","decode.3"]],"monitor_states":[0,-1]} EXACT_ON_NONEMPTY_SAFE_ACTIVATION_DOMAIN NOT_APPLICABLE
gsm r1 upd R1_OTF_P_NEW_DECODE RS_UNTESTED {"fluent_values":[true,false],"histories":[["stopOldSpec_P_DECODE"],["stopOldSpec_P_DECODE","decode.2","hotSwapIn"]],"monitor_states":[1,-1]} NOT_APPLICABLE UNVERIFIED_ENTRY_VALUATION_LANGUAGE
gsm r2 new P_NEW_DECODE RS_UNTESTED {"fluent_values":[false],"histories":[[],["decode.2","decode.3"]],"monitor_states":[0,-1]} EXACT_ON_NONEMPTY_SAFE_ACTIVATION_DOMAIN NOT_APPLICABLE
gsm r2 upd R2_StopOldSpec_P_DECODE RS_UNTESTED {"fluent_values":[true,true],"histories":[["hotSwapIn"],["hotSwapIn","reconfigure_ENV","hotSwapIn"]],"monitor_states":[1,-1]} NOT_APPLICABLE UNVERIFIED_ENTRY_VALUATION_LANGUAGE
gsm r2 upd R2_StartNewSpec_P_NEW_DECODE RS_UNTESTED {"fluent_values":[true,true],"histories":[["hotSwapIn"],["hotSwapIn","reconfigure_ENV","hotSwapIn"]],"monitor_states":[1,-1]} NOT_APPLICABLE UNVERIFIED_ENTRY_VALUATION_LANGUAGE
industry base new P_NEW_TOR_POLICY RS_UNTESTED {"fluent_values":[false,false],"histories":[[],["validateGF1","adjustGF1"]],"monitor_states":[0,-1]} EXACT_ON_NONEMPTY_SAFE_ACTIVATION_DOMAIN NOT_APPLICABLE
industry base new P_NEW_DSD1_POLICY RS_UNTESTED {"fluent_values":[false,false,false],"histories":[[],["validateGF1","adjustGF1"]],"monitor_states":[0,-1]} EXACT_ON_NONEMPTY_SAFE_ACTIVATION_DOMAIN NOT_APPLICABLE
industry base new P_NEW_DO_NOT_SEND_TWICE RS_UNTESTED {"fluent_values":[false,false,false,false,false,false],"histories":[[],["readyDSD1","validateDSD1","adjustGF1"]],"monitor_states":[0,-1]} EXACT_ON_NONEMPTY_SAFE_ACTIVATION_DOMAIN NOT_APPLICABLE
industry r1 new P_NEW_TOR_POLICY RS_UNTESTED {"fluent_values":[false,false],"histories":[[],["validateGF1","adjustGF1"]],"monitor_states":[0,-1]} EXACT_ON_NONEMPTY_SAFE_ACTIVATION_DOMAIN NOT_APPLICABLE
industry r1 new P_NEW_DSD1_POLICY RS_UNTESTED {"fluent_values":[false,false,false],"histories":[[],["validateGF1","adjustGF1"]],"monitor_states":[0,-1]} EXACT_ON_NONEMPTY_SAFE_ACTIVATION_DOMAIN NOT_APPLICABLE
industry r1 new P_NEW_DO_NOT_SEND_TWICE RS_UNTESTED {"fluent_values":[false,false,false,false,false,false],"histories":[[],["readyDSD1","validateDSD1","adjustGF1"]],"monitor_states":[0,-1]} EXACT_ON_NONEMPTY_SAFE_ACTIVATION_DOMAIN NOT_APPLICABLE
industry r1 upd R1_P_NEW_TOR_POLICY RS_UNTESTED {"fluent_values":[true,false,false,false,false,false,false,false,false],"histories":[["stopOldSpec_P_DO_NOT_SEND_TWICE"],["stopOldSpec_P_DO_NOT_SEND_TWICE","readyDSD1","adjustGF1"]],"monitor_states":[1,-1]} NOT_APPLICABLE UNVERIFIED_ENTRY_VALUATION_LANGUAGE
industry r1 upd R1_P_NEW_DSD1_POLICY RS_UNTESTED {"fluent_values":[true,false,false,false,false,false,false,false,false],"histories":[["stopOldSpec_P_DO_NOT_SEND_TWICE"],["stopOldSpec_P_DO_NOT_SEND_TWICE","readyDSD1","adjustGF1"]],"monitor_states":[1,-1]} NOT_APPLICABLE UNVERIFIED_ENTRY_VALUATION_LANGUAGE
industry r1 upd R1_P_NEW_DO_NOT_SEND_TWICE RS_UNTESTED {"fluent_values":[true,false,false,false,false,false,false,false,false],"histories":[["stopOldSpec_P_DO_NOT_SEND_TWICE"],["stopOldSpec_P_DO_NOT_SEND_TWICE","readyDSD1","adjustGF1"]],"monitor_states":[1,-1]} NOT_APPLICABLE UNVERIFIED_ENTRY_VALUATION_LANGUAGE
industry r2 new P_NEW_TOR_POLICY RS_UNTESTED {"fluent_values":[false,false],"histories":[[],["validateGF1","adjustGF1"]],"monitor_states":[0,-1]} EXACT_ON_NONEMPTY_SAFE_ACTIVATION_DOMAIN NOT_APPLICABLE
industry r2 new P_NEW_DSD1_POLICY RS_UNTESTED {"fluent_values":[false,false,false],"histories":[[],["validateGF1","adjustGF1"]],"monitor_states":[0,-1]} EXACT_ON_NONEMPTY_SAFE_ACTIVATION_DOMAIN NOT_APPLICABLE
industry r2 new P_NEW_DO_NOT_SEND_TWICE RS_UNTESTED {"fluent_values":[false,false,false,false,false,false],"histories":[[],["readyDSD1","validateDSD1","adjustGF1"]],"monitor_states":[0,-1]} EXACT_ON_NONEMPTY_SAFE_ACTIVATION_DOMAIN NOT_APPLICABLE
industry r2 upd R2_StopOldSpec_P_TOR_POLICY RS_UNTESTED {"fluent_values":[true,true,true,true],"histories":[["hotSwapIn"],["hotSwapIn","reconfigure_DSD1","hotSwapIn"]],"monitor_states":[1,-1]} NOT_APPLICABLE UNVERIFIED_ENTRY_VALUATION_LANGUAGE
industry r2 upd R2_StopOldSpec_P_DSD1_POLICY RS_UNTESTED {"fluent_values":[true,true,true,true],"histories":[["hotSwapIn"],["hotSwapIn","reconfigure_DSD1","hotSwapIn"]],"monitor_states":[1,-1]} NOT_APPLICABLE UNVERIFIED_ENTRY_VALUATION_LANGUAGE
industry r2 upd R2_StopOldSpec_P_DO_NOT_SEND_TWICE RS_UNTESTED {"fluent_values":[true,true,true,true],"histories":[["hotSwapIn"],["hotSwapIn","reconfigure_DSD1","hotSwapIn"]],"monitor_states":[1,-1]} NOT_APPLICABLE UNVERIFIED_ENTRY_VALUATION_LANGUAGE
industry r2 upd R2_StartNewSpec_P_NEW_TOR_POLICY RS_UNTESTED {"fluent_values":[true,true,true,true],"histories":[["hotSwapIn"],["hotSwapIn","reconfigure_DSD1","hotSwapIn"]],"monitor_states":[1,-1]} NOT_APPLICABLE UNVERIFIED_ENTRY_VALUATION_LANGUAGE
industry r2 upd R2_StartNewSpec_P_NEW_DSD1_POLICY RS_UNTESTED {"fluent_values":[true,true,true,true],"histories":[["hotSwapIn"],["hotSwapIn","reconfigure_DSD1","hotSwapIn"]],"monitor_states":[1,-1]} NOT_APPLICABLE UNVERIFIED_ENTRY_VALUATION_LANGUAGE
industry r2 upd R2_StartNewSpec_P_NEW_DO_NOT_SEND_TWICE RS_UNTESTED {"fluent_values":[true,true,true,true],"histories":[["hotSwapIn"],["hotSwapIn","reconfigure_DSD1","hotSwapIn"]],"monitor_states":[1,-1]} NOT_APPLICABLE UNVERIFIED_ENTRY_VALUATION_LANGUAGE
metasocket base new P_DES128 RS_UNTESTED {"fluent_values":[false,true,false,false],"histories":[["input"],["des128","input"]],"monitor_states":[1,-1]} EXACT_ON_NONEMPTY_SAFE_ACTIVATION_DOMAIN NOT_APPLICABLE
metasocket r1 new P_DES128 RS_UNTESTED {"fluent_values":[false,true,false,false],"histories":[["input"],["des128","input"]],"monitor_states":[1,-1]} EXACT_ON_NONEMPTY_SAFE_ACTIVATION_DOMAIN NOT_APPLICABLE
metasocket r1 upd R1_OTF_P_DES128 RS_UNTESTED {"fluent_values":[true,false],"histories":[["stopOldSpec_P_DES64"],["stopOldSpec_P_DES64","des128","hotSwapIn"]],"monitor_states":[1,-1]} NOT_APPLICABLE UNVERIFIED_ENTRY_VALUATION_LANGUAGE
metasocket r2 new P_DES128 RS_UNTESTED {"fluent_values":[false,true,false,false],"histories":[["input"],["des128","input"]],"monitor_states":[1,-1]} EXACT_ON_NONEMPTY_SAFE_ACTIVATION_DOMAIN NOT_APPLICABLE
metasocket r2 upd R2_StopOldSpec_P_DES64 RS_UNTESTED {"fluent_values":[true,true,true],"histories":[["hotSwapIn"],["hotSwapIn","reconfigure_64_128","hotSwapIn"]],"monitor_states":[1,-1]} NOT_APPLICABLE UNVERIFIED_ENTRY_VALUATION_LANGUAGE
metasocket r2 upd R2_StartNewSpec_P_DES128 RS_UNTESTED {"fluent_values":[true,true,true],"histories":[["hotSwapIn"],["hotSwapIn","reconfigure_64_128","hotSwapIn"]],"monitor_states":[1,-1]} NOT_APPLICABLE UNVERIFIED_ENTRY_VALUATION_LANGUAGE
powerplant base new P_NEVER_STOP RS_UNTESTED {"fluent_values":[false],"histories":[[],["stopPump","endProcedure"]],"monitor_states":[0,-1]} EXACT_ON_NONEMPTY_SAFE_ACTIVATION_DOMAIN NOT_APPLICABLE
powerplant base new P_MAINTEINANCE_GUARANTEED_NEW RS_UNTESTED {"fluent_values":[false,false],"histories":[[],["endProcedure","hotSwapIn"]],"monitor_states":[0,-1]} EXACT_ON_NONEMPTY_SAFE_ACTIVATION_DOMAIN NOT_APPLICABLE
powerplant base new P_PROCEDURE_IF_REQUEST RS_UNTESTED {"fluent_values":[false,false],"histories":[[],["procedure","endProcedure"]],"monitor_states":[0,-1]} EXACT_ON_NONEMPTY_SAFE_ACTIVATION_DOMAIN NOT_APPLICABLE
powerplant r1 new P_NEVER_STOP RS_UNTESTED {"fluent_values":[false],"histories":[[],["stopPump","endProcedure"]],"monitor_states":[0,-1]} EXACT_ON_NONEMPTY_SAFE_ACTIVATION_DOMAIN NOT_APPLICABLE
powerplant r1 new P_MAINTEINANCE_GUARANTEED_NEW RS_UNTESTED {"fluent_values":[false,false],"histories":[[],["endProcedure","hotSwapIn"]],"monitor_states":[0,-1]} EXACT_ON_NONEMPTY_SAFE_ACTIVATION_DOMAIN NOT_APPLICABLE
powerplant r1 new P_PROCEDURE_IF_REQUEST RS_UNTESTED {"fluent_values":[false,false],"histories":[[],["procedure","endProcedure"]],"monitor_states":[0,-1]} EXACT_ON_NONEMPTY_SAFE_ACTIVATION_DOMAIN NOT_APPLICABLE
powerplant r1 upd R1_OTF_P_NEVER_STOP RS_UNTESTED {"fluent_values":[true,false],"histories":[["stopOldSpec_P_MAINTEINANCE_GUARANTEED"],["stopOldSpec_P_MAINTEINANCE_GUARANTEED","endProcedure","hotSwapIn"]],"monitor_states":[1,-1]} NOT_APPLICABLE UNVERIFIED_ENTRY_VALUATION_LANGUAGE
powerplant r1 upd R1_OTF_P_MAINTEINANCE_GUARANTEED_NEW RS_UNTESTED {"fluent_values":[true,false],"histories":[["stopOldSpec_P_MAINTEINANCE_GUARANTEED"],["stopOldSpec_P_MAINTEINANCE_GUARANTEED","endProcedure","hotSwapIn"]],"monitor_states":[1,-1]} NOT_APPLICABLE UNVERIFIED_ENTRY_VALUATION_LANGUAGE
powerplant r1 upd R1_OTF_P_PROCEDURE_IF_REQUEST RS_UNTESTED {"fluent_values":[true,false],"histories":[["stopOldSpec_P_MAINTEINANCE_GUARANTEED"],["stopOldSpec_P_MAINTEINANCE_GUARANTEED","endProcedure","hotSwapIn"]],"monitor_states":[1,-1]} NOT_APPLICABLE UNVERIFIED_ENTRY_VALUATION_LANGUAGE
powerplant r2 new P_NEVER_STOP RS_UNTESTED {"fluent_values":[false],"histories":[[],["stopPump","endProcedure"]],"monitor_states":[0,-1]} EXACT_ON_NONEMPTY_SAFE_ACTIVATION_DOMAIN NOT_APPLICABLE
powerplant r2 new P_MAINTEINANCE_GUARANTEED_NEW RS_UNTESTED {"fluent_values":[false,false],"histories":[[],["endProcedure","hotSwapIn"]],"monitor_states":[0,-1]} EXACT_ON_NONEMPTY_SAFE_ACTIVATION_DOMAIN NOT_APPLICABLE
powerplant r2 new P_PROCEDURE_IF_REQUEST RS_UNTESTED {"fluent_values":[false,false],"histories":[[],["procedure","endProcedure"]],"monitor_states":[0,-1]} EXACT_ON_NONEMPTY_SAFE_ACTIVATION_DOMAIN NOT_APPLICABLE
powerplant r2 upd R2_StopOldSpec_P_MAINTEINANCE_GUARANTEED RS_UNTESTED {"fluent_values":[true,true,true],"histories":[["hotSwapIn"],["hotSwapIn","reconfigure_ENV","hotSwapIn"]],"monitor_states":[1,-1]} NOT_APPLICABLE UNVERIFIED_ENTRY_VALUATION_LANGUAGE
powerplant r2 upd R2_StopOldSpec_P_PROCEDURE_IF_REQUEST RS_UNTESTED {"fluent_values":[true,true,true],"histories":[["hotSwapIn"],["hotSwapIn","reconfigure_ENV","hotSwapIn"]],"monitor_states":[1,-1]} NOT_APPLICABLE UNVERIFIED_ENTRY_VALUATION_LANGUAGE
powerplant r2 upd R2_StopOldSpec_P_PROCEDURE_WHILE_STOPPED RS_UNTESTED {"fluent_values":[true,true],"histories":[["hotSwapIn"],["hotSwapIn","reconfigure_ENV","hotSwapIn"]],"monitor_states":[1,-1]} NOT_APPLICABLE UNVERIFIED_ENTRY_VALUATION_LANGUAGE
powerplant r2 upd R2_StopOldSpec_P_PUMP_OFF_ONLY_OK_NOT_PENDING RS_UNTESTED {"fluent_values":[true,true,true],"histories":[["hotSwapIn"],["hotSwapIn","reconfigure_ENV","hotSwapIn"]],"monitor_states":[1,-1]} NOT_APPLICABLE UNVERIFIED_ENTRY_VALUATION_LANGUAGE
powerplant r2 upd R2_StartNewSpec_P_NEVER_STOP RS_UNTESTED {"fluent_values":[true,true],"histories":[["hotSwapIn"],["hotSwapIn","reconfigure_ENV","hotSwapIn"]],"monitor_states":[1,-1]} NOT_APPLICABLE UNVERIFIED_ENTRY_VALUATION_LANGUAGE
powerplant r2 upd R2_StartNewSpec_P_MAINTEINANCE_GUARANTEED_NEW RS_UNTESTED {"fluent_values":[true,true,true],"histories":[["hotSwapIn"],["hotSwapIn","reconfigure_ENV","hotSwapIn"]],"monitor_states":[1,-1]} NOT_APPLICABLE UNVERIFIED_ENTRY_VALUATION_LANGUAGE
powerplant r2 upd R2_StartNewSpec_P_PROCEDURE_IF_REQUEST RS_UNTESTED {"fluent_values":[true,true,true],"histories":[["hotSwapIn"],["hotSwapIn","reconfigure_ENV","hotSwapIn"]],"monitor_states":[1,-1]} NOT_APPLICABLE UNVERIFIED_ENTRY_VALUATION_LANGUAGE
productioncell_arms1 base new P_NEW_TOOL_ORDER_1 RS_UNTESTED {"fluent_values":[false,false,false,false,false,false],"histories":[[],["drill.1","drillNOk.1"]],"monitor_states":[0,-1]} EXACT_ON_NONEMPTY_SAFE_ACTIVATION_DOMAIN NOT_APPLICABLE
productioncell_arms1 base new P_NEW_OUT_IF_FINISHED_1 RS_UNTESTED {"fluent_values":[false,false,false,false],"histories":[[],["out.1","clean.1"]],"monitor_states":[0,-1]} EXACT_ON_NONEMPTY_SAFE_ACTIVATION_DOMAIN NOT_APPLICABLE
productioncell_arms1 base new P_DRILL_ONCE_1 RS_UNTESTED {"fluent_values":[false,true],"histories":[["drillOk.1"],["drillOk.1","drill.1","clean.1"]],"monitor_states":[1,-1]} EXACT_ON_NONEMPTY_SAFE_ACTIVATION_DOMAIN NOT_APPLICABLE
productioncell_arms1 base new P_CLEAN_ONCE_1 RS_UNTESTED {"fluent_values":[false,true],"histories":[["cleanOk.1"],["cleanOk.1","clean.1","cleanNOk.1"]],"monitor_states":[1,-1]} EXACT_ON_NONEMPTY_SAFE_ACTIVATION_DOMAIN NOT_APPLICABLE
productioncell_arms1 base new P_PAINT_ONCE_1 RS_UNTESTED {"fluent_values":[false,true],"histories":[["paintOk.1"],["paintOk.1","paint.1","clean.1"]],"monitor_states":[1,-1]} EXACT_ON_NONEMPTY_SAFE_ACTIVATION_DOMAIN NOT_APPLICABLE
productioncell_arms1 base new P_AVOID_STAMPING_1 RS_UNTESTED {"fluent_values":[false],"histories":[[],["stamp.1","clean.1"]],"monitor_states":[0,-1]} EXACT_ON_NONEMPTY_SAFE_ACTIVATION_DOMAIN NOT_APPLICABLE
productioncell_arms1 r1 new P_NEW_TOOL_ORDER_1 RS_UNTESTED {"fluent_values":[false,false,false,false,false,false],"histories":[[],["drill.1","drillNOk.1"]],"monitor_states":[0,-1]} EXACT_ON_NONEMPTY_SAFE_ACTIVATION_DOMAIN NOT_APPLICABLE
productioncell_arms1 r1 new P_NEW_OUT_IF_FINISHED_1 RS_UNTESTED {"fluent_values":[false,false,false,false],"histories":[[],["out.1","clean.1"]],"monitor_states":[0,-1]} EXACT_ON_NONEMPTY_SAFE_ACTIVATION_DOMAIN NOT_APPLICABLE
productioncell_arms1 r1 new P_DRILL_ONCE_1 RS_UNTESTED {"fluent_values":[false,true],"histories":[["drillOk.1"],["drillOk.1","drill.1","clean.1"]],"monitor_states":[1,-1]} EXACT_ON_NONEMPTY_SAFE_ACTIVATION_DOMAIN NOT_APPLICABLE
productioncell_arms1 r1 new P_CLEAN_ONCE_1 RS_UNTESTED {"fluent_values":[false,true],"histories":[["cleanOk.1"],["cleanOk.1","clean.1","cleanNOk.1"]],"monitor_states":[1,-1]} EXACT_ON_NONEMPTY_SAFE_ACTIVATION_DOMAIN NOT_APPLICABLE
productioncell_arms1 r1 new P_PAINT_ONCE_1 RS_UNTESTED {"fluent_values":[false,true],"histories":[["paintOk.1"],["paintOk.1","paint.1","clean.1"]],"monitor_states":[1,-1]} EXACT_ON_NONEMPTY_SAFE_ACTIVATION_DOMAIN NOT_APPLICABLE
productioncell_arms1 r1 new P_AVOID_STAMPING_1 RS_UNTESTED {"fluent_values":[false],"histories":[[],["stamp.1","clean.1"]],"monitor_states":[0,-1]} EXACT_ON_NONEMPTY_SAFE_ACTIVATION_DOMAIN NOT_APPLICABLE
productioncell_arms1 r1 upd R1_OTF_P_NEW_TOOL_ORDER_1 RS_UNTESTED {"fluent_values":[true,false],"histories":[["stopOldSpec_P_AVOID_STAMPING_1"],["stopOldSpec_P_AVOID_STAMPING_1","clean.1","cleanNOk.1"]],"monitor_states":[1,-1]} NOT_APPLICABLE UNVERIFIED_ENTRY_VALUATION_LANGUAGE
productioncell_arms1 r1 upd R1_OTF_P_AVOID_STAMPING_1 RS_UNTESTED {"fluent_values":[true,false],"histories":[["stopOldSpec_P_AVOID_STAMPING_1"],["stopOldSpec_P_AVOID_STAMPING_1","clean.1","cleanNOk.1"]],"monitor_states":[1,-1]} NOT_APPLICABLE UNVERIFIED_ENTRY_VALUATION_LANGUAGE
productioncell_arms1 r1 upd R1_OTF_P_NEW_OUT_IF_FINISHED_1 RS_UNTESTED {"fluent_values":[true,false],"histories":[["stopOldSpec_P_AVOID_STAMPING_1"],["stopOldSpec_P_AVOID_STAMPING_1","clean.1","cleanNOk.1"]],"monitor_states":[1,-1]} NOT_APPLICABLE UNVERIFIED_ENTRY_VALUATION_LANGUAGE
productioncell_arms1 r1 upd R1_OTF_P_PAINT_ONCE_1 RS_UNTESTED {"fluent_values":[true,false],"histories":[["stopOldSpec_P_AVOID_STAMPING_1"],["stopOldSpec_P_AVOID_STAMPING_1","clean.1","cleanNOk.1"]],"monitor_states":[1,-1]} NOT_APPLICABLE UNVERIFIED_ENTRY_VALUATION_LANGUAGE
productioncell_arms1 r1 upd R1_OTF_P_CLEAN_ONCE_1 RS_UNTESTED {"fluent_values":[true,false],"histories":[["stopOldSpec_P_AVOID_STAMPING_1"],["stopOldSpec_P_AVOID_STAMPING_1","clean.1","cleanNOk.1"]],"monitor_states":[1,-1]} NOT_APPLICABLE UNVERIFIED_ENTRY_VALUATION_LANGUAGE
productioncell_arms1 r1 upd R1_OTF_P_DRILL_ONCE_1 RS_UNTESTED {"fluent_values":[true,false],"histories":[["stopOldSpec_P_AVOID_STAMPING_1"],["stopOldSpec_P_AVOID_STAMPING_1","clean.1","cleanNOk.1"]],"monitor_states":[1,-1]} NOT_APPLICABLE UNVERIFIED_ENTRY_VALUATION_LANGUAGE
productioncell_arms1 r2 new P_NEW_TOOL_ORDER_1 RS_UNTESTED {"fluent_values":[false,false,false,false,false,false],"histories":[[],["drill.1","drillNOk.1"]],"monitor_states":[0,-1]} EXACT_ON_NONEMPTY_SAFE_ACTIVATION_DOMAIN NOT_APPLICABLE
productioncell_arms1 r2 new P_NEW_OUT_IF_FINISHED_1 RS_UNTESTED {"fluent_values":[false,false,false,false],"histories":[[],["out.1","clean.1"]],"monitor_states":[0,-1]} EXACT_ON_NONEMPTY_SAFE_ACTIVATION_DOMAIN NOT_APPLICABLE
productioncell_arms1 r2 new P_DRILL_ONCE_1 RS_UNTESTED {"fluent_values":[false,true],"histories":[["drillOk.1"],["drillOk.1","drill.1","clean.1"]],"monitor_states":[1,-1]} EXACT_ON_NONEMPTY_SAFE_ACTIVATION_DOMAIN NOT_APPLICABLE
productioncell_arms1 r2 new P_CLEAN_ONCE_1 RS_UNTESTED {"fluent_values":[false,true],"histories":[["cleanOk.1"],["cleanOk.1","clean.1","cleanNOk.1"]],"monitor_states":[1,-1]} EXACT_ON_NONEMPTY_SAFE_ACTIVATION_DOMAIN NOT_APPLICABLE
productioncell_arms1 r2 new P_PAINT_ONCE_1 RS_UNTESTED {"fluent_values":[false,true],"histories":[["paintOk.1"],["paintOk.1","paint.1","clean.1"]],"monitor_states":[1,-1]} EXACT_ON_NONEMPTY_SAFE_ACTIVATION_DOMAIN NOT_APPLICABLE
productioncell_arms1 r2 new P_AVOID_STAMPING_1 RS_UNTESTED {"fluent_values":[false],"histories":[[],["stamp.1","clean.1"]],"monitor_states":[0,-1]} EXACT_ON_NONEMPTY_SAFE_ACTIVATION_DOMAIN NOT_APPLICABLE
productioncell_arms1 r2 upd R2_StopOldSpec_P_POLISH_ONCE_1 RS_UNTESTED {"fluent_values":[true,true],"histories":[["hotSwapIn"],["hotSwapIn","reconfigure_PRODUCTION_CELL_1","hotSwapIn"]],"monitor_states":[1,-1]} NOT_APPLICABLE UNVERIFIED_ENTRY_VALUATION_LANGUAGE
productioncell_arms1 r2 upd R2_StopOldSpec_P_CLEAN_ONCE_1 RS_UNTESTED {"fluent_values":[true,true],"histories":[["hotSwapIn"],["hotSwapIn","reconfigure_PRODUCTION_CELL_1","hotSwapIn"]],"monitor_states":[1,-1]} NOT_APPLICABLE UNVERIFIED_ENTRY_VALUATION_LANGUAGE
productioncell_arms1 r2 upd R2_StopOldSpec_P_DRILL_ONCE_1 RS_UNTESTED {"fluent_values":[true,true],"histories":[["hotSwapIn"],["hotSwapIn","reconfigure_PRODUCTION_CELL_1","hotSwapIn"]],"monitor_states":[1,-1]} NOT_APPLICABLE UNVERIFIED_ENTRY_VALUATION_LANGUAGE
productioncell_arms1 r2 upd R2_StopOldSpec_P_OLD_OUT_IF_FINISHED_1 RS_UNTESTED {"fluent_values":[true,true],"histories":[["hotSwapIn"],["hotSwapIn","reconfigure_PRODUCTION_CELL_1","hotSwapIn"]],"monitor_states":[1,-1]} NOT_APPLICABLE UNVERIFIED_ENTRY_VALUATION_LANGUAGE
productioncell_arms1 r2 upd R2_StopOldSpec_P_OLD_TOOL_ORDER_1 RS_UNTESTED {"fluent_values":[true,true],"histories":[["hotSwapIn"],["hotSwapIn","reconfigure_PRODUCTION_CELL_1","hotSwapIn"]],"monitor_states":[1,-1]} NOT_APPLICABLE UNVERIFIED_ENTRY_VALUATION_LANGUAGE
productioncell_arms1 r2 upd R2_StopOldSpec_P_AVOID_STAMPING_1 RS_UNTESTED {"fluent_values":[true,true],"histories":[["hotSwapIn"],["hotSwapIn","reconfigure_PRODUCTION_CELL_1","hotSwapIn"]],"monitor_states":[1,-1]} NOT_APPLICABLE UNVERIFIED_ENTRY_VALUATION_LANGUAGE
productioncell_arms1 r2 upd R2_StartNewSpec_P_NEW_TOOL_ORDER_1 RS_UNTESTED {"fluent_values":[true,true],"histories":[["hotSwapIn"],["hotSwapIn","reconfigure_PRODUCTION_CELL_1","hotSwapIn"]],"monitor_states":[1,-1]} NOT_APPLICABLE UNVERIFIED_ENTRY_VALUATION_LANGUAGE
productioncell_arms1 r2 upd R2_StartNewSpec_P_AVOID_STAMPING_1 RS_UNTESTED {"fluent_values":[true,true],"histories":[["hotSwapIn"],["hotSwapIn","reconfigure_PRODUCTION_CELL_1","hotSwapIn"]],"monitor_states":[1,-1]} NOT_APPLICABLE UNVERIFIED_ENTRY_VALUATION_LANGUAGE
productioncell_arms1 r2 upd R2_StartNewSpec_P_NEW_OUT_IF_FINISHED_1 RS_UNTESTED {"fluent_values":[true,true],"histories":[["hotSwapIn"],["hotSwapIn","reconfigure_PRODUCTION_CELL_1","hotSwapIn"]],"monitor_states":[1,-1]} NOT_APPLICABLE UNVERIFIED_ENTRY_VALUATION_LANGUAGE
productioncell_arms1 r2 upd R2_StartNewSpec_P_PAINT_ONCE_1 RS_UNTESTED {"fluent_values":[true,true],"histories":[["hotSwapIn"],["hotSwapIn","reconfigure_PRODUCTION_CELL_1","hotSwapIn"]],"monitor_states":[1,-1]} NOT_APPLICABLE UNVERIFIED_ENTRY_VALUATION_LANGUAGE
productioncell_arms1 r2 upd R2_StartNewSpec_P_CLEAN_ONCE_1 RS_UNTESTED {"fluent_values":[true,true],"histories":[["hotSwapIn"],["hotSwapIn","reconfigure_PRODUCTION_CELL_1","hotSwapIn"]],"monitor_states":[1,-1]} NOT_APPLICABLE UNVERIFIED_ENTRY_VALUATION_LANGUAGE
productioncell_arms1 r2 upd R2_StartNewSpec_P_DRILL_ONCE_1 RS_UNTESTED {"fluent_values":[true,true],"histories":[["hotSwapIn"],["hotSwapIn","reconfigure_PRODUCTION_CELL_1","hotSwapIn"]],"monitor_states":[1,-1]} NOT_APPLICABLE UNVERIFIED_ENTRY_VALUATION_LANGUAGE
productioncell_arms2 base new P_NEW_TOOL_ORDER_1 RS_UNTESTED {"fluent_values":[false,false,false,false,false,false],"histories":[[],["drill.1","drillNOk.1"]],"monitor_states":[0,-1]} EXACT_ON_NONEMPTY_SAFE_ACTIVATION_DOMAIN NOT_APPLICABLE
productioncell_arms2 base new P_NEW_OUT_IF_FINISHED_1 RS_UNTESTED {"fluent_values":[false,false,false,false],"histories":[[],["out.1","clean.1"]],"monitor_states":[0,-1]} EXACT_ON_NONEMPTY_SAFE_ACTIVATION_DOMAIN NOT_APPLICABLE
productioncell_arms2 base new P_DRILL_ONCE_1 RS_UNTESTED {"fluent_values":[false,true],"histories":[["drillOk.1"],["drillOk.1","drill.1","clean.1"]],"monitor_states":[1,-1]} EXACT_ON_NONEMPTY_SAFE_ACTIVATION_DOMAIN NOT_APPLICABLE
productioncell_arms2 base new P_CLEAN_ONCE_1 RS_UNTESTED {"fluent_values":[false,true],"histories":[["cleanOk.1"],["cleanOk.1","clean.1","clean.2"]],"monitor_states":[1,-1]} EXACT_ON_NONEMPTY_SAFE_ACTIVATION_DOMAIN NOT_APPLICABLE
productioncell_arms2 base new P_PAINT_ONCE_1 RS_UNTESTED {"fluent_values":[false,true],"histories":[["paintOk.1"],["paintOk.1","paint.1","clean.1"]],"monitor_states":[1,-1]} EXACT_ON_NONEMPTY_SAFE_ACTIVATION_DOMAIN NOT_APPLICABLE
productioncell_arms2 base new P_AVOID_STAMPING_1 RS_UNTESTED {"fluent_values":[false],"histories":[[],["stamp.1","clean.1"]],"monitor_states":[0,-1]} EXACT_ON_NONEMPTY_SAFE_ACTIVATION_DOMAIN NOT_APPLICABLE
productioncell_arms2 base new P_NEW_TOOL_ORDER_2 RS_UNTESTED {"fluent_values":[false,false,false,false,false,false],"histories":[[],["drill.2","drillNOk.2"]],"monitor_states":[0,-1]} EXACT_ON_NONEMPTY_SAFE_ACTIVATION_DOMAIN NOT_APPLICABLE
productioncell_arms2 base new P_NEW_OUT_IF_FINISHED_2 RS_UNTESTED {"fluent_values":[false,false,false,false],"histories":[[],["out.2","clean.1"]],"monitor_states":[0,-1]} EXACT_ON_NONEMPTY_SAFE_ACTIVATION_DOMAIN NOT_APPLICABLE
productioncell_arms2 base new P_DRILL_ONCE_2 RS_UNTESTED {"fluent_values":[false,true],"histories":[["drillOk.2"],["drillOk.2","drill.2","clean.1"]],"monitor_states":[1,-1]} EXACT_ON_NONEMPTY_SAFE_ACTIVATION_DOMAIN NOT_APPLICABLE
productioncell_arms2 base new P_CLEAN_ONCE_2 RS_UNTESTED {"fluent_values":[false,true],"histories":[["cleanOk.2"],["cleanOk.2","clean.2","clean.1"]],"monitor_states":[1,-1]} EXACT_ON_NONEMPTY_SAFE_ACTIVATION_DOMAIN NOT_APPLICABLE
productioncell_arms2 base new P_PAINT_ONCE_2 RS_UNTESTED {"fluent_values":[false,true],"histories":[["paintOk.2"],["paintOk.2","paint.2","clean.1"]],"monitor_states":[1,-1]} EXACT_ON_NONEMPTY_SAFE_ACTIVATION_DOMAIN NOT_APPLICABLE
productioncell_arms2 base new P_AVOID_STAMPING_2 RS_UNTESTED {"fluent_values":[false],"histories":[[],["stamp.2","clean.1"]],"monitor_states":[0,-1]} EXACT_ON_NONEMPTY_SAFE_ACTIVATION_DOMAIN NOT_APPLICABLE
productioncell_arms2 r1 new P_NEW_TOOL_ORDER_1 RS_UNTESTED {"fluent_values":[false,false,false,false,false,false],"histories":[[],["drill.1","drillNOk.1"]],"monitor_states":[0,-1]} EXACT_ON_NONEMPTY_SAFE_ACTIVATION_DOMAIN NOT_APPLICABLE
productioncell_arms2 r1 new P_NEW_OUT_IF_FINISHED_1 RS_UNTESTED {"fluent_values":[false,false,false,false],"histories":[[],["out.1","clean.1"]],"monitor_states":[0,-1]} EXACT_ON_NONEMPTY_SAFE_ACTIVATION_DOMAIN NOT_APPLICABLE
productioncell_arms2 r1 new P_DRILL_ONCE_1 RS_UNTESTED {"fluent_values":[false,true],"histories":[["drillOk.1"],["drillOk.1","drill.1","clean.1"]],"monitor_states":[1,-1]} EXACT_ON_NONEMPTY_SAFE_ACTIVATION_DOMAIN NOT_APPLICABLE
productioncell_arms2 r1 new P_CLEAN_ONCE_1 RS_UNTESTED {"fluent_values":[false,true],"histories":[["cleanOk.1"],["cleanOk.1","clean.1","clean.2"]],"monitor_states":[1,-1]} EXACT_ON_NONEMPTY_SAFE_ACTIVATION_DOMAIN NOT_APPLICABLE
productioncell_arms2 r1 new P_PAINT_ONCE_1 RS_UNTESTED {"fluent_values":[false,true],"histories":[["paintOk.1"],["paintOk.1","paint.1","clean.1"]],"monitor_states":[1,-1]} EXACT_ON_NONEMPTY_SAFE_ACTIVATION_DOMAIN NOT_APPLICABLE
productioncell_arms2 r1 new P_AVOID_STAMPING_1 RS_UNTESTED {"fluent_values":[false],"histories":[[],["stamp.1","clean.1"]],"monitor_states":[0,-1]} EXACT_ON_NONEMPTY_SAFE_ACTIVATION_DOMAIN NOT_APPLICABLE
productioncell_arms2 r1 new P_NEW_TOOL_ORDER_2 RS_UNTESTED {"fluent_values":[false,false,false,false,false,false],"histories":[[],["drill.2","drillNOk.2"]],"monitor_states":[0,-1]} EXACT_ON_NONEMPTY_SAFE_ACTIVATION_DOMAIN NOT_APPLICABLE
productioncell_arms2 r1 new P_NEW_OUT_IF_FINISHED_2 RS_UNTESTED {"fluent_values":[false,false,false,false],"histories":[[],["out.2","clean.1"]],"monitor_states":[0,-1]} EXACT_ON_NONEMPTY_SAFE_ACTIVATION_DOMAIN NOT_APPLICABLE
productioncell_arms2 r1 new P_DRILL_ONCE_2 RS_UNTESTED {"fluent_values":[false,true],"histories":[["drillOk.2"],["drillOk.2","drill.2","clean.1"]],"monitor_states":[1,-1]} EXACT_ON_NONEMPTY_SAFE_ACTIVATION_DOMAIN NOT_APPLICABLE
productioncell_arms2 r1 new P_CLEAN_ONCE_2 RS_UNTESTED {"fluent_values":[false,true],"histories":[["cleanOk.2"],["cleanOk.2","clean.2","clean.1"]],"monitor_states":[1,-1]} EXACT_ON_NONEMPTY_SAFE_ACTIVATION_DOMAIN NOT_APPLICABLE
productioncell_arms2 r1 new P_PAINT_ONCE_2 RS_UNTESTED {"fluent_values":[false,true],"histories":[["paintOk.2"],["paintOk.2","paint.2","clean.1"]],"monitor_states":[1,-1]} EXACT_ON_NONEMPTY_SAFE_ACTIVATION_DOMAIN NOT_APPLICABLE
productioncell_arms2 r1 new P_AVOID_STAMPING_2 RS_UNTESTED {"fluent_values":[false],"histories":[[],["stamp.2","clean.1"]],"monitor_states":[0,-1]} EXACT_ON_NONEMPTY_SAFE_ACTIVATION_DOMAIN NOT_APPLICABLE
productioncell_arms2 r1 upd R1_OTF_P_NEW_TOOL_ORDER_1 RS_UNTESTED {"fluent_values":[true,false],"histories":[["stopOldSpec_P_AVOID_STAMPING_1"],["stopOldSpec_P_AVOID_STAMPING_1","clean.1","cleanNOk.1"]],"monitor_states":[1,-1]} NOT_APPLICABLE UNVERIFIED_ENTRY_VALUATION_LANGUAGE
productioncell_arms2 r1 upd R1_OTF_P_NEW_OUT_IF_FINISHED_1 RS_UNTESTED {"fluent_values":[true,false],"histories":[["stopOldSpec_P_AVOID_STAMPING_1"],["stopOldSpec_P_AVOID_STAMPING_1","clean.1","cleanNOk.1"]],"monitor_states":[1,-1]} NOT_APPLICABLE UNVERIFIED_ENTRY_VALUATION_LANGUAGE
productioncell_arms2 r1 upd R1_OTF_P_DRILL_ONCE_1 RS_UNTESTED {"fluent_values":[true,false],"histories":[["stopOldSpec_P_AVOID_STAMPING_1"],["stopOldSpec_P_AVOID_STAMPING_1","clean.1","cleanNOk.1"]],"monitor_states":[1,-1]} NOT_APPLICABLE UNVERIFIED_ENTRY_VALUATION_LANGUAGE
productioncell_arms2 r1 upd R1_OTF_P_CLEAN_ONCE_1 RS_UNTESTED {"fluent_values":[true,false],"histories":[["stopOldSpec_P_AVOID_STAMPING_1"],["stopOldSpec_P_AVOID_STAMPING_1","clean.1","cleanNOk.1"]],"monitor_states":[1,-1]} NOT_APPLICABLE UNVERIFIED_ENTRY_VALUATION_LANGUAGE
productioncell_arms2 r1 upd R1_OTF_P_PAINT_ONCE_1 RS_UNTESTED {"fluent_values":[true,false],"histories":[["stopOldSpec_P_AVOID_STAMPING_1"],["stopOldSpec_P_AVOID_STAMPING_1","clean.1","cleanNOk.1"]],"monitor_states":[1,-1]} NOT_APPLICABLE UNVERIFIED_ENTRY_VALUATION_LANGUAGE
productioncell_arms2 r1 upd R1_OTF_P_AVOID_STAMPING_1 RS_UNTESTED {"fluent_values":[true,false],"histories":[["stopOldSpec_P_AVOID_STAMPING_1"],["stopOldSpec_P_AVOID_STAMPING_1","clean.1","cleanNOk.1"]],"monitor_states":[1,-1]} NOT_APPLICABLE UNVERIFIED_ENTRY_VALUATION_LANGUAGE
productioncell_arms2 r1 upd R1_OTF_P_NEW_TOOL_ORDER_2 RS_UNTESTED {"fluent_values":[true,false],"histories":[["stopOldSpec_P_AVOID_STAMPING_1"],["stopOldSpec_P_AVOID_STAMPING_1","clean.1","cleanNOk.1"]],"monitor_states":[1,-1]} NOT_APPLICABLE UNVERIFIED_ENTRY_VALUATION_LANGUAGE
productioncell_arms2 r1 upd R1_OTF_P_NEW_OUT_IF_FINISHED_2 RS_UNTESTED {"fluent_values":[true,false],"histories":[["stopOldSpec_P_AVOID_STAMPING_1"],["stopOldSpec_P_AVOID_STAMPING_1","clean.1","cleanNOk.1"]],"monitor_states":[1,-1]} NOT_APPLICABLE UNVERIFIED_ENTRY_VALUATION_LANGUAGE
productioncell_arms2 r1 upd R1_OTF_P_DRILL_ONCE_2 RS_UNTESTED {"fluent_values":[true,false],"histories":[["stopOldSpec_P_AVOID_STAMPING_1"],["stopOldSpec_P_AVOID_STAMPING_1","clean.1","cleanNOk.1"]],"monitor_states":[1,-1]} NOT_APPLICABLE UNVERIFIED_ENTRY_VALUATION_LANGUAGE
productioncell_arms2 r1 upd R1_OTF_P_CLEAN_ONCE_2 RS_UNTESTED {"fluent_values":[true,false],"histories":[["stopOldSpec_P_AVOID_STAMPING_1"],["stopOldSpec_P_AVOID_STAMPING_1","clean.1","cleanNOk.1"]],"monitor_states":[1,-1]} NOT_APPLICABLE UNVERIFIED_ENTRY_VALUATION_LANGUAGE
productioncell_arms2 r1 upd R1_OTF_P_PAINT_ONCE_2 RS_UNTESTED {"fluent_values":[true,false],"histories":[["stopOldSpec_P_AVOID_STAMPING_1"],["stopOldSpec_P_AVOID_STAMPING_1","clean.1","cleanNOk.1"]],"monitor_states":[1,-1]} NOT_APPLICABLE UNVERIFIED_ENTRY_VALUATION_LANGUAGE
productioncell_arms2 r1 upd R1_OTF_P_AVOID_STAMPING_2 RS_UNTESTED {"fluent_values":[true,false],"histories":[["stopOldSpec_P_AVOID_STAMPING_1"],["stopOldSpec_P_AVOID_STAMPING_1","clean.1","cleanNOk.1"]],"monitor_states":[1,-1]} NOT_APPLICABLE UNVERIFIED_ENTRY_VALUATION_LANGUAGE
productioncell_arms2 r2 new P_NEW_TOOL_ORDER_1 RS_UNTESTED {"fluent_values":[false,false,false,false,false,false],"histories":[[],["drill.1","drillNOk.1"]],"monitor_states":[0,-1]} EXACT_ON_NONEMPTY_SAFE_ACTIVATION_DOMAIN NOT_APPLICABLE
productioncell_arms2 r2 new P_NEW_OUT_IF_FINISHED_1 RS_UNTESTED {"fluent_values":[false,false,false,false],"histories":[[],["out.1","clean.1"]],"monitor_states":[0,-1]} EXACT_ON_NONEMPTY_SAFE_ACTIVATION_DOMAIN NOT_APPLICABLE
productioncell_arms2 r2 new P_DRILL_ONCE_1 RS_UNTESTED {"fluent_values":[false,true],"histories":[["drillOk.1"],["drillOk.1","drill.1","clean.1"]],"monitor_states":[1,-1]} EXACT_ON_NONEMPTY_SAFE_ACTIVATION_DOMAIN NOT_APPLICABLE
productioncell_arms2 r2 new P_CLEAN_ONCE_1 RS_UNTESTED {"fluent_values":[false,true],"histories":[["cleanOk.1"],["cleanOk.1","clean.1","clean.2"]],"monitor_states":[1,-1]} EXACT_ON_NONEMPTY_SAFE_ACTIVATION_DOMAIN NOT_APPLICABLE
productioncell_arms2 r2 new P_PAINT_ONCE_1 RS_UNTESTED {"fluent_values":[false,true],"histories":[["paintOk.1"],["paintOk.1","paint.1","clean.1"]],"monitor_states":[1,-1]} EXACT_ON_NONEMPTY_SAFE_ACTIVATION_DOMAIN NOT_APPLICABLE
productioncell_arms2 r2 new P_AVOID_STAMPING_1 RS_UNTESTED {"fluent_values":[false],"histories":[[],["stamp.1","clean.1"]],"monitor_states":[0,-1]} EXACT_ON_NONEMPTY_SAFE_ACTIVATION_DOMAIN NOT_APPLICABLE
productioncell_arms2 r2 new P_NEW_TOOL_ORDER_2 RS_UNTESTED {"fluent_values":[false,false,false,false,false,false],"histories":[[],["drill.2","drillNOk.2"]],"monitor_states":[0,-1]} EXACT_ON_NONEMPTY_SAFE_ACTIVATION_DOMAIN NOT_APPLICABLE
productioncell_arms2 r2 new P_NEW_OUT_IF_FINISHED_2 RS_UNTESTED {"fluent_values":[false,false,false,false],"histories":[[],["out.2","clean.1"]],"monitor_states":[0,-1]} EXACT_ON_NONEMPTY_SAFE_ACTIVATION_DOMAIN NOT_APPLICABLE
productioncell_arms2 r2 new P_DRILL_ONCE_2 RS_UNTESTED {"fluent_values":[false,true],"histories":[["drillOk.2"],["drillOk.2","drill.2","clean.1"]],"monitor_states":[1,-1]} EXACT_ON_NONEMPTY_SAFE_ACTIVATION_DOMAIN NOT_APPLICABLE
productioncell_arms2 r2 new P_CLEAN_ONCE_2 RS_UNTESTED {"fluent_values":[false,true],"histories":[["cleanOk.2"],["cleanOk.2","clean.2","clean.1"]],"monitor_states":[1,-1]} EXACT_ON_NONEMPTY_SAFE_ACTIVATION_DOMAIN NOT_APPLICABLE
productioncell_arms2 r2 new P_PAINT_ONCE_2 RS_UNTESTED {"fluent_values":[false,true],"histories":[["paintOk.2"],["paintOk.2","paint.2","clean.1"]],"monitor_states":[1,-1]} EXACT_ON_NONEMPTY_SAFE_ACTIVATION_DOMAIN NOT_APPLICABLE
productioncell_arms2 r2 new P_AVOID_STAMPING_2 RS_UNTESTED {"fluent_values":[false],"histories":[[],["stamp.2","clean.1"]],"monitor_states":[0,-1]} EXACT_ON_NONEMPTY_SAFE_ACTIVATION_DOMAIN NOT_APPLICABLE
productioncell_arms2 r2 upd R2_StopOldSpec_P_OLD_TOOL_ORDER_1 RS_UNTESTED {"fluent_values":[true,true],"histories":[["hotSwapIn"],["hotSwapIn","reconfigure_PRODUCTION_CELL_1","hotSwapIn"]],"monitor_states":[1,-1]} NOT_APPLICABLE UNVERIFIED_ENTRY_VALUATION_LANGUAGE
productioncell_arms2 r2 upd R2_StopOldSpec_P_POLISH_ONCE_1 RS_UNTESTED {"fluent_values":[true,true],"histories":[["hotSwapIn"],["hotSwapIn","reconfigure_PRODUCTION_CELL_1","hotSwapIn"]],"monitor_states":[1,-1]} NOT_APPLICABLE UNVERIFIED_ENTRY_VALUATION_LANGUAGE
productioncell_arms2 r2 upd R2_StopOldSpec_P_OLD_OUT_IF_FINISHED_1 RS_UNTESTED {"fluent_values":[true,true],"histories":[["hotSwapIn"],["hotSwapIn","reconfigure_PRODUCTION_CELL_1","hotSwapIn"]],"monitor_states":[1,-1]} NOT_APPLICABLE UNVERIFIED_ENTRY_VALUATION_LANGUAGE
productioncell_arms2 r2 upd R2_StopOldSpec_P_DRILL_ONCE_1 RS_UNTESTED {"fluent_values":[true,true],"histories":[["hotSwapIn"],["hotSwapIn","reconfigure_PRODUCTION_CELL_1","hotSwapIn"]],"monitor_states":[1,-1]} NOT_APPLICABLE UNVERIFIED_ENTRY_VALUATION_LANGUAGE
productioncell_arms2 r2 upd R2_StopOldSpec_P_CLEAN_ONCE_1 RS_UNTESTED {"fluent_values":[true,true],"histories":[["hotSwapIn"],["hotSwapIn","reconfigure_PRODUCTION_CELL_1","hotSwapIn"]],"monitor_states":[1,-1]} NOT_APPLICABLE UNVERIFIED_ENTRY_VALUATION_LANGUAGE
productioncell_arms2 r2 upd R2_StopOldSpec_P_AVOID_STAMPING_1 RS_UNTESTED {"fluent_values":[true,true],"histories":[["hotSwapIn"],["hotSwapIn","reconfigure_PRODUCTION_CELL_1","hotSwapIn"]],"monitor_states":[1,-1]} NOT_APPLICABLE UNVERIFIED_ENTRY_VALUATION_LANGUAGE
productioncell_arms2 r2 upd R2_StopOldSpec_P_OLD_TOOL_ORDER_2 RS_UNTESTED {"fluent_values":[true,true],"histories":[["hotSwapIn"],["hotSwapIn","reconfigure_PRODUCTION_CELL_2","hotSwapIn"]],"monitor_states":[1,-1]} NOT_APPLICABLE UNVERIFIED_ENTRY_VALUATION_LANGUAGE
productioncell_arms2 r2 upd R2_StopOldSpec_P_POLISH_ONCE_2 RS_UNTESTED {"fluent_values":[true,true],"histories":[["hotSwapIn"],["hotSwapIn","reconfigure_PRODUCTION_CELL_2","hotSwapIn"]],"monitor_states":[1,-1]} NOT_APPLICABLE UNVERIFIED_ENTRY_VALUATION_LANGUAGE
productioncell_arms2 r2 upd R2_StopOldSpec_P_OLD_OUT_IF_FINISHED_2 RS_UNTESTED {"fluent_values":[true,true],"histories":[["hotSwapIn"],["hotSwapIn","reconfigure_PRODUCTION_CELL_2","hotSwapIn"]],"monitor_states":[1,-1]} NOT_APPLICABLE UNVERIFIED_ENTRY_VALUATION_LANGUAGE
productioncell_arms2 r2 upd R2_StopOldSpec_P_DRILL_ONCE_2 RS_UNTESTED {"fluent_values":[true,true],"histories":[["hotSwapIn"],["hotSwapIn","reconfigure_PRODUCTION_CELL_2","hotSwapIn"]],"monitor_states":[1,-1]} NOT_APPLICABLE UNVERIFIED_ENTRY_VALUATION_LANGUAGE
productioncell_arms2 r2 upd R2_StopOldSpec_P_CLEAN_ONCE_2 RS_UNTESTED {"fluent_values":[true,true],"histories":[["hotSwapIn"],["hotSwapIn","reconfigure_PRODUCTION_CELL_2","hotSwapIn"]],"monitor_states":[1,-1]} NOT_APPLICABLE UNVERIFIED_ENTRY_VALUATION_LANGUAGE
productioncell_arms2 r2 upd R2_StopOldSpec_P_AVOID_STAMPING_2 RS_UNTESTED {"fluent_values":[true,true],"histories":[["hotSwapIn"],["hotSwapIn","reconfigure_PRODUCTION_CELL_2","hotSwapIn"]],"monitor_states":[1,-1]} NOT_APPLICABLE UNVERIFIED_ENTRY_VALUATION_LANGUAGE
productioncell_arms2 r2 upd R2_StartNewSpec_P_NEW_TOOL_ORDER_1 RS_UNTESTED {"fluent_values":[true,true],"histories":[["hotSwapIn"],["hotSwapIn","reconfigure_PRODUCTION_CELL_1","hotSwapIn"]],"monitor_states":[1,-1]} NOT_APPLICABLE UNVERIFIED_ENTRY_VALUATION_LANGUAGE
productioncell_arms2 r2 upd R2_StartNewSpec_P_NEW_OUT_IF_FINISHED_1 RS_UNTESTED {"fluent_values":[true,true],"histories":[["hotSwapIn"],["hotSwapIn","reconfigure_PRODUCTION_CELL_1","hotSwapIn"]],"monitor_states":[1,-1]} NOT_APPLICABLE UNVERIFIED_ENTRY_VALUATION_LANGUAGE
productioncell_arms2 r2 upd R2_StartNewSpec_P_DRILL_ONCE_1 RS_UNTESTED {"fluent_values":[true,true],"histories":[["hotSwapIn"],["hotSwapIn","reconfigure_PRODUCTION_CELL_1","hotSwapIn"]],"monitor_states":[1,-1]} NOT_APPLICABLE UNVERIFIED_ENTRY_VALUATION_LANGUAGE
productioncell_arms2 r2 upd R2_StartNewSpec_P_CLEAN_ONCE_1 RS_UNTESTED {"fluent_values":[true,true],"histories":[["hotSwapIn"],["hotSwapIn","reconfigure_PRODUCTION_CELL_1","hotSwapIn"]],"monitor_states":[1,-1]} NOT_APPLICABLE UNVERIFIED_ENTRY_VALUATION_LANGUAGE
productioncell_arms2 r2 upd R2_StartNewSpec_P_PAINT_ONCE_1 RS_UNTESTED {"fluent_values":[true,true],"histories":[["hotSwapIn"],["hotSwapIn","reconfigure_PRODUCTION_CELL_1","hotSwapIn"]],"monitor_states":[1,-1]} NOT_APPLICABLE UNVERIFIED_ENTRY_VALUATION_LANGUAGE
productioncell_arms2 r2 upd R2_StartNewSpec_P_AVOID_STAMPING_1 RS_UNTESTED {"fluent_values":[true,true],"histories":[["hotSwapIn"],["hotSwapIn","reconfigure_PRODUCTION_CELL_1","hotSwapIn"]],"monitor_states":[1,-1]} NOT_APPLICABLE UNVERIFIED_ENTRY_VALUATION_LANGUAGE
productioncell_arms2 r2 upd R2_StartNewSpec_P_NEW_TOOL_ORDER_2 RS_UNTESTED {"fluent_values":[true,true],"histories":[["hotSwapIn"],["hotSwapIn","reconfigure_PRODUCTION_CELL_2","hotSwapIn"]],"monitor_states":[1,-1]} NOT_APPLICABLE UNVERIFIED_ENTRY_VALUATION_LANGUAGE
productioncell_arms2 r2 upd R2_StartNewSpec_P_NEW_OUT_IF_FINISHED_2 RS_UNTESTED {"fluent_values":[true,true],"histories":[["hotSwapIn"],["hotSwapIn","reconfigure_PRODUCTION_CELL_2","hotSwapIn"]],"monitor_states":[1,-1]} NOT_APPLICABLE UNVERIFIED_ENTRY_VALUATION_LANGUAGE
productioncell_arms2 r2 upd R2_StartNewSpec_P_DRILL_ONCE_2 RS_UNTESTED {"fluent_values":[true,true],"histories":[["hotSwapIn"],["hotSwapIn","reconfigure_PRODUCTION_CELL_2","hotSwapIn"]],"monitor_states":[1,-1]} NOT_APPLICABLE UNVERIFIED_ENTRY_VALUATION_LANGUAGE
productioncell_arms2 r2 upd R2_StartNewSpec_P_CLEAN_ONCE_2 RS_UNTESTED {"fluent_values":[true,true],"histories":[["hotSwapIn"],["hotSwapIn","reconfigure_PRODUCTION_CELL_2","hotSwapIn"]],"monitor_states":[1,-1]} NOT_APPLICABLE UNVERIFIED_ENTRY_VALUATION_LANGUAGE
productioncell_arms2 r2 upd R2_StartNewSpec_P_PAINT_ONCE_2 RS_UNTESTED {"fluent_values":[true,true],"histories":[["hotSwapIn"],["hotSwapIn","reconfigure_PRODUCTION_CELL_2","hotSwapIn"]],"monitor_states":[1,-1]} NOT_APPLICABLE UNVERIFIED_ENTRY_VALUATION_LANGUAGE
productioncell_arms2 r2 upd R2_StartNewSpec_P_AVOID_STAMPING_2 RS_UNTESTED {"fluent_values":[true,true],"histories":[["hotSwapIn"],["hotSwapIn","reconfigure_PRODUCTION_CELL_2","hotSwapIn"]],"monitor_states":[1,-1]} NOT_APPLICABLE UNVERIFIED_ENTRY_VALUATION_LANGUAGE
railcab base new P_BRAKE_DURING_LASTBRAKE RS_UNTESTED {"fluent_values":[false,true],"histories":[["lastEmergencyBrake"],["lastEmergencyBrake","brake","approachingCrossing"]],"monitor_states":[1,-1]} EXACT_ON_NONEMPTY_SAFE_ACTIVATION_DOMAIN NOT_APPLICABLE
railcab base new P_EBRAKE_DURING_ELASTBRAKE RS_UNTESTED {"fluent_values":[false,true],"histories":[["noReturn"],["noReturn","emergencyBrake","approachingCrossing"]],"monitor_states":[1,-1]} EXACT_ON_NONEMPTY_SAFE_ACTIVATION_DOMAIN NOT_APPLICABLE
railcab base new P_NEW_NOT_CRASH RS_UNTESTED {"fluent_values":[false,false,false,false,false],"histories":[[],["noReturn","endOfTS"]],"monitor_states":[0,-1]} EXACT_ON_NONEMPTY_SAFE_ACTIVATION_DOMAIN NOT_APPLICABLE
railcab base new P_CHECK_STATUS_BEFORE_LAST_EMERGENCY_BRAKE RS_UNTESTED {"fluent_values":[true,false],"histories":[["lastEmergencyBrake"],["lastEmergencyBrake","checkCrossingStatus","approachingCrossing"]],"monitor_states":[1,-1]} EXACT_ON_NONEMPTY_SAFE_ACTIVATION_DOMAIN NOT_APPLICABLE
railcab base new P_BRAKE_IF_SOMETHING_BAD RS_UNTESTED {"fluent_values":[false,false,false],"histories":[[],["brake","approachingCrossing"]],"monitor_states":[0,-1]} EXACT_ON_NONEMPTY_SAFE_ACTIVATION_DOMAIN NOT_APPLICABLE
railcab base new P_EBRAKE_IF_SOMETHING_BAD RS_UNTESTED {"fluent_values":[false,false,false],"histories":[[],["emergencyBrake","approachingCrossing"]],"monitor_states":[0,-1]} EXACT_ON_NONEMPTY_SAFE_ACTIVATION_DOMAIN NOT_APPLICABLE
railcab base new P_CHECK_STATUS_AFTER_APPROACHING_CROSSING RS_UNTESTED {"fluent_values":[false,true,false],"histories":[["approachingCrossing"],["checkCrossingStatus","approachingCrossing"]],"monitor_states":[1,-1]} EXACT_ON_NONEMPTY_SAFE_ACTIVATION_DOMAIN NOT_APPLICABLE
railcab r1 new P_BRAKE_DURING_LASTBRAKE RS_UNTESTED {"fluent_values":[false,true],"histories":[["lastEmergencyBrake"],["lastEmergencyBrake","brake","approachingCrossing"]],"monitor_states":[1,-1]} EXACT_ON_NONEMPTY_SAFE_ACTIVATION_DOMAIN NOT_APPLICABLE
railcab r1 new P_EBRAKE_DURING_ELASTBRAKE RS_UNTESTED {"fluent_values":[false,true],"histories":[["noReturn"],["noReturn","emergencyBrake","approachingCrossing"]],"monitor_states":[1,-1]} EXACT_ON_NONEMPTY_SAFE_ACTIVATION_DOMAIN NOT_APPLICABLE
railcab r1 new P_NEW_NOT_CRASH RS_UNTESTED {"fluent_values":[false,false,false,false,false],"histories":[[],["noReturn","endOfTS"]],"monitor_states":[0,-1]} EXACT_ON_NONEMPTY_SAFE_ACTIVATION_DOMAIN NOT_APPLICABLE
railcab r1 new P_CHECK_STATUS_BEFORE_LAST_EMERGENCY_BRAKE RS_UNTESTED {"fluent_values":[true,false],"histories":[["lastEmergencyBrake"],["lastEmergencyBrake","checkCrossingStatus","approachingCrossing"]],"monitor_states":[1,-1]} EXACT_ON_NONEMPTY_SAFE_ACTIVATION_DOMAIN NOT_APPLICABLE
railcab r1 new P_BRAKE_IF_SOMETHING_BAD RS_UNTESTED {"fluent_values":[false,false,false],"histories":[[],["brake","approachingCrossing"]],"monitor_states":[0,-1]} EXACT_ON_NONEMPTY_SAFE_ACTIVATION_DOMAIN NOT_APPLICABLE
railcab r1 new P_EBRAKE_IF_SOMETHING_BAD RS_UNTESTED {"fluent_values":[false,false,false],"histories":[[],["emergencyBrake","approachingCrossing"]],"monitor_states":[0,-1]} EXACT_ON_NONEMPTY_SAFE_ACTIVATION_DOMAIN NOT_APPLICABLE
railcab r1 new P_CHECK_STATUS_AFTER_APPROACHING_CROSSING RS_UNTESTED {"fluent_values":[false,true,false],"histories":[["approachingCrossing"],["checkCrossingStatus","approachingCrossing"]],"monitor_states":[1,-1]} EXACT_ON_NONEMPTY_SAFE_ACTIVATION_DOMAIN NOT_APPLICABLE
railcab r1 upd R1_OTF_P_BRAKE_DURING_LASTBRAKE RS_UNTESTED {"fluent_values":[true,false],"histories":[["stopOldSpec_P_BRAKE_DURING_LASTBRAKE"],["stopOldSpec_P_BRAKE_DURING_LASTBRAKE","brake","approachingCrossing"]],"monitor_states":[1,-1]} NOT_APPLICABLE UNVERIFIED_ENTRY_VALUATION_LANGUAGE
railcab r1 upd R1_OTF_P_EBRAKE_DURING_ELASTBRAKE RS_UNTESTED {"fluent_values":[true,false],"histories":[["stopOldSpec_P_BRAKE_DURING_LASTBRAKE"],["stopOldSpec_P_BRAKE_DURING_LASTBRAKE","brake","approachingCrossing"]],"monitor_states":[1,-1]} NOT_APPLICABLE UNVERIFIED_ENTRY_VALUATION_LANGUAGE
railcab r1 upd R1_OTF_P_NEW_NOT_CRASH RS_UNTESTED {"fluent_values":[true,false],"histories":[["stopOldSpec_P_BRAKE_DURING_LASTBRAKE"],["stopOldSpec_P_BRAKE_DURING_LASTBRAKE","brake","approachingCrossing"]],"monitor_states":[1,-1]} NOT_APPLICABLE UNVERIFIED_ENTRY_VALUATION_LANGUAGE
railcab r1 upd R1_OTF_P_CHECK_STATUS_BEFORE_LAST_EMERGENCY_BRAKE RS_UNTESTED {"fluent_values":[true,false],"histories":[["stopOldSpec_P_BRAKE_DURING_LASTBRAKE"],["stopOldSpec_P_BRAKE_DURING_LASTBRAKE","brake","approachingCrossing"]],"monitor_states":[1,-1]} NOT_APPLICABLE UNVERIFIED_ENTRY_VALUATION_LANGUAGE
railcab r1 upd R1_OTF_P_BRAKE_IF_SOMETHING_BAD RS_UNTESTED {"fluent_values":[true,false],"histories":[["stopOldSpec_P_BRAKE_DURING_LASTBRAKE"],["stopOldSpec_P_BRAKE_DURING_LASTBRAKE","brake","approachingCrossing"]],"monitor_states":[1,-1]} NOT_APPLICABLE UNVERIFIED_ENTRY_VALUATION_LANGUAGE
railcab r1 upd R1_OTF_P_EBRAKE_IF_SOMETHING_BAD RS_UNTESTED {"fluent_values":[true,false],"histories":[["stopOldSpec_P_BRAKE_DURING_LASTBRAKE"],["stopOldSpec_P_BRAKE_DURING_LASTBRAKE","brake","approachingCrossing"]],"monitor_states":[1,-1]} NOT_APPLICABLE UNVERIFIED_ENTRY_VALUATION_LANGUAGE
railcab r1 upd R1_OTF_P_CHECK_STATUS_AFTER_APPROACHING_CROSSING RS_UNTESTED {"fluent_values":[true,false],"histories":[["stopOldSpec_P_BRAKE_DURING_LASTBRAKE"],["stopOldSpec_P_BRAKE_DURING_LASTBRAKE","brake","approachingCrossing"]],"monitor_states":[1,-1]} NOT_APPLICABLE UNVERIFIED_ENTRY_VALUATION_LANGUAGE
railcab r2 new P_BRAKE_DURING_LASTBRAKE RS_UNTESTED {"fluent_values":[false,true],"histories":[["lastEmergencyBrake"],["lastEmergencyBrake","brake","approachingCrossing"]],"monitor_states":[1,-1]} EXACT_ON_NONEMPTY_SAFE_ACTIVATION_DOMAIN NOT_APPLICABLE
railcab r2 new P_EBRAKE_DURING_ELASTBRAKE RS_UNTESTED {"fluent_values":[false,true],"histories":[["noReturn"],["noReturn","emergencyBrake","approachingCrossing"]],"monitor_states":[1,-1]} EXACT_ON_NONEMPTY_SAFE_ACTIVATION_DOMAIN NOT_APPLICABLE
railcab r2 new P_NEW_NOT_CRASH RS_UNTESTED {"fluent_values":[false,false,false,false,false],"histories":[[],["noReturn","endOfTS"]],"monitor_states":[0,-1]} EXACT_ON_NONEMPTY_SAFE_ACTIVATION_DOMAIN NOT_APPLICABLE
railcab r2 new P_CHECK_STATUS_BEFORE_LAST_EMERGENCY_BRAKE RS_UNTESTED {"fluent_values":[true,false],"histories":[["lastEmergencyBrake"],["lastEmergencyBrake","checkCrossingStatus","approachingCrossing"]],"monitor_states":[1,-1]} EXACT_ON_NONEMPTY_SAFE_ACTIVATION_DOMAIN NOT_APPLICABLE
railcab r2 new P_BRAKE_IF_SOMETHING_BAD RS_UNTESTED {"fluent_values":[false,false,false],"histories":[[],["brake","approachingCrossing"]],"monitor_states":[0,-1]} EXACT_ON_NONEMPTY_SAFE_ACTIVATION_DOMAIN NOT_APPLICABLE
railcab r2 new P_EBRAKE_IF_SOMETHING_BAD RS_UNTESTED {"fluent_values":[false,false,false],"histories":[[],["emergencyBrake","approachingCrossing"]],"monitor_states":[0,-1]} EXACT_ON_NONEMPTY_SAFE_ACTIVATION_DOMAIN NOT_APPLICABLE
railcab r2 new P_CHECK_STATUS_AFTER_APPROACHING_CROSSING RS_UNTESTED {"fluent_values":[false,true,false],"histories":[["approachingCrossing"],["checkCrossingStatus","approachingCrossing"]],"monitor_states":[1,-1]} EXACT_ON_NONEMPTY_SAFE_ACTIVATION_DOMAIN NOT_APPLICABLE
railcab r2 upd R2_StopOldSpec_P_BRAKE_DURING_LASTBRAKE RS_UNTESTED {"fluent_values":[true,true,true,true],"histories":[["hotSwapIn"],["hotSwapIn","reconfigure_MILESTONES","hotSwapIn"]],"monitor_states":[1,-1]} NOT_APPLICABLE UNVERIFIED_ENTRY_VALUATION_LANGUAGE
railcab r2 upd R2_StopOldSpec_P_EBRAKE_DURING_ELASTBRAKE RS_UNTESTED {"fluent_values":[true,true,true,true],"histories":[["hotSwapIn"],["hotSwapIn","reconfigure_MILESTONES","hotSwapIn"]],"monitor_states":[1,-1]} NOT_APPLICABLE UNVERIFIED_ENTRY_VALUATION_LANGUAGE
railcab r2 upd R2_StopOldSpec_P_BRAKE_ONLY_IF_IM_NOT_ALLOWED RS_UNTESTED {"fluent_values":[true,true,true,true],"histories":[["hotSwapIn"],["hotSwapIn","reconfigure_MILESTONES","hotSwapIn"]],"monitor_states":[1,-1]} NOT_APPLICABLE UNVERIFIED_ENTRY_VALUATION_LANGUAGE
railcab r2 upd R2_StopOldSpec_P_NOT_CRASH RS_UNTESTED {"fluent_values":[true,true,true,true],"histories":[["hotSwapIn"],["hotSwapIn","reconfigure_MILESTONES","hotSwapIn"]],"monitor_states":[1,-1]} NOT_APPLICABLE UNVERIFIED_ENTRY_VALUATION_LANGUAGE
railcab r2 upd R2_StopOldSpec_P_EBRAKE_ONLY_IF_IM_NOT_ALLOWED RS_UNTESTED {"fluent_values":[true,true,true,true],"histories":[["hotSwapIn"],["hotSwapIn","reconfigure_MILESTONES","hotSwapIn"]],"monitor_states":[1,-1]} NOT_APPLICABLE UNVERIFIED_ENTRY_VALUATION_LANGUAGE
railcab r2 upd R2_StartNewSpec_P_EBRAKE_DURING_ELASTBRAKE RS_UNTESTED {"fluent_values":[true,true,true,true,true],"histories":[["hotSwapIn"],["hotSwapIn","reconfigure_ANOTHER_REQUEST","hotSwapIn"]],"monitor_states":[1,-1]} NOT_APPLICABLE UNVERIFIED_ENTRY_VALUATION_LANGUAGE
railcab r2 upd R2_StartNewSpec_P_EBRAKE_IF_SOMETHING_BAD RS_UNTESTED {"fluent_values":[true,true,true,true,true],"histories":[["hotSwapIn"],["hotSwapIn","reconfigure_ANOTHER_REQUEST","hotSwapIn"]],"monitor_states":[1,-1]} NOT_APPLICABLE UNVERIFIED_ENTRY_VALUATION_LANGUAGE
railcab r2 upd R2_StartNewSpec_P_CHECK_STATUS_AFTER_APPROACHING_CROSSING RS_UNTESTED {"fluent_values":[true,true,true,true,true],"histories":[["hotSwapIn"],["hotSwapIn","reconfigure_ANOTHER_REQUEST","hotSwapIn"]],"monitor_states":[1,-1]} NOT_APPLICABLE UNVERIFIED_ENTRY_VALUATION_LANGUAGE
railcab r2 upd R2_StartNewSpec_P_BRAKE_DURING_LASTBRAKE RS_UNTESTED {"fluent_values":[true,true,true,true,true],"histories":[["hotSwapIn"],["hotSwapIn","reconfigure_ANOTHER_REQUEST","hotSwapIn"]],"monitor_states":[1,-1]} NOT_APPLICABLE UNVERIFIED_ENTRY_VALUATION_LANGUAGE
railcab r2 upd R2_StartNewSpec_P_BRAKE_IF_SOMETHING_BAD RS_UNTESTED {"fluent_values":[true,true,true,true,true],"histories":[["hotSwapIn"],["hotSwapIn","reconfigure_ANOTHER_REQUEST","hotSwapIn"]],"monitor_states":[1,-1]} NOT_APPLICABLE UNVERIFIED_ENTRY_VALUATION_LANGUAGE
railcab r2 upd R2_StartNewSpec_P_CHECK_STATUS_BEFORE_LAST_EMERGENCY_BRAKE RS_UNTESTED {"fluent_values":[true,true,true,true,true],"histories":[["hotSwapIn"],["hotSwapIn","reconfigure_ANOTHER_REQUEST","hotSwapIn"]],"monitor_states":[1,-1]} NOT_APPLICABLE UNVERIFIED_ENTRY_VALUATION_LANGUAGE
surveillance base new P_ALWAYS_FLY_LOW RS_UNTESTED {"fluent_values":[true,false,false],"histories":[["takeoff"],["high","takeoff","low"]],"monitor_states":[1,-1]} EXACT_ON_NONEMPTY_SAFE_ACTIVATION_DOMAIN NOT_APPLICABLE
surveillance base new P_FOLLOWING_ACTIONS RS_UNTESTED {"fluent_values":[false,true,false,false,false,true],"histories":[["follow"],["picture","follow"]],"monitor_states":[1,-1]} EXACT_ON_NONEMPTY_SAFE_ACTIVATION_DOMAIN NOT_APPLICABLE
surveillance base new P_NO_FOLLOW_BEFORE_SCAN RS_UNTESTED {"fluent_values":[false,false],"histories":[[],["follow","high"]],"monitor_states":[0,-1]} EXACT_ON_NONEMPTY_SAFE_ACTIVATION_DOMAIN NOT_APPLICABLE
surveillance base new P_HIGH_PRIORITY_TO_MISSION RS_UNTESTED {"fluent_values":[false,false],"histories":[[],["return2base","follow"]],"monitor_states":[0,-1]} EXACT_ON_NONEMPTY_SAFE_ACTIVATION_DOMAIN NOT_APPLICABLE
surveillance base new P_NEW_HOW_TO_MOVE RS_UNTESTED {"fluent_values":[false,true,false],"histories":[["follow"],["follow","move","follow"]],"monitor_states":[1,-1]} EXACT_ON_NONEMPTY_SAFE_ACTIVATION_DOMAIN NOT_APPLICABLE
surveillance base new P_DONT_SCAN_TWICE RS_UNTESTED {"fluent_values":[false,true],"histories":[["scan.val.0"],["scan.val.0","scan","follow"]],"monitor_states":[1,-1]} EXACT_ON_NONEMPTY_SAFE_ACTIVATION_DOMAIN NOT_APPLICABLE
surveillance base new P_BATTERY_SAFETY_NEW RS_UNTESTED {"fluent_values":[true,false],"histories":[["lowBattery"],["lowBattery","follow","lowBattery"]],"monitor_states":[1,-1]} EXACT_ON_NONEMPTY_SAFE_ACTIVATION_DOMAIN NOT_APPLICABLE
surveillance r1 new P_ALWAYS_FLY_LOW RS_UNTESTED {"fluent_values":[true,false,false],"histories":[["takeoff"],["high","takeoff","low"]],"monitor_states":[1,-1]} EXACT_ON_NONEMPTY_SAFE_ACTIVATION_DOMAIN NOT_APPLICABLE
surveillance r1 new P_FOLLOWING_ACTIONS RS_UNTESTED {"fluent_values":[false,true,false,false,false,true],"histories":[["follow"],["picture","follow"]],"monitor_states":[1,-1]} EXACT_ON_NONEMPTY_SAFE_ACTIVATION_DOMAIN NOT_APPLICABLE
surveillance r1 new P_NO_FOLLOW_BEFORE_SCAN RS_UNTESTED {"fluent_values":[false,false],"histories":[[],["follow","high"]],"monitor_states":[0,-1]} EXACT_ON_NONEMPTY_SAFE_ACTIVATION_DOMAIN NOT_APPLICABLE
surveillance r1 new P_HIGH_PRIORITY_TO_MISSION RS_UNTESTED {"fluent_values":[false,false],"histories":[[],["return2base","follow"]],"monitor_states":[0,-1]} EXACT_ON_NONEMPTY_SAFE_ACTIVATION_DOMAIN NOT_APPLICABLE
surveillance r1 new P_NEW_HOW_TO_MOVE RS_UNTESTED {"fluent_values":[false,true,false],"histories":[["follow"],["follow","move","follow"]],"monitor_states":[1,-1]} EXACT_ON_NONEMPTY_SAFE_ACTIVATION_DOMAIN NOT_APPLICABLE
surveillance r1 new P_DONT_SCAN_TWICE RS_UNTESTED {"fluent_values":[false,true],"histories":[["scan.val.0"],["scan.val.0","scan","follow"]],"monitor_states":[1,-1]} EXACT_ON_NONEMPTY_SAFE_ACTIVATION_DOMAIN NOT_APPLICABLE
surveillance r1 new P_BATTERY_SAFETY_NEW RS_UNTESTED {"fluent_values":[true,false],"histories":[["lowBattery"],["lowBattery","follow","lowBattery"]],"monitor_states":[1,-1]} EXACT_ON_NONEMPTY_SAFE_ACTIVATION_DOMAIN NOT_APPLICABLE
surveillance r1 upd R1_OTF_P_ALWAYS_FLY_LOW RS_UNTESTED {"fluent_values":[true,false],"histories":[["stopOldSpec_P_ALWAYS_FLY_HIGH"],["stopOldSpec_P_ALWAYS_FLY_HIGH","follow","hotSwapIn"]],"monitor_states":[1,-1]} NOT_APPLICABLE UNVERIFIED_ENTRY_VALUATION_LANGUAGE
surveillance r1 upd R1_OTF_P_FOLLOWING_ACTIONS RS_UNTESTED {"fluent_values":[true,false],"histories":[["stopOldSpec_P_ALWAYS_FLY_HIGH"],["stopOldSpec_P_ALWAYS_FLY_HIGH","follow","hotSwapIn"]],"monitor_states":[1,-1]} NOT_APPLICABLE UNVERIFIED_ENTRY_VALUATION_LANGUAGE
surveillance r1 upd R1_OTF_P_NO_FOLLOW_BEFORE_SCAN RS_UNTESTED {"fluent_values":[true,false],"histories":[["stopOldSpec_P_ALWAYS_FLY_HIGH"],["stopOldSpec_P_ALWAYS_FLY_HIGH","follow","hotSwapIn"]],"monitor_states":[1,-1]} NOT_APPLICABLE UNVERIFIED_ENTRY_VALUATION_LANGUAGE
surveillance r1 upd R1_OTF_P_HIGH_PRIORITY_TO_MISSION RS_UNTESTED {"fluent_values":[true,false],"histories":[["stopOldSpec_P_ALWAYS_FLY_HIGH"],["stopOldSpec_P_ALWAYS_FLY_HIGH","follow","hotSwapIn"]],"monitor_states":[1,-1]} NOT_APPLICABLE UNVERIFIED_ENTRY_VALUATION_LANGUAGE
surveillance r1 upd R1_OTF_P_NEW_HOW_TO_MOVE RS_UNTESTED {"fluent_values":[true,false],"histories":[["stopOldSpec_P_ALWAYS_FLY_HIGH"],["stopOldSpec_P_ALWAYS_FLY_HIGH","follow","hotSwapIn"]],"monitor_states":[1,-1]} NOT_APPLICABLE UNVERIFIED_ENTRY_VALUATION_LANGUAGE
surveillance r1 upd R1_OTF_P_DONT_SCAN_TWICE RS_UNTESTED {"fluent_values":[true,false],"histories":[["stopOldSpec_P_ALWAYS_FLY_HIGH"],["stopOldSpec_P_ALWAYS_FLY_HIGH","follow","hotSwapIn"]],"monitor_states":[1,-1]} NOT_APPLICABLE UNVERIFIED_ENTRY_VALUATION_LANGUAGE
surveillance r1 upd R1_OTF_P_BATTERY_SAFETY_NEW RS_UNTESTED {"fluent_values":[true,false],"histories":[["stopOldSpec_P_ALWAYS_FLY_HIGH"],["stopOldSpec_P_ALWAYS_FLY_HIGH","follow","hotSwapIn"]],"monitor_states":[1,-1]} NOT_APPLICABLE UNVERIFIED_ENTRY_VALUATION_LANGUAGE
surveillance r2 new P_ALWAYS_FLY_LOW RS_UNTESTED {"fluent_values":[true,false,false],"histories":[["takeoff"],["high","takeoff","low"]],"monitor_states":[1,-1]} EXACT_ON_NONEMPTY_SAFE_ACTIVATION_DOMAIN NOT_APPLICABLE
surveillance r2 new P_FOLLOWING_ACTIONS RS_UNTESTED {"fluent_values":[false,true,false,false,false,true],"histories":[["follow"],["picture","follow"]],"monitor_states":[1,-1]} EXACT_ON_NONEMPTY_SAFE_ACTIVATION_DOMAIN NOT_APPLICABLE
surveillance r2 new P_NO_FOLLOW_BEFORE_SCAN RS_UNTESTED {"fluent_values":[false,false],"histories":[[],["follow","high"]],"monitor_states":[0,-1]} EXACT_ON_NONEMPTY_SAFE_ACTIVATION_DOMAIN NOT_APPLICABLE
surveillance r2 new P_HIGH_PRIORITY_TO_MISSION RS_UNTESTED {"fluent_values":[false,false],"histories":[[],["return2base","follow"]],"monitor_states":[0,-1]} EXACT_ON_NONEMPTY_SAFE_ACTIVATION_DOMAIN NOT_APPLICABLE
surveillance r2 new P_NEW_HOW_TO_MOVE RS_UNTESTED {"fluent_values":[false,true,false],"histories":[["follow"],["follow","move","follow"]],"monitor_states":[1,-1]} EXACT_ON_NONEMPTY_SAFE_ACTIVATION_DOMAIN NOT_APPLICABLE
surveillance r2 new P_DONT_SCAN_TWICE RS_UNTESTED {"fluent_values":[false,true],"histories":[["scan.val.0"],["scan.val.0","scan","follow"]],"monitor_states":[1,-1]} EXACT_ON_NONEMPTY_SAFE_ACTIVATION_DOMAIN NOT_APPLICABLE
surveillance r2 new P_BATTERY_SAFETY_NEW RS_UNTESTED {"fluent_values":[true,false],"histories":[["lowBattery"],["lowBattery","follow","lowBattery"]],"monitor_states":[1,-1]} EXACT_ON_NONEMPTY_SAFE_ACTIVATION_DOMAIN NOT_APPLICABLE
surveillance r2 upd R2_StopOldSpec_P_HIGH_PRIORITY_TO_MISSION RS_UNTESTED {"fluent_values":[true,true,true],"histories":[["hotSwapIn"],["hotSwapIn","reconfigure_BATTERY_COUNTER","hotSwapIn"]],"monitor_states":[1,-1]} NOT_APPLICABLE UNVERIFIED_ENTRY_VALUATION_LANGUAGE
surveillance r2 upd R2_StopOldSpec_P_DONT_SCAN_TWICE RS_UNTESTED {"fluent_values":[true,true,true],"histories":[["hotSwapIn"],["hotSwapIn","reconfigure_BATTERY_COUNTER","hotSwapIn"]],"monitor_states":[1,-1]} NOT_APPLICABLE UNVERIFIED_ENTRY_VALUATION_LANGUAGE
surveillance r2 upd R2_StopOldSpec_P_ALWAYS_FLY_HIGH RS_UNTESTED {"fluent_values":[true,true,true],"histories":[["hotSwapIn"],["hotSwapIn","reconfigure_BATTERY_COUNTER","hotSwapIn"]],"monitor_states":[1,-1]} NOT_APPLICABLE UNVERIFIED_ENTRY_VALUATION_LANGUAGE
surveillance r2 upd R2_StopOldSpec_P_DETECTED_ACTIONS RS_UNTESTED {"fluent_values":[true,true,true],"histories":[["hotSwapIn"],["hotSwapIn","reconfigure_BATTERY_COUNTER","hotSwapIn"]],"monitor_states":[1,-1]} NOT_APPLICABLE UNVERIFIED_ENTRY_VALUATION_LANGUAGE
surveillance r2 upd R2_StopOldSpec_P_HOW_TO_MOVE RS_UNTESTED {"fluent_values":[true,true,true],"histories":[["hotSwapIn"],["hotSwapIn","reconfigure_BATTERY_COUNTER","hotSwapIn"]],"monitor_states":[1,-1]} NOT_APPLICABLE UNVERIFIED_ENTRY_VALUATION_LANGUAGE
surveillance r2 upd R2_StopOldSpec_P_DONT_PICTURE_TWICE RS_UNTESTED {"fluent_values":[true,true,true],"histories":[["hotSwapIn"],["hotSwapIn","reconfigure_BATTERY_COUNTER","hotSwapIn"]],"monitor_states":[1,-1]} NOT_APPLICABLE UNVERIFIED_ENTRY_VALUATION_LANGUAGE
surveillance r2 upd R2_StopOldSpec_P_BATTERY_SAFETY_OLD RS_UNTESTED {"fluent_values":[true,true,true],"histories":[["hotSwapIn"],["hotSwapIn","reconfigure_BATTERY_COUNTER","hotSwapIn"]],"monitor_states":[1,-1]} NOT_APPLICABLE UNVERIFIED_ENTRY_VALUATION_LANGUAGE
surveillance r2 upd R2_StartNewSpec_P_HIGH_PRIORITY_TO_MISSION RS_UNTESTED {"fluent_values":[true,true,true],"histories":[["hotSwapIn"],["hotSwapIn","reconfigure_BATTERY_COUNTER","hotSwapIn"]],"monitor_states":[1,-1]} NOT_APPLICABLE UNVERIFIED_ENTRY_VALUATION_LANGUAGE
surveillance r2 upd R2_StartNewSpec_P_ALWAYS_FLY_LOW RS_UNTESTED {"fluent_values":[true,true,true],"histories":[["hotSwapIn"],["hotSwapIn","reconfigure_BATTERY_COUNTER","hotSwapIn"]],"monitor_states":[1,-1]} NOT_APPLICABLE UNVERIFIED_ENTRY_VALUATION_LANGUAGE
surveillance r2 upd R2_StartNewSpec_P_NO_FOLLOW_BEFORE_SCAN RS_UNTESTED {"fluent_values":[true,true,true],"histories":[["hotSwapIn"],["hotSwapIn","reconfigure_BATTERY_COUNTER","hotSwapIn"]],"monitor_states":[1,-1]} NOT_APPLICABLE UNVERIFIED_ENTRY_VALUATION_LANGUAGE
surveillance r2 upd R2_StartNewSpec_P_NEW_HOW_TO_MOVE RS_UNTESTED {"fluent_values":[true,true,true],"histories":[["hotSwapIn"],["hotSwapIn","reconfigure_BATTERY_COUNTER","hotSwapIn"]],"monitor_states":[1,-1]} NOT_APPLICABLE UNVERIFIED_ENTRY_VALUATION_LANGUAGE
surveillance r2 upd R2_StartNewSpec_P_DONT_SCAN_TWICE RS_UNTESTED {"fluent_values":[true,true,true],"histories":[["hotSwapIn"],["hotSwapIn","reconfigure_BATTERY_COUNTER","hotSwapIn"]],"monitor_states":[1,-1]} NOT_APPLICABLE UNVERIFIED_ENTRY_VALUATION_LANGUAGE
surveillance r2 upd R2_StartNewSpec_P_FOLLOWING_ACTIONS RS_UNTESTED {"fluent_values":[true,true,true],"histories":[["hotSwapIn"],["hotSwapIn","reconfigure_BATTERY_COUNTER","hotSwapIn"]],"monitor_states":[1,-1]} NOT_APPLICABLE UNVERIFIED_ENTRY_VALUATION_LANGUAGE
surveillance r2 upd R2_StartNewSpec_P_BATTERY_SAFETY_NEW RS_UNTESTED {"fluent_values":[true,true,true],"histories":[["hotSwapIn"],["hotSwapIn","reconfigure_BATTERY_COUNTER","hotSwapIn"]],"monitor_states":[1,-1]} NOT_APPLICABLE UNVERIFIED_ENTRY_VALUATION_LANGUAGE
workflow base new P_SEQUENTIAL RS_UNTESTED {"fluent_values":[false,true,true],"histories":[["endBilling","endShipping"],["endShipping","endBilling"]],"monitor_states":[1,-1]} EXACT_ON_NONEMPTY_SAFE_ACTIVATION_DOMAIN NOT_APPLICABLE
workflow base new P_AVOID_ROLLBACK RS_UNTESTED {"fluent_values":[false],"histories":[[],["rollback","approve"]],"monitor_states":[0,-1]} EXACT_ON_NONEMPTY_SAFE_ACTIVATION_DOMAIN NOT_APPLICABLE
workflow base new P_EVAL_POLICY RS_UNTESTED {"fluent_values":[false,false,false],"histories":[[],["eval","approve"]],"monitor_states":[0,-1]} EXACT_ON_NONEMPTY_SAFE_ACTIVATION_DOMAIN NOT_APPLICABLE
workflow base new P_ARCHIVE_POLICY RS_UNTESTED {"fluent_values":[false,false,false],"histories":[[],["archive","approve"]],"monitor_states":[0,-1]} EXACT_ON_NONEMPTY_SAFE_ACTIVATION_DOMAIN NOT_APPLICABLE
workflow base new P_INITS_POLICY RS_UNTESTED {"fluent_values":[false,false,false,false,true,false],"histories":[["approve"],["initBilling","approve"]],"monitor_states":[2,-1]} EXACT_ON_NONEMPTY_SAFE_ACTIVATION_DOMAIN NOT_APPLICABLE
workflow base new P_DONT_INIT_TWICE RS_UNTESTED {"fluent_values":[false,false,false,false,false,false,true,false],"histories":[["endBilling"],["endBilling","initBilling","approve"]],"monitor_states":[4,-1]} EXACT_ON_NONEMPTY_SAFE_ACTIVATION_DOMAIN NOT_APPLICABLE
workflow r1 new P_SEQUENTIAL RS_UNTESTED {"fluent_values":[false,true,true],"histories":[["endBilling","endShipping"],["endShipping","endBilling"]],"monitor_states":[1,-1]} EXACT_ON_NONEMPTY_SAFE_ACTIVATION_DOMAIN NOT_APPLICABLE
workflow r1 new P_AVOID_ROLLBACK RS_UNTESTED {"fluent_values":[false],"histories":[[],["rollback","approve"]],"monitor_states":[0,-1]} EXACT_ON_NONEMPTY_SAFE_ACTIVATION_DOMAIN NOT_APPLICABLE
workflow r1 new P_EVAL_POLICY RS_UNTESTED {"fluent_values":[false,false,false],"histories":[[],["eval","approve"]],"monitor_states":[0,-1]} EXACT_ON_NONEMPTY_SAFE_ACTIVATION_DOMAIN NOT_APPLICABLE
workflow r1 new P_ARCHIVE_POLICY RS_UNTESTED {"fluent_values":[false,false,false],"histories":[[],["archive","approve"]],"monitor_states":[0,-1]} EXACT_ON_NONEMPTY_SAFE_ACTIVATION_DOMAIN NOT_APPLICABLE
workflow r1 new P_INITS_POLICY RS_UNTESTED {"fluent_values":[false,false,false,false,true,false],"histories":[["approve"],["initBilling","approve"]],"monitor_states":[2,-1]} EXACT_ON_NONEMPTY_SAFE_ACTIVATION_DOMAIN NOT_APPLICABLE
workflow r1 new P_DONT_INIT_TWICE RS_UNTESTED {"fluent_values":[false,false,false,false,false,false,true,false],"histories":[["endBilling"],["endBilling","initBilling","approve"]],"monitor_states":[4,-1]} EXACT_ON_NONEMPTY_SAFE_ACTIVATION_DOMAIN NOT_APPLICABLE
workflow r1 upd R1_OTF_P_SEQUENTIAL RS_UNTESTED {"fluent_values":[true,false],"histories":[["stopOldSpec_P_ARCHIVE_POLICY"],["stopOldSpec_P_ARCHIVE_POLICY","archive","approve"]],"monitor_states":[1,-1]} NOT_APPLICABLE UNVERIFIED_ENTRY_VALUATION_LANGUAGE
workflow r1 upd R1_OTF_P_AVOID_ROLLBACK RS_UNTESTED {"fluent_values":[true,false],"histories":[["stopOldSpec_P_ARCHIVE_POLICY"],["stopOldSpec_P_ARCHIVE_POLICY","archive","approve"]],"monitor_states":[1,-1]} NOT_APPLICABLE UNVERIFIED_ENTRY_VALUATION_LANGUAGE
workflow r1 upd R1_OTF_P_EVAL_POLICY RS_UNTESTED {"fluent_values":[true,false],"histories":[["stopOldSpec_P_ARCHIVE_POLICY"],["stopOldSpec_P_ARCHIVE_POLICY","archive","approve"]],"monitor_states":[1,-1]} NOT_APPLICABLE UNVERIFIED_ENTRY_VALUATION_LANGUAGE
workflow r1 upd R1_OTF_P_ARCHIVE_POLICY RS_UNTESTED {"fluent_values":[true,false],"histories":[["stopOldSpec_P_ARCHIVE_POLICY"],["stopOldSpec_P_ARCHIVE_POLICY","archive","approve"]],"monitor_states":[1,-1]} NOT_APPLICABLE UNVERIFIED_ENTRY_VALUATION_LANGUAGE
workflow r1 upd R1_OTF_P_INITS_POLICY RS_UNTESTED {"fluent_values":[true,false],"histories":[["stopOldSpec_P_ARCHIVE_POLICY"],["stopOldSpec_P_ARCHIVE_POLICY","archive","approve"]],"monitor_states":[1,-1]} NOT_APPLICABLE UNVERIFIED_ENTRY_VALUATION_LANGUAGE
workflow r1 upd R1_OTF_P_DONT_INIT_TWICE RS_UNTESTED {"fluent_values":[true,false],"histories":[["stopOldSpec_P_ARCHIVE_POLICY"],["stopOldSpec_P_ARCHIVE_POLICY","archive","approve"]],"monitor_states":[1,-1]} NOT_APPLICABLE UNVERIFIED_ENTRY_VALUATION_LANGUAGE
workflow r2 new P_SEQUENTIAL RS_UNTESTED {"fluent_values":[false,true,true],"histories":[["endBilling","endShipping"],["endShipping","endBilling"]],"monitor_states":[1,-1]} EXACT_ON_NONEMPTY_SAFE_ACTIVATION_DOMAIN NOT_APPLICABLE
workflow r2 new P_AVOID_ROLLBACK RS_UNTESTED {"fluent_values":[false],"histories":[[],["rollback","approve"]],"monitor_states":[0,-1]} EXACT_ON_NONEMPTY_SAFE_ACTIVATION_DOMAIN NOT_APPLICABLE
workflow r2 new P_EVAL_POLICY RS_UNTESTED {"fluent_values":[false,false,false],"histories":[[],["eval","approve"]],"monitor_states":[0,-1]} EXACT_ON_NONEMPTY_SAFE_ACTIVATION_DOMAIN NOT_APPLICABLE
workflow r2 new P_ARCHIVE_POLICY RS_UNTESTED {"fluent_values":[false,false,false],"histories":[[],["archive","approve"]],"monitor_states":[0,-1]} EXACT_ON_NONEMPTY_SAFE_ACTIVATION_DOMAIN NOT_APPLICABLE
workflow r2 new P_INITS_POLICY RS_UNTESTED {"fluent_values":[false,false,false,false,true,false],"histories":[["approve"],["initBilling","approve"]],"monitor_states":[2,-1]} EXACT_ON_NONEMPTY_SAFE_ACTIVATION_DOMAIN NOT_APPLICABLE
workflow r2 new P_DONT_INIT_TWICE RS_UNTESTED {"fluent_values":[false,false,false,false,false,false,true,false],"histories":[["endBilling"],["endBilling","initBilling","approve"]],"monitor_states":[4,-1]} EXACT_ON_NONEMPTY_SAFE_ACTIVATION_DOMAIN NOT_APPLICABLE
workflow r2 upd R2_StopOldSpec_P_AVOID_ROLLBACK RS_UNTESTED {"fluent_values":[true,true],"histories":[["hotSwapIn"],["hotSwapIn","reconfigure_ENTRY","hotSwapIn"]],"monitor_states":[1,-1]} NOT_APPLICABLE UNVERIFIED_ENTRY_VALUATION_LANGUAGE
workflow r2 upd R2_StopOldSpec_P_EVAL_POLICY RS_UNTESTED {"fluent_values":[true,true,true,true],"histories":[["hotSwapIn"],["hotSwapIn","reconfigure_CREDIT","hotSwapIn"]],"monitor_states":[1,-1]} NOT_APPLICABLE UNVERIFIED_ENTRY_VALUATION_LANGUAGE
workflow r2 upd R2_StopOldSpec_P_ARCHIVE_POLICY RS_UNTESTED {"fluent_values":[true,true,true,true],"histories":[["hotSwapIn"],["hotSwapIn","reconfigure_BILLING","hotSwapIn"]],"monitor_states":[1,-1]} NOT_APPLICABLE UNVERIFIED_ENTRY_VALUATION_LANGUAGE
workflow r2 upd R2_StopOldSpec_P_INITS_POLICY RS_UNTESTED {"fluent_values":[true,true,true,true,true,true],"histories":[["hotSwapIn"],["hotSwapIn","reconfigure_BILLING","hotSwapIn"]],"monitor_states":[1,-1]} NOT_APPLICABLE UNVERIFIED_ENTRY_VALUATION_LANGUAGE
workflow r2 upd R2_StopOldSpec_P_DONT_INIT_TWICE RS_UNTESTED {"fluent_values":[true,true,true,true,true,true],"histories":[["hotSwapIn"],["hotSwapIn","reconfigure_BILLING","hotSwapIn"]],"monitor_states":[1,-1]} NOT_APPLICABLE UNVERIFIED_ENTRY_VALUATION_LANGUAGE
workflow r2 upd R2_StartNewSpec_P_SEQUENTIAL RS_UNTESTED {"fluent_values":[true,true,true,true],"histories":[["hotSwapIn"],["hotSwapIn","reconfigure_BILLING","hotSwapIn"]],"monitor_states":[1,-1]} NOT_APPLICABLE UNVERIFIED_ENTRY_VALUATION_LANGUAGE
workflow r2 upd R2_StartNewSpec_P_AVOID_ROLLBACK RS_UNTESTED {"fluent_values":[true,true],"histories":[["hotSwapIn"],["hotSwapIn","reconfigure_ENTRY","hotSwapIn"]],"monitor_states":[1,-1]} NOT_APPLICABLE UNVERIFIED_ENTRY_VALUATION_LANGUAGE
workflow r2 upd R2_StartNewSpec_P_EVAL_POLICY RS_UNTESTED {"fluent_values":[true,true,true,true],"histories":[["hotSwapIn"],["hotSwapIn","reconfigure_CREDIT","hotSwapIn"]],"monitor_states":[1,-1]} NOT_APPLICABLE UNVERIFIED_ENTRY_VALUATION_LANGUAGE
workflow r2 upd R2_StartNewSpec_P_ARCHIVE_POLICY RS_UNTESTED {"fluent_values":[true,true,true,true],"histories":[["hotSwapIn"],["hotSwapIn","reconfigure_BILLING","hotSwapIn"]],"monitor_states":[1,-1]} NOT_APPLICABLE UNVERIFIED_ENTRY_VALUATION_LANGUAGE
workflow r2 upd R2_StartNewSpec_P_INITS_POLICY RS_UNTESTED {"fluent_values":[true,true,true,true,true,true],"histories":[["hotSwapIn"],["hotSwapIn","reconfigure_BILLING","hotSwapIn"]],"monitor_states":[1,-1]} NOT_APPLICABLE UNVERIFIED_ENTRY_VALUATION_LANGUAGE
workflow r2 upd R2_StartNewSpec_P_DONT_INIT_TWICE RS_UNTESTED {"fluent_values":[true,true,true,true,true,true],"histories":[["hotSwapIn"],["hotSwapIn","reconfigure_BILLING","hotSwapIn"]],"monitor_states":[1,-1]} NOT_APPLICABLE UNVERIFIED_ENTRY_VALUATION_LANGUAGE
H_COLUMNS_UNCHANGED 273
{"RSAEUnverifiedOccurrences": 135, "RSAExactNew": 138, "RSAExactOccurrences": 138, "RSAUnverifiedNew": 0, "RSClassifiedOccurrences": 273, "RSEExactOccurrences": 0, "RSEExactUpd": 0, "RSEObserverSyncOccurrences": 89, "RSEResetConsistentOccurrences": 135, "RSEUnverifiedUpd": 135, "RSExactOccurrences": 0, "RSFluentDeterminedOccurrences": 0, "RSMonitorOccurrences": 273, "RSNewOccurrences": 138, "RSUnclassifiedOccurrences": 0, "RSUntestedOccurrences": 273, "RSUpdOccurrences": 135, "RSUpdateOccurrences": 135}

EXIT: 0
PREEXISTING_RAW_FILES_UNCHANGED: True (44)
