COMMAND: python3 experiments/rs_coverage/check_tests.py
test_a_discards_error_suffix_but_preserves_h_counterexample (__main__.CoverageTests) ... ok
test_a_distinguishing_continuation_rejects_language_mismatch (__main__.CoverageTests) ... ok
test_a_empty_safe_domain_and_error_priority_do_not_prove_nonemptiness (__main__.CoverageTests) ... ok
test_a_frontend_observer_mismatch_is_not_certified (__main__.CoverageTests) ... ok
test_a_uses_language_equivalence_not_state_identity (__main__.CoverageTests) ... ok
test_all_saved_counterexamples_replay_to_equal_values_and_unequal_states (__main__.CoverageTests) ... ok
test_cap_and_nondeterminism_cannot_be_reported_as_proof (__main__.CoverageTests) ... ok
test_constant_update_initializer_is_not_implied_by_fluent_determination (__main__.CoverageTests) ... ok
test_distinct_nonerror_states_with_same_fluent_value_are_rejected (__main__.CoverageTests) ... ok
test_e_checks_exported_boundary_and_never_counts_preentry_begin_twice (__main__.CoverageTests) ... ok
test_e_observer_sync_and_compiled_reset_do_not_certify_entry_language (__main__.CoverageTests) ... ok
test_e_preserves_observer_difference_without_claiming_language_counterexample (__main__.CoverageTests) ... ok
test_initially_true_state_is_preserved_before_false_then_restoration (__main__.CoverageTests) ... ok
test_lookup_observer_disagreement_blocks_exact_even_if_reference_is_determined (__main__.CoverageTests) ... ok
test_monotone_bad_fluent_passes_new_exact_sufficient_condition (__main__.CoverageTests) ... ok
test_nonerror_single_state_is_not_sufficient_when_error_and_fluent_restore (__main__.CoverageTests) ... ok
test_one_shot_groups_preserve_distinct_labels_and_do_not_repeat (__main__.CoverageTests) ... ok
test_saved_a_e_cohort_and_one_shot_observer_witnesses (__main__.CoverageTests) ... ok
test_saved_contract_census_parses_actual_csv_header (__main__.CoverageTests) ... ok
test_universal_update_monitor_can_pass_both_checks (__main__.CoverageTests) ... ok

----------------------------------------------------------------------
Ran 20 tests in 1.083s

OK

EXIT: 0
