E2 process exited and all 27 first attempts are terminal. Starting separate E1 CLI smoke.
E1 CLI smoke none WIN 31 
E1 CLI smoke transfers WIN 31 
E1 CLI smoke boundaries WIN 31 
E1 CLI smoke both WIN 31 
E1 CLI smoke passed, including none vs existing first-trial metrics.
[1/54] pass1 gsm__base__rep01__lazy_merge_transfers
  WIN, states=31
[2/54] pass1 gsm__base__rep01__lazy_merge_boundaries
  WIN, states=31
[3/54] pass1 gsm__base__rep01__lazy_merge_both
  WIN, states=31
[4/54] pass1 gsm__r1__rep01__lazy_merge_transfers
  WIN, states=34
[5/54] pass1 gsm__r1__rep01__lazy_merge_boundaries
  WIN, states=34
[6/54] pass1 gsm__r1__rep01__lazy_merge_both
  WIN, states=34
[7/54] pass1 industry__base__rep01__lazy_merge_transfers
  WIN, states=240
[8/54] pass1 industry__base__rep01__lazy_merge_boundaries
  WIN, states=222
[9/54] pass1 industry__base__rep01__lazy_merge_both
  WIN, states=190
[10/54] pass1 industry__r1__rep01__lazy_merge_transfers
  LOSS, states=10411
[11/54] pass1 industry__r1__rep01__lazy_merge_boundaries
  LOSS, states=1129
[12/54] pass1 industry__r1__rep01__lazy_merge_both
  LOSS, states=402
[13/54] pass1 metasocket__base__rep01__lazy_merge_transfers
  WIN, states=7
[14/54] pass1 metasocket__base__rep01__lazy_merge_boundaries
  WIN, states=8
[15/54] pass1 metasocket__base__rep01__lazy_merge_both
  WIN, states=7
[16/54] pass1 metasocket__r1__rep01__lazy_merge_transfers
  WIN, states=7
[17/54] pass1 metasocket__r1__rep01__lazy_merge_boundaries
  WIN, states=8
[18/54] pass1 metasocket__r1__rep01__lazy_merge_both
  WIN, states=7
[19/54] pass1 powerplant__base__rep01__lazy_merge_transfers
  WIN, states=63
[20/54] pass1 powerplant__base__rep01__lazy_merge_boundaries
  WIN, states=41
[21/54] pass1 powerplant__base__rep01__lazy_merge_both
  WIN, states=31
[22/54] pass1 powerplant__r1__rep01__lazy_merge_transfers
  WIN, states=452
[23/54] pass1 powerplant__r1__rep01__lazy_merge_boundaries
  WIN, states=95
[24/54] pass1 powerplant__r1__rep01__lazy_merge_both
  WIN, states=54
[25/54] pass1 productioncell_arms1__base__rep01__lazy_merge_transfers
  WIN, states=83
[26/54] pass1 productioncell_arms1__base__rep01__lazy_merge_boundaries
  WIN, states=31
[27/54] pass1 productioncell_arms1__base__rep01__lazy_merge_both
  WIN, states=31
[28/54] pass1 productioncell_arms1__r1__rep01__lazy_merge_transfers
  WIN, states=94
[29/54] pass1 productioncell_arms1__r1__rep01__lazy_merge_boundaries
  WIN, states=34
[30/54] pass1 productioncell_arms1__r1__rep01__lazy_merge_both
  WIN, states=34
[31/54] pass1 productioncell_arms2__base__rep01__lazy_merge_transfers
  WIN, states=2394
[32/54] pass1 productioncell_arms2__base__rep01__lazy_merge_boundaries
  WIN, states=491
[33/54] pass1 productioncell_arms2__base__rep01__lazy_merge_both
  WIN, states=358
[34/54] pass1 productioncell_arms2__r1__rep01__lazy_merge_transfers
  WIN, states=2311
[35/54] pass1 productioncell_arms2__r1__rep01__lazy_merge_boundaries
  WIN, states=440
[36/54] pass1 productioncell_arms2__r1__rep01__lazy_merge_both
  WIN, states=323
[37/54] pass1 railcab__base__rep01__lazy_merge_transfers
  WIN, states=82
[38/54] pass1 railcab__base__rep01__lazy_merge_boundaries
  WIN, states=103
[39/54] pass1 railcab__base__rep01__lazy_merge_both
  WIN, states=48
[40/54] pass1 railcab__r1__rep01__lazy_merge_transfers
  WIN, states=3266
[41/54] pass1 railcab__r1__rep01__lazy_merge_boundaries
  WIN, states=783
[42/54] pass1 railcab__r1__rep01__lazy_merge_both
  WIN, states=187
[43/54] pass1 surveillance__base__rep01__lazy_merge_transfers
  WIN, states=4705
[44/54] pass1 surveillance__base__rep01__lazy_merge_boundaries
  WIN, states=1729
[45/54] pass1 surveillance__base__rep01__lazy_merge_both
  WIN, states=1133
[46/54] pass1 surveillance__r1__rep01__lazy_merge_transfers
  WIN, states=59624
[47/54] pass1 surveillance__r1__rep01__lazy_merge_boundaries
  WIN, states=3389
[48/54] pass1 surveillance__r1__rep01__lazy_merge_both
  WIN, states=1568
[49/54] pass1 workflow__base__rep01__lazy_merge_transfers
  WIN, states=119
[50/54] pass1 workflow__base__rep01__lazy_merge_boundaries
  WIN, states=84
[51/54] pass1 workflow__base__rep01__lazy_merge_both
  WIN, states=52
[52/54] pass1 workflow__r1__rep01__lazy_merge_transfers
  WIN, states=252
[53/54] pass1 workflow__r1__rep01__lazy_merge_boundaries
  WIN, states=200
[54/54] pass1 workflow__r1__rep01__lazy_merge_both
  WIN, states=59
{'e2': {'outcomes': {'WIN': 16, 'LOSS': 1, 'TO': 10}, 'strictly_fewer_states': ['Industry/Base', 'Industry/R1', 'Industry/R2', 'MetaSocket/Base', 'MetaSocket/R1', 'MetaSocket/R2', 'PowerPlant/Base', 'PowerPlant/R1', 'PowerPlant/R2', 'Railcab/R2'], 'equal_states': ['GSM/Base', 'GSM/R1', 'GSM/R2', 'PC1/Base', 'PC1/R1', 'PC1/R2'], 'more_states_than_eager': ['GSM/R1', 'PowerPlant/R1'], 'equal_states_to_eager': ['GSM/Base', 'GSM/R2', 'Industry/Base', 'Industry/R2', 'MetaSocket/Base', 'MetaSocket/R1', 'MetaSocket/R2', 'PowerPlant/Base', 'PowerPlant/R2', 'PC1/Base', 'PC1/R1', 'PC1/R2', 'Railcab/R2', 'Workflow/R2'], 'fewer_states_than_eager': [], 'equal_states_fewer_queries_than_df': ['PC1/Base', 'PC1/R2'], 'equal_states_fewer_queries_than_eager': [], 'failures': []}, 'e1': {'outcomes': {'WIN': 51, 'LOSS': 3}, 'completed_comparisons': 54, 'changed_trials': 'none among the completed comparable trials', 'changed_trial_count': 0, 'changed_pairs': [], 'changed_pair_count': 0, 'changed_inputs': [], 'changed_input_count': 0}}
