[1/27] pass1 gsm__base__rep01__direct_full_ucpruned
  WIN, states=75
[2/27] pass1 gsm__r1__rep01__direct_full_ucpruned
  WIN, states=115
[3/27] pass1 gsm__r2__rep01__direct_full_ucpruned
  WIN, states=68
[4/27] pass1 industry__base__rep01__direct_full_ucpruned
  WIN, states=109726
[5/27] pass1 industry__r1__rep01__direct_full_ucpruned
  LOSS, states=94046
[6/27] pass1 industry__r2__rep01__direct_full_ucpruned
  WIN, states=27752
[7/27] pass1 metasocket__base__rep01__direct_full_ucpruned
  WIN, states=71
[8/27] pass1 metasocket__r1__rep01__direct_full_ucpruned
  WIN, states=88
[9/27] pass1 metasocket__r2__rep01__direct_full_ucpruned
  WIN, states=31
[10/27] pass1 powerplant__base__rep01__direct_full_ucpruned
  WIN, states=5634
[11/27] pass1 powerplant__r1__rep01__direct_full_ucpruned
  WIN, states=23408
[12/27] pass1 powerplant__r2__rep01__direct_full_ucpruned
  WIN, states=2810
[13/27] pass1 productioncell_arms1__base__rep01__direct_full_ucpruned
  WIN, states=407019
[14/27] pass1 productioncell_arms1__r1__rep01__direct_full_ucpruned
  TO, states=
[15/27] pass1 productioncell_arms1__r2__rep01__direct_full_ucpruned
  WIN, states=158218
[16/27] pass1 productioncell_arms2__base__rep01__direct_full_ucpruned
  TO, states=
[17/27] pass1 productioncell_arms2__r1__rep01__direct_full_ucpruned
  TO, states=
[18/27] pass1 productioncell_arms2__r2__rep01__direct_full_ucpruned
  TO, states=
[19/27] pass1 railcab__base__rep01__direct_full_ucpruned
  TO, states=
[20/27] pass1 railcab__r1__rep01__direct_full_ucpruned
  TO, states=
[21/27] pass1 railcab__r2__rep01__direct_full_ucpruned
  WIN, states=299700
[22/27] pass1 surveillance__base__rep01__direct_full_ucpruned
  TO, states=
[23/27] pass1 surveillance__r1__rep01__direct_full_ucpruned
  TO, states=
[24/27] pass1 surveillance__r2__rep01__direct_full_ucpruned
  TO, states=
[25/27] pass1 workflow__base__rep01__direct_full_ucpruned
  TO, states=
[26/27] pass1 workflow__r1__rep01__direct_full_ucpruned
  TO, states=
[27/27] pass1 workflow__r2__rep01__direct_full_ucpruned
  WIN, states=285348
pass2 productioncell_arms1__r1__rep01__direct_full_ucpruned
  WIN, states=3252233
pass2 productioncell_arms2__base__rep01__direct_full_ucpruned
  TO, states=
pass2 productioncell_arms2__r1__rep01__direct_full_ucpruned
  TO, states=
pass2 productioncell_arms2__r2__rep01__direct_full_ucpruned
  TO, states=
pass2 railcab__base__rep01__direct_full_ucpruned
  TO, states=
pass2 railcab__r1__rep01__direct_full_ucpruned
  TO, states=
pass2 surveillance__base__rep01__direct_full_ucpruned
  TO, states=
pass2 surveillance__r1__rep01__direct_full_ucpruned
  TO, states=
pass2 surveillance__r2__rep01__direct_full_ucpruned
  TO, states=
pass2 workflow__base__rep01__direct_full_ucpruned
  TO, states=
pass2 workflow__r1__rep01__direct_full_ucpruned
  TO, states=
{'e2': {'outcomes': {'WIN': 16, 'LOSS': 1, 'TO': 10}, 'strictly_fewer_states': ['Industry/Base', 'Industry/R1', 'Industry/R2', 'MetaSocket/Base', 'MetaSocket/R1', 'MetaSocket/R2', 'PowerPlant/Base', 'PowerPlant/R1', 'PowerPlant/R2', 'Railcab/R2'], 'equal_states': ['GSM/Base', 'GSM/R1', 'GSM/R2', 'PC1/Base', 'PC1/R1', 'PC1/R2'], 'more_states_than_eager': ['GSM/R1', 'PowerPlant/R1'], 'equal_states_to_eager': ['GSM/Base', 'GSM/R2', 'Industry/Base', 'Industry/R2', 'MetaSocket/Base', 'MetaSocket/R1', 'MetaSocket/R2', 'PowerPlant/Base', 'PowerPlant/R2', 'PC1/Base', 'PC1/R1', 'PC1/R2', 'Railcab/R2', 'Workflow/R2'], 'fewer_states_than_eager': [], 'equal_states_fewer_queries_than_df': ['PC1/Base', 'PC1/R2'], 'equal_states_fewer_queries_than_eager': [], 'failures': []}, 'e1': {'outcomes': {'NOT_RUN': 54}, 'completed_comparisons': 0, 'changed_trials': 'none among the completed comparable trials', 'changed_trial_count': 0, 'changed_pairs': [], 'changed_pair_count': 0, 'changed_inputs': [], 'changed_input_count': 0}}
