[
  {
    "index": 0,
    "input": {
      "scale": 10,
      "offset": [
        0,
        1,
        2,
        3,
        4,
        5
      ],
      "w": [
        60,
        81,
        12,
        83,
        34,
        35
      ],
      "edges": [
        [
          1,
          2
        ],
        [
          3,
          4
        ],
        [
          4,
          5
        ]
      ],
      "r": 3
    },
    "status": "EQUAL",
    "full": [
      {
        "W": [
          305,
          388,
          471,
          554,
          637,
          712,
          747,
          781,
          781,
          790
        ],
        "L": [
          0,
          0,
          0,
          0,
          83,
          164,
          224,
          259,
          293,
          305
        ],
        "paths": 313,
        "maximum_Q": 9
      }
    ],
    "restricted": [
      {
        "W": [
          305,
          388,
          471,
          554,
          637,
          712,
          747,
          781,
          781,
          790
        ],
        "L": [
          0,
          0,
          0,
          0,
          83,
          164,
          224,
          259,
          293,
          305
        ],
        "paths": 313,
        "maximum_Q": 9
      }
    ]
  },
  {
    "index": 1,
    "input": {
      "scale": 10,
      "offset": [
        5,
        4,
        3,
        2,
        1,
        0
      ],
      "w": [
        65,
        84,
        13,
        82,
        31,
        30
      ],
      "edges": [
        [
          1,
          2
        ],
        [
          3,
          4
        ],
        [
          4,
          5
        ]
      ],
      "r": 3
    },
    "status": "EQUAL",
    "full": [
      {
        "W": [
          305,
          389,
          473,
          557,
          641,
          717,
          748,
          762,
          792,
          805
        ],
        "L": [
          0,
          0,
          0,
          0,
          84,
          166,
          231,
          262,
          292,
          305
        ],
        "paths": 311,
        "maximum_Q": 9
      }
    ],
    "restricted": [
      {
        "W": [
          305,
          389,
          473,
          557,
          641,
          717,
          748,
          762,
          792,
          805
        ],
        "L": [
          0,
          0,
          0,
          0,
          84,
          166,
          231,
          262,
          292,
          305
        ],
        "paths": 328,
        "maximum_Q": 9
      }
    ]
  },
  {
    "index": 2,
    "input": {
      "scale": 10,
      "offset": [
        0,
        5,
        4,
        1,
        3,
        2
      ],
      "w": [
        60,
        85,
        14,
        81,
        33,
        32
      ],
      "edges": [
        [
          1,
          2
        ],
        [
          3,
          4
        ],
        [
          4,
          5
        ]
      ],
      "r": 3
    },
    "status": "EQUAL",
    "full": [
      {
        "W": [
          305,
          390,
          475,
          560,
          645,
          714,
          747,
          779,
          779,
          790
        ],
        "L": [
          0,
          0,
          0,
          0,
          85,
          166,
          226,
          259,
          291,
          305
        ],
        "paths": 311,
        "maximum_Q": 9
      }
    ],
    "restricted": [
      {
        "W": [
          305,
          390,
          475,
          560,
          645,
          714,
          747,
          779,
          779,
          790
        ],
        "L": [
          0,
          0,
          0,
          0,
          85,
          166,
          226,
          259,
          291,
          305
        ],
        "paths": 328,
        "maximum_Q": 9
      }
    ]
  },
  {
    "index": 3,
    "input": {
      "scale": 100,
      "offset": [
        0,
        1,
        2,
        3,
        4,
        5
      ],
      "w": [
        600,
        801,
        102,
        803,
        304,
        305
      ],
      "edges": [
        [
          1,
          2
        ],
        [
          3,
          4
        ],
        [
          4,
          5
        ]
      ],
      "r": 3
    },
    "status": "EQUAL",
    "full": [
      {
        "W": [
          2915,
          3718,
          4521,
          5324,
          6127,
          6922,
          7227,
          7531,
          7531,
          7630
        ],
        "L": [
          0,
          0,
          0,
          0,
          803,
          1604,
          2204,
          2509,
          2813,
          2915
        ],
        "paths": 313,
        "maximum_Q": 9
      }
    ],
    "restricted": [
      {
        "W": [
          2915,
          3718,
          4521,
          5324,
          6127,
          6922,
          7227,
          7531,
          7531,
          7630
        ],
        "L": [
          0,
          0,
          0,
          0,
          803,
          1604,
          2204,
          2509,
          2813,
          2915
        ],
        "paths": 313,
        "maximum_Q": 9
      }
    ]
  },
  {
    "index": 4,
    "input": {
      "scale": 100,
      "offset": [
        5,
        4,
        3,
        2,
        1,
        0
      ],
      "w": [
        605,
        804,
        103,
        802,
        301,
        300
      ],
      "edges": [
        [
          1,
          2
        ],
        [
          3,
          4
        ],
        [
          4,
          5
        ]
      ],
      "r": 3
    },
    "status": "EQUAL",
    "full": [
      {
        "W": [
          2915,
          3719,
          4523,
          5327,
          6131,
          6927,
          7228,
          7242,
          7542,
          7645
        ],
        "L": [
          0,
          0,
          0,
          0,
          804,
          1606,
          2211,
          2512,
          2812,
          2915
        ],
        "paths": 311,
        "maximum_Q": 9
      }
    ],
    "restricted": [
      {
        "W": [
          2915,
          3719,
          4523,
          5327,
          6131,
          6927,
          7228,
          7242,
          7542,
          7645
        ],
        "L": [
          0,
          0,
          0,
          0,
          804,
          1606,
          2211,
          2512,
          2812,
          2915
        ],
        "paths": 328,
        "maximum_Q": 9
      }
    ]
  },
  {
    "index": 5,
    "input": {
      "scale": 100,
      "offset": [
        0,
        5,
        4,
        1,
        3,
        2
      ],
      "w": [
        600,
        805,
        104,
        801,
        303,
        302
      ],
      "edges": [
        [
          1,
          2
        ],
        [
          3,
          4
        ],
        [
          4,
          5
        ]
      ],
      "r": 3
    },
    "status": "EQUAL",
    "full": [
      {
        "W": [
          2915,
          3720,
          4525,
          5330,
          6135,
          6924,
          7227,
          7529,
          7529,
          7630
        ],
        "L": [
          0,
          0,
          0,
          0,
          805,
          1606,
          2206,
          2509,
          2811,
          2915
        ],
        "paths": 311,
        "maximum_Q": 9
      }
    ],
    "restricted": [
      {
        "W": [
          2915,
          3720,
          4525,
          5330,
          6135,
          6924,
          7227,
          7529,
          7529,
          7630
        ],
        "L": [
          0,
          0,
          0,
          0,
          805,
          1606,
          2206,
          2509,
          2811,
          2915
        ],
        "paths": 328,
        "maximum_Q": 9
      }
    ]
  },
  {
    "index": 6,
    "input": {
      "scale": 1000,
      "offset": [
        0,
        1,
        2,
        3,
        4,
        5
      ],
      "w": [
        6000,
        8001,
        1002,
        8003,
        3004,
        3005
      ],
      "edges": [
        [
          1,
          2
        ],
        [
          3,
          4
        ],
        [
          4,
          5
        ]
      ],
      "r": 3
    },
    "status": "EQUAL",
    "full": [
      {
        "W": [
          29015,
          37018,
          45021,
          53024,
          61027,
          69022,
          72027,
          75031,
          75031,
          76030
        ],
        "L": [
          0,
          0,
          0,
          0,
          8003,
          16004,
          22004,
          25009,
          28013,
          29015
        ],
        "paths": 313,
        "maximum_Q": 9
      }
    ],
    "restricted": [
      {
        "W": [
          29015,
          37018,
          45021,
          53024,
          61027,
          69022,
          72027,
          75031,
          75031,
          76030
        ],
        "L": [
          0,
          0,
          0,
          0,
          8003,
          16004,
          22004,
          25009,
          28013,
          29015
        ],
        "paths": 313,
        "maximum_Q": 9
      }
    ]
  },
  {
    "index": 7,
    "input": {
      "scale": 1000,
      "offset": [
        5,
        4,
        3,
        2,
        1,
        0
      ],
      "w": [
        6005,
        8004,
        1003,
        8002,
        3001,
        3000
      ],
      "edges": [
        [
          1,
          2
        ],
        [
          3,
          4
        ],
        [
          4,
          5
        ]
      ],
      "r": 3
    },
    "status": "EQUAL",
    "full": [
      {
        "W": [
          29015,
          37019,
          45023,
          53027,
          61031,
          69027,
          72028,
          72042,
          75042,
          76045
        ],
        "L": [
          0,
          0,
          0,
          0,
          8004,
          16006,
          22011,
          25012,
          28012,
          29015
        ],
        "paths": 311,
        "maximum_Q": 9
      }
    ],
    "restricted": [
      {
        "W": [
          29015,
          37019,
          45023,
          53027,
          61031,
          69027,
          72028,
          72042,
          75042,
          76045
        ],
        "L": [
          0,
          0,
          0,
          0,
          8004,
          16006,
          22011,
          25012,
          28012,
          29015
        ],
        "paths": 328,
        "maximum_Q": 9
      }
    ]
  },
  {
    "index": 8,
    "input": {
      "scale": 1000,
      "offset": [
        0,
        5,
        4,
        1,
        3,
        2
      ],
      "w": [
        6000,
        8005,
        1004,
        8001,
        3003,
        3002
      ],
      "edges": [
        [
          1,
          2
        ],
        [
          3,
          4
        ],
        [
          4,
          5
        ]
      ],
      "r": 3
    },
    "status": "EQUAL",
    "full": [
      {
        "W": [
          29015,
          37020,
          45025,
          53030,
          61035,
          69024,
          72027,
          75029,
          75029,
          76030
        ],
        "L": [
          0,
          0,
          0,
          0,
          8005,
          16006,
          22006,
          25009,
          28011,
          29015
        ],
        "paths": 311,
        "maximum_Q": 9
      }
    ],
    "restricted": [
      {
        "W": [
          29015,
          37020,
          45025,
          53030,
          61035,
          69024,
          72027,
          75029,
          75029,
          76030
        ],
        "L": [
          0,
          0,
          0,
          0,
          8005,
          16006,
          22006,
          25009,
          28011,
          29015
        ],
        "paths": 328,
        "maximum_Q": 9
      }
    ]
  }
]
