{
  "utc": "2026-09-10T17:20:30.207493+00:00",
  "status": "SUCCESS",
  "seconds": 3.2103272919921437,
  "counts": {
    "A_inputs": 8736,
    "A_threshold_roots": 28720,
    "A_recursion_states": 60069,
    "A_enumerated_plans": 309942,
    "A_paths": 78619,
    "B_inputs": 2688,
    "B_recursion_states": 19270,
    "B_paths": 14648,
    "knapsack_inputs": 819,
    "knapsack_decision_pairs": 110550,
    "controls": 6
  },
  "fixed_counts": {
    "A_inputs": 8736,
    "A_threshold_roots": 28720,
    "B_inputs": 2688,
    "knapsack_inputs": 819,
    "knapsack_decision_pairs": 110550,
    "controls": 6
  },
  "not_executed": {
    "A_inputs": 0,
    "A_threshold_roots": 0,
    "B_inputs": 0,
    "knapsack_inputs": 0,
    "knapsack_decision_pairs": 0,
    "controls": 0
  },
  "exception": null,
  "input_sha256": "49d13436500dfa0032c5a35f994264405eb15f222e9d98365786c6c43bf25ef6",
  "new_native_runs": 0,
  "new_timing_samples": 0,
  "scope": "finite corroboration of two distinct charged-cost models; all-program and hardness conclusions are author proof obligations"
}
