Command: ['mvn', '-B', 'test', '-Dtest=ltsa.lts.CompactStateReachableStateLabelTest,ltsa.lts.MappingEnvironmentGeneratorErrorRenumberTest,ltsa.lts.UpdatingControllersDefinitionParserTest,ltsa.updatingControllers.UpdatingControllerEvaluationRecorderTest,ltsa.updatingControllers.cli.SingleCompositionRunnerOutcomeTest,ltsa.updatingControllers.otf.ActivationSpecTest,ltsa.updatingControllers.otf.DirectFullStrongSolverTest,ltsa.updatingControllers.otf.EndpointContractValidatorTest,ltsa.updatingControllers.otf.ExperimentModelsRevisedOtfIntegrationTest,ltsa.updatingControllers.otf.FineGrainedOtfDucsTest,ltsa.updatingControllers.otf.IndependentExplicitStrongSolverTest,ltsa.updatingControllers.otf.LoadableEndpointSubsetTest,ltsa.updatingControllers.otf.MtsaRevisedOtfDucsAdapterPrecedenceTest,ltsa.updatingControllers.otf.OtfDucsSynthesizerTest,ltsa.updatingControllers.otf.SyntheticErFgProblemGeneratorTest,ltsa.updatingControllers.otf.UpdatePolicyRestrictionTest,ltsa.updatingControllers.structures.UpdateProtocolSpecTest,ltsa.updatingControllers.otf.QuiescentUpdateBoundaryTest', '-Dfork.number=0', '-Dthread.count=1', '-Dparallel=none', '-DfailIfNoTests=true', '-Djacoco.skip=true']
[INFO] Scanning for projects...
[INFO] 
[INFO] -----------------------------< mtsa:mtsa >------------------------------
[INFO] Building mtsa 1.0-SNAPSHOT
[INFO]   from pom.xml
[INFO] --------------------------------[ jar ]---------------------------------
[WARNING] Parameter 'systemPropertyVariables' is unknown for plugin 'jacoco-maven-plugin:0.8.7:prepare-agent (default-prepare-agent)'
[WARNING] Parameter 'skipTests' is unknown for plugin 'jacoco-maven-plugin:0.8.7:prepare-agent (default-prepare-agent)'
[WARNING] Parameter 'systemPropertyVariables' is unknown for plugin 'jacoco-maven-plugin:0.8.7:report (report)'
[WARNING] Parameter 'skipTests' is unknown for plugin 'jacoco-maven-plugin:0.8.7:report (report)'
[WARNING] The artifact org.apache.commons:commons-io:jar:1.3.2 has been relocated to commons-io:commons-io:jar:1.3.2: https://issues.sonatype.org/browse/MVNCENTRAL-244
[INFO] 
[INFO] --- jacoco:0.8.7:prepare-agent (default-prepare-agent) @ mtsa ---
[INFO] Skipping JaCoCo execution because property jacoco.skip is set.
[INFO] argLine set to empty
[INFO] 
[INFO] --- resources:3.4.0:resources (default-resources) @ mtsa ---
[INFO] Copying 431 resources from src/main/resources to target/classes
[INFO] 
[INFO] --- compiler:3.5:compile (default-compile) @ mtsa ---
[INFO] Changes detected - recompiling the module!
[INFO] Compiling 980 source files to Implementation/Source Code/maven-root/mtsa/target/classes
[INFO] 
[INFO] --- resources:3.4.0:testResources (default-testResources) @ mtsa ---
[INFO] Copying 840 resources from src/test/resources to target/test-classes
[INFO] 
[INFO] --- compiler:3.5:testCompile (default-testCompile) @ mtsa ---
[INFO] Changes detected - recompiling the module!
[INFO] Compiling 158 source files to Implementation/Source Code/maven-root/mtsa/target/test-classes
[INFO] 
[INFO] --- surefire:2.21.0:test (default-test) @ mtsa ---
[WARNING] useSystemClassloader setting has no effect when not forking
[INFO] 
[INFO] Results:
[INFO] 
[INFO] Tests run: 0, Failures: 0, Errors: 0, Skipped: 0
[INFO] 
[INFO] Running TestSuite
Synthetic ER-FG benchmark complete: rows=1, independently verified=0, unexpected decisions=0, output=/var/folders/3v/m97jh3x11f109r194r3np9wh0000gn/T/synthetic-erfg-unknown-manifest-15080438582991243957/runs.csv
Synthetic ER-FG benchmark complete: rows=8, independently verified=8, unexpected decisions=0, output=/var/folders/3v/m97jh3x11f109r194r3np9wh0000gn/T/synthetic-erfg-smoke-15503751620008557518/runs.csv
Synthetic ER-FG benchmark complete: rows=8, independently verified=8, unexpected decisions=0, output=/var/folders/3v/m97jh3x11f109r194r3np9wh0000gn/T/synthetic-erfg-smoke-15503751620008557518/runs-again.csv
Game state size:1
Winning state size:1
[WARNING] Tests run: 100, Failures: 0, Errors: 0, Skipped: 1, Time elapsed: 0.874 s - in TestSuite
[INFO] 
[INFO] Results:
[INFO] 
[WARNING] Tests run: 100, Failures: 0, Errors: 0, Skipped: 1
[INFO] 
[INFO] 
[INFO] --- jacoco:0.8.7:report (report) @ mtsa ---
[INFO] Skipping JaCoCo execution because property jacoco.skip is set.
[INFO] ------------------------------------------------------------------------
[INFO] BUILD SUCCESS
[INFO] ------------------------------------------------------------------------
[INFO] Total time:  10.135 s
[INFO] Finished at: 2026-09-14T15:56:54+09:00
[INFO] ------------------------------------------------------------------------

EXIT_CODE=0
ELAPSED_SECONDS=11.036876291000226
