Fetching distribution.
Downloading https://services.gradle.org/distributions/gradle-9.7.1-all.zip
........................10%.........................20%........................30%.........................40%.........................50%........................60%.........................70%........................80%.........................90%.........................100%

Welcome to Gradle 9.7.1!

Here are the highlights of this release:
 - Isolated Projects graduates to incubating
 - Broader Configuration Cache compatibility
 - Resilient Sync helps you fix broken builds
 - More source locations in problem reports

For more details see https://docs.gradle.org/9.7.1/release-notes.html

To honour the JVM settings for this build a single-use Daemon process will be forked. For more on this, please refer to https://docs.gradle.org/9.7.1/userguide/gradle_daemon.html#sec:disabling_the_daemon in the Gradle documentation.

FAILURE: Build failed with an exception.

* What went wrong:
Unable to download toolchain matching the requirements ({languageVersion=21, vendor=any vendor, implementation=vendor-specific, nativeImageCapable=false}) from 'null', due to: No defined toolchain download url for MAC_OS on aarch64 architecture.

* Try:
> Learn more about toolchain auto-detection and auto-provisioning at https://docs.gradle.org/9.7.1/userguide/toolchains.html#sec:auto_detection.
> Learn more about toolchain repositories at https://docs.gradle.org/9.7.1/userguide/toolchains.html#sub:download_repositories.
> Run with --stacktrace option to get the stack trace.
> Run with --info or --debug option to get more log output.
> Run with --scan to get full insights from a Build Scan (powered by Develocity).
> Get more help at https://help.gradle.org.
