[1/24] pc_separation_local_fg__base__rep01__lazy_merge_transfers
  LOSS, states=2
[2/24] pc_separation_local_fg__base__rep01__lazy_merge_boundaries
  WIN, states=8
[3/24] pc_separation_local_fg__base__rep01__lazy_merge_both
  LOSS, states=2
[4/24] pc_separation_global_product__base__rep01__lazy_merge_transfers
  LOSS, states=2
[5/24] pc_separation_global_product__base__rep01__lazy_merge_boundaries
  LOSS, states=2
[6/24] pc_separation_global_product__base__rep01__lazy_merge_both
  LOSS, states=2
[7/24] pc_neutral_local_fg__base__rep01__lazy_merge_transfers
  WIN, states=4
[8/24] pc_neutral_local_fg__base__rep01__lazy_merge_boundaries
  WIN, states=6
[9/24] pc_neutral_local_fg__base__rep01__lazy_merge_both
  WIN, states=4
[10/24] pc_neutral_global_product__base__rep01__lazy_merge_transfers
  WIN, states=4
[11/24] pc_neutral_global_product__base__rep01__lazy_merge_boundaries
  WIN, states=4
[12/24] pc_neutral_global_product__base__rep01__lazy_merge_both
  WIN, states=4
[13/24] branching_separation__base__rep01__lazy_merge_transfers
  WIN, states=7
[14/24] branching_separation__base__rep01__lazy_merge_boundaries
  WIN, states=7
[15/24] branching_separation__base__rep01__lazy_merge_both
  WIN, states=7
[16/24] branching_neutral__base__rep01__lazy_merge_transfers
  WIN, states=7
[17/24] branching_neutral__base__rep01__lazy_merge_boundaries
  WIN, states=7
[18/24] branching_neutral__base__rep01__lazy_merge_both
  WIN, states=7
[19/24] requirement_boundary_separation__base__rep01__lazy_merge_transfers
  WIN, states=6
[20/24] requirement_boundary_separation__base__rep01__lazy_merge_boundaries
  WIN, states=6
[21/24] requirement_boundary_separation__base__rep01__lazy_merge_both
  WIN, states=6
[22/24] requirement_boundary_neutral__base__rep01__lazy_merge_transfers
  WIN, states=9
[23/24] requirement_boundary_neutral__base__rep01__lazy_merge_boundaries
  WIN, states=9
[24/24] requirement_boundary_neutral__base__rep01__lazy_merge_both
  WIN, states=9
{'outcomes': {'LOSS': 5, 'WIN': 19}, 'none_changed': ['pc_separation_local_fg/transfers', 'pc_separation_local_fg/both'], 'constraint_relations': {'MATCH': 4, 'MISMATCH': 8, 'NOT_APPLICABLE': 18}, 'manual_comparison_conclusions': {'SAME': 4, 'DIFFERENT_CONSTRAINTS_DIFFERENT': 4, 'NOT_APPLICABLE': 18, 'DIFFERENT_CONSTRAINTS_SAME': 4}, 'validation_failures': []}
