{
  "rq3": {
    "fg_ducs_otf": {
      "stage1": {
        "SUCCESS": 25,
        "UNREALIZABLE": 1,
        "TIMEOUT": 1
      },
      "complete_five": 26
    },
    "fg_ducs_otf_eager_controllable": {
      "stage1": {
        "SUCCESS": 17,
        "TIMEOUT": 10
      },
      "complete_five": 17
    },
    "fg_ducs_otf_update_first": {
      "stage1": {
        "SUCCESS": 23,
        "UNREALIZABLE": 1,
        "TIMEOUT": 3
      },
      "complete_five": 24
    },
    "direct_full": {
      "stage1": {
        "SUCCESS": 14,
        "TIMEOUT": 12,
        "INTERRUPTED_NOT_RETRIED": 1
      },
      "complete_five": 14
    },
    "legacy_ducs": {
      "stage1": {
        "SUCCESS": 9,
        "CRASH": 5,
        "OOM": 13
      },
      "complete_five": 9
    }
  },
  "paired": {
    "fg_ducs_otf_eager_controllable": {
      "both_decided": 17,
      "agreeing": 17,
      "disagreements": [],
      "paired_time_cells": 17,
      "ratio_min": 1.184193251936458,
      "ratio_median": 2.0382501648714,
      "ratio_max": 4575.053898473042
    },
    "fg_ducs_otf_update_first": {
      "both_decided": 24,
      "agreeing": 24,
      "disagreements": [],
      "paired_time_cells": 24,
      "ratio_min": 0.18941371986402736,
      "ratio_median": 1.073067840907686,
      "ratio_max": 39.76406675405869
    },
    "direct_full": {
      "both_decided": 14,
      "agreeing": 14,
      "disagreements": [],
      "paired_time_cells": 14,
      "ratio_min": 1.5765393199422344,
      "ratio_median": 9.14288799156031,
      "ratio_max": 2123.8060352393168
    },
    "legacy_ducs": {
      "both_decided": 9,
      "agreeing": 9,
      "disagreements": [],
      "paired_time_cells": 9,
      "ratio_min": 10.749330954504906,
      "ratio_median": 21.746448528916716,
      "ratio_max": 7196.760802010647
    }
  },
  "fg_instance_median_seconds": 0.184646,
  "controlled": {
    "cells": 132,
    "instances": 33,
    "all_method_agreement": 33,
    "decisions": {
      "fg_ducs_otf": {
        "SUCCESS": 31,
        "UNREALIZABLE": 2
      },
      "fg_ducs_otf_eager_controllable": {
        "SUCCESS": 31,
        "UNREALIZABLE": 2
      },
      "fg_ducs_otf_update_first": {
        "SUCCESS": 31,
        "UNREALIZABLE": 2
      },
      "direct_full": {
        "SUCCESS": 31,
        "UNREALIZABLE": 2
      }
    }
  },
  "independent": {
    "cells": 76,
    "complete_five": 76,
    "k20": {
      "direct_full": {
        "states": "1048576",
        "queries": "11534335",
        "median_seconds": 853.302356
      },
      "fg_ducs_otf": {
        "states": "21",
        "queries": "20",
        "median_seconds": 0.035432000000000005
      },
      "fg_ducs_otf_eager_controllable": {
        "states": "211",
        "queries": "230",
        "median_seconds": 0.06253600000000001
      },
      "fg_ducs_otf_update_first": {
        "states": "21",
        "queries": "20",
        "median_seconds": 0.031809000000000004
      }
    }
  }
}
