{
  "planned": 3098,
  "native_recorded": 3098,
  "primary_planned": 3094,
  "primary_status_counts": {
    "SUCCESS": 3094,
    "FAILURE": 0,
    "TIMEOUT": 0,
    "INVALID": 0,
    "NOT_RUN": 0
  },
  "control_planned": 4,
  "control_status_counts": {
    "SUCCESS": 4,
    "FAILURE": 0,
    "TIMEOUT": 0,
    "INVALID": 0,
    "NOT_RUN": 0
  },
  "replay_cells_observed": 340,
  "replay_cells_planned": 340,
  "all_replay_maxima_equal": true,
  "raw_sha256": "9c2a4149b747b19b8c893537500d55bb7f254645c9e710880e7da6882946f49b",
  "arbitrary_java_interleavings_exhausted": false,
  "production_input": false,
  "actual_api_latency_measured": false
}
