{
  "planned": 3183,
  "recorded": 3183,
  "status_counts": {
    "SUCCESS": 3183,
    "FAILURE": 0,
    "TIMEOUT": 0,
    "INVALID": 0,
    "NOT_RUN": 0
  },
  "by_kind": {
    "OBSERVED_REPLAY": {
      "SUCCESS": 2607,
      "FAILURE": 0,
      "TIMEOUT": 0,
      "INVALID": 0,
      "NOT_RUN": 0
    },
    "FRESH_SCALAR": {
      "SUCCESS": 512,
      "FAILURE": 0,
      "TIMEOUT": 0,
      "INVALID": 0,
      "NOT_RUN": 0
    },
    "ENCODED_MAGNITUDE": {
      "SUCCESS": 64,
      "FAILURE": 0,
      "TIMEOUT": 0,
      "INVALID": 0,
      "NOT_RUN": 0
    }
  },
  "elapsed_seconds": 5.109956500004046,
  "raw_sha256": "4c69966db87078d56a17bb81f867a1403de59a847c546b13c5251942949ea0bd"
}
