# JMH version: 1.37
# VM version: JDK 17.0.19, OpenJDK 64-Bit Server VM, 17.0.19+0
# VM invoker: /opt/homebrew/opt/openjdk@17/bin/java
# VM options: -Xms256m -Xmx256m -ea
# Blackhole mode: compiler (auto-detected, use -Djmh.blackhole.autoDetect=false to disable)
# Warmup: 3 iterations, 200 ms each
# Measurement: 5 iterations, 200 ms each
# Timeout: 20 s per iteration
# Threads: 1 thread, will synchronize iterations
# Benchmark mode: Average time, time/op
# Benchmark: org.anonymous.retry.MyBenchmark.replaceMatch
# Parameters: (layout = colliding, length = 1)

# Run progress: 0.00% complete, ETA 00:00:03
# Fork: 1 of 2
# Warmup Iteration   1: 13.472 ns/op
# Warmup Iteration   2: 13.047 ns/op
# Warmup Iteration   3: 13.011 ns/op
Iteration   1: 13.054 ns/op
Iteration   2: 13.725 ns/op
Iteration   3: 13.374 ns/op
Iteration   4: 13.412 ns/op
Iteration   5: 13.393 ns/op

# Run progress: 50.00% complete, ETA 00:00:01
# Fork: 2 of 2
# Warmup Iteration   1: 13.318 ns/op
# Warmup Iteration   2: 13.013 ns/op
# Warmup Iteration   3: 13.170 ns/op
Iteration   1: 13.091 ns/op
Iteration   2: 13.670 ns/op
Iteration   3: 13.409 ns/op
Iteration   4: 13.395 ns/op
Iteration   5: 13.466 ns/op


Result "org.anonymous.retry.MyBenchmark.replaceMatch":
  13.399 ±(99.9%) 0.318 ns/op [Average]
  (min, avg, max) = (13.054, 13.399, 13.725), stdev = 0.210
  CI (99.9%): [13.081, 13.717] (assumes normal distribution)


# Run complete. Total time: 00:00:03

REMEMBER: The numbers below are just data. To gain reusable insights, you need to follow up on
why the numbers are the way they are. Use profilers (see -prof, -lprof), design factorial
experiments, perform baseline and negative tests that provide experimental control, make sure
the benchmarking environment is safe on JVM/OS/HW level, ask for reviews from the domain experts.
Do not assume the numbers tell you what you want them to tell.

NOTE: Current JVM experimentally supports Compiler Blackholes, and they are in use. Please exercise
extra caution when trusting the results, look into the generated code to check the benchmark still
works, and factor in a small probability of new VM bugs. Additionally, while comparisons between
different JVMs are already problematic, the performance difference caused by different Blackhole
modes can be very significant. Please make sure you use the consistent Blackhole mode for comparisons.

Benchmark                  (layout)  (length)  Mode  Cnt   Score   Error  Units
MyBenchmark.replaceMatch  colliding         1  avgt   10  13.399 ± 0.318  ns/op

Benchmark result is saved to <AUTHOR_WORKSPACE>/RESEARCH_RESTART_20260905/RESUMED_20260909_0056/charged_api_calibration_01/attempt01/colliding-1-replaceMatch/JMH.json
