# JMH version: 1.37
# VM version: JDK 17.0.19, OpenJDK 64-Bit Server VM, 17.0.19+0
# VM invoker: /opt/homebrew/opt/openjdk@17/bin/java
# VM options: -Xms256m -Xmx256m -ea
# Blackhole mode: compiler (auto-detected, use -Djmh.blackhole.autoDetect=false to disable)
# Warmup: 3 iterations, 200 ms each
# Measurement: 5 iterations, 200 ms each
# Timeout: 20 s per iteration
# Threads: 1 thread, will synchronize iterations
# Benchmark mode: Average time, time/op
# Benchmark: org.anonymous.retry.MyBenchmark.cachedCallbackMatch
# Parameters: (layout = distinct, length = 512)

# Run progress: 0.00% complete, ETA 00:00:03
# Fork: 1 of 2
# Warmup Iteration   1: 8.779 ns/op
# Warmup Iteration   2: 8.622 ns/op
# Warmup Iteration   3: 8.555 ns/op
Iteration   1: 8.519 ns/op
Iteration   2: 8.537 ns/op
Iteration   3: 8.574 ns/op
Iteration   4: 8.517 ns/op
Iteration   5: 8.547 ns/op

# Run progress: 50.00% complete, ETA 00:00:01
# Fork: 2 of 2
# Warmup Iteration   1: 8.802 ns/op
# Warmup Iteration   2: 8.618 ns/op
# Warmup Iteration   3: 8.547 ns/op
Iteration   1: 8.552 ns/op
Iteration   2: 8.515 ns/op
Iteration   3: 8.560 ns/op
Iteration   4: 8.553 ns/op
Iteration   5: 8.540 ns/op


Result "org.anonymous.retry.MyBenchmark.cachedCallbackMatch":
  8.541 ±(99.9%) 0.030 ns/op [Average]
  (min, avg, max) = (8.515, 8.541, 8.574), stdev = 0.020
  CI (99.9%): [8.512, 8.571] (assumes normal distribution)


# Run complete. Total time: 00:00:03

REMEMBER: The numbers below are just data. To gain reusable insights, you need to follow up on
why the numbers are the way they are. Use profilers (see -prof, -lprof), design factorial
experiments, perform baseline and negative tests that provide experimental control, make sure
the benchmarking environment is safe on JVM/OS/HW level, ask for reviews from the domain experts.
Do not assume the numbers tell you what you want them to tell.

NOTE: Current JVM experimentally supports Compiler Blackholes, and they are in use. Please exercise
extra caution when trusting the results, look into the generated code to check the benchmark still
works, and factor in a small probability of new VM bugs. Additionally, while comparisons between
different JVMs are already problematic, the performance difference caused by different Blackhole
modes can be very significant. Please make sure you use the consistent Blackhole mode for comparisons.

Benchmark                        (layout)  (length)  Mode  Cnt  Score   Error  Units
MyBenchmark.cachedCallbackMatch  distinct       512  avgt   10  8.541 ± 0.030  ns/op

Benchmark result is saved to <AUTHOR_WORKSPACE>/RESEARCH_RESTART_20260905/RESUMED_20260909_0056/charged_api_calibration_01/attempt01/distinct-512-cachedCallbackMatch/JMH.json
