To honour the JVM settings for this build a single-use Daemon process will be forked. For more on this, please refer to https://docs.gradle.org/9.7.1/userguide/gradle_daemon.html#sec:disabling_the_daemon in the Gradle documentation.
Daemon will be stopped at the end of the build 
> Task :buildSrc:extractPluginRequests UP-TO-DATE
> Task :buildSrc:generatePluginAdapters UP-TO-DATE
> Task :buildSrc:compileJava UP-TO-DATE
> Task :buildSrc:compileGroovy UP-TO-DATE
> Task :buildSrc:compileGroovyPlugins UP-TO-DATE
> Task :buildSrc:pluginDescriptors UP-TO-DATE
> Task :buildSrc:processResources UP-TO-DATE
> Task :buildSrc:classes UP-TO-DATE
> Task :buildSrc:jar UP-TO-DATE
> Task :clock:compileJava UP-TO-DATE
> Task :clock:processResources NO-SOURCE
> Task :clock:classes UP-TO-DATE
> Task :SevenZip:compileJava UP-TO-DATE
> Task :SevenZip:processResources NO-SOURCE
> Task :SevenZip:classes UP-TO-DATE
> Task :clock:syncSourceSetLicense UP-TO-DATE
> Task :SevenZip:syncSourceSetLicense UP-TO-DATE
> Task :clock:processLicenseResources UP-TO-DATE
> Task :SevenZip:processLicenseResources UP-TO-DATE
> Task :clock:jar UP-TO-DATE
> Task :SevenZip:jar UP-TO-DATE
> Task :IO:processResources UP-TO-DATE
> Task :IO:syncSourceSetLicense UP-TO-DATE
> Task :IO:processLicenseResources UP-TO-DATE
> Task :codec-api:compileJava UP-TO-DATE
> Task :engine-query-constants:compileJava UP-TO-DATE
> Task :codec-builtin:compileJava UP-TO-DATE
> Task :codec-cache:compileJava UP-TO-DATE
> Task :Base:compileJava UP-TO-DATE
> Task :deephaven-jpy-config:compileJava UP-TO-DATE
> Task :DataStructures:compileJava UP-TO-DATE
> Task :deephaven-jpy-config:processResources UP-TO-DATE
> Task :deephaven-jpy-config:classes UP-TO-DATE
> Task :deephaven-jpy-config:syncSourceSetLicense UP-TO-DATE
> Task :deephaven-jpy-config:processLicenseResources UP-TO-DATE
> Task :deephaven-jpy-config:jar UP-TO-DATE
> Task :IO:compileJava UP-TO-DATE
> Task :IO:classes UP-TO-DATE
> Task :IO:jar UP-TO-DATE
> Task :deephaven-jpy-ext:compileJava UP-TO-DATE
> Task :log-factory:compileJava UP-TO-DATE
> Task :Configuration:compileJava UP-TO-DATE
> Task :DHProcess:compileJava UP-TO-DATE
> Task :DHProcess:processResources NO-SOURCE
> Task :DHProcess:classes UP-TO-DATE
> Task :DHProcess:syncSourceSetLicense UP-TO-DATE
> Task :DHProcess:processLicenseResources UP-TO-DATE
> Task :DHProcess:jar UP-TO-DATE
> Task :codegen:compileJava UP-TO-DATE
> Task :codegen:processResources NO-SOURCE
> Task :codegen:classes UP-TO-DATE
> Task :codegen:syncSourceSetLicense UP-TO-DATE
> Task :authentication:compileJava UP-TO-DATE
> Task :codegen:processLicenseResources UP-TO-DATE
> Task :engine-function:createCompilerDirectives UP-TO-DATE
> Task :engine-function:createVmOptions UP-TO-DATE
> Task :codegen:jar UP-TO-DATE
> Task :engine-function:GenPrimitivesBasic UP-TO-DATE
> Task :util-annotations:compileJava UP-TO-DATE
> Task :engine-function:GenPrimitivesBasicTest UP-TO-DATE
> Task :engine-function:GenPrimitivesBinSearch UP-TO-DATE
> Task :engine-function:GenPrimitivesBinSearchTest UP-TO-DATE
> Task :engine-function:GenPrimitivesCast UP-TO-DATE
> Task :engine-function:GenPrimitivesCastTest UP-TO-DATE
> Task :engine-function:GenPrimitivesNumeric UP-TO-DATE
> Task :engine-function:GenPrimitivesNumericTest UP-TO-DATE
> Task :engine-function:GenPrimitivesSort UP-TO-DATE
> Task :engine-function:GenPrimitivesSortTest UP-TO-DATE
> Task :util-immutables:compileJava UP-TO-DATE
> Task :qst-type:compileJava UP-TO-DATE
> Task :Util:compileJava UP-TO-DATE
> Task :engine-primitive:compileJava UP-TO-DATE
> Task :engine-vector:compileJava UP-TO-DATE
> Task :engine-function:compileJava UP-TO-DATE
> Task :table-api:compileJava UP-TO-DATE
> Task :engine-time:compileJava UP-TO-DATE
> Task :hotspot:compileJava UP-TO-DATE
> Task :hotspot:processResources NO-SOURCE
> Task :hotspot:classes UP-TO-DATE
> Task :hotspot:syncSourceSetLicense UP-TO-DATE
> Task :engine-chunk:compileJava UP-TO-DATE
> Task :hotspot:processLicenseResources UP-TO-DATE
> Task :hotspot:jar UP-TO-DATE
> Task :util-thread:compileJava UP-TO-DATE
> Task :Container:compileJava UP-TO-DATE
> Task :util-processenvironment:compileJava UP-TO-DATE
> Task :engine-updategraph:compileJava UP-TO-DATE
> Task :engine-context:compileJava UP-TO-DATE
> Task :qst:compileJava UP-TO-DATE
> Task :engine-read-tracker:compileJava UP-TO-DATE
> Task :engine-stringset:compileJava UP-TO-DATE
> Task :engine-rowset:compileJava UP-TO-DATE
> Task :engine-api:compileJava UP-TO-DATE
> Task :engine-base:compileJava UP-TO-DATE
> Task :plugin:compileJava UP-TO-DATE
> Task :Stats:compileJava UP-TO-DATE
> Task :Stats:processResources NO-SOURCE
> Task :Stats:classes UP-TO-DATE
> Task :Stats:syncSourceSetLicense UP-TO-DATE
> Task :Stats:processLicenseResources UP-TO-DATE
> Task :Stats:jar UP-TO-DATE
> Task :engine-tuple:compileJava UP-TO-DATE
> Task :TableLogger:processResources NO-SOURCE
> Task :util-pool:compileJava UP-TO-DATE
> Task :TableLogger:syncSourceSetLicense UP-TO-DATE
> Task :engine-table:processResources UP-TO-DATE
> Task :engine-table:syncSourceSetLicense UP-TO-DATE
> Task :engine-table:processLicenseResources UP-TO-DATE
> Task :TableLogger:compileJava UP-TO-DATE
> Task :TableLogger:classes UP-TO-DATE
> Task :authentication:processResources NO-SOURCE
> Task :authentication:classes UP-TO-DATE
> Task :TableLogger:processLicenseResources UP-TO-DATE
> Task :authentication:syncSourceSetLicense UP-TO-DATE
> Task :authentication:processLicenseResources UP-TO-DATE
> Task :TableLogger:jar UP-TO-DATE
> Task :authentication:jar UP-TO-DATE
> Task :Base:processResources UP-TO-DATE
> Task :Base:classes UP-TO-DATE
> Task :Base:syncSourceSetLicense UP-TO-DATE
> Task :Base:processLicenseResources UP-TO-DATE
> Task :Base:jar UP-TO-DATE
> Task :base-test-utils:compileJava UP-TO-DATE
> Task :Base:compileTestJava UP-TO-DATE
> Task :Base:processTestResources UP-TO-DATE
> Task :Base:testClasses UP-TO-DATE
> Task :Base:jarTests UP-TO-DATE
> Task :base-test-utils:processResources NO-SOURCE
> Task :base-test-utils:classes UP-TO-DATE
> Task :base-test-utils:syncSourceSetLicense UP-TO-DATE
> Task :base-test-utils:processLicenseResources UP-TO-DATE
> Task :base-test-utils:jar UP-TO-DATE
> Task :extensions-parquet-compression:compileJava UP-TO-DATE
> Task :util-channel:compileJava UP-TO-DATE
> Task :extensions-parquet-base:compileJava UP-TO-DATE
> Task :BenchmarkSupport:processResources NO-SOURCE
> Task :BenchmarkSupport:syncSourceSetLicense UP-TO-DATE
> Task :BenchmarkSupport:processLicenseResources UP-TO-DATE
> Task :codec-api:processResources NO-SOURCE
> Task :codec-api:classes UP-TO-DATE
> Task :codec-api:syncSourceSetLicense UP-TO-DATE
> Task :codec-api:processLicenseResources UP-TO-DATE
> Task :codec-api:jar UP-TO-DATE
> Task :codec-builtin:processResources NO-SOURCE
> Task :codec-builtin:classes UP-TO-DATE
> Task :codec-builtin:syncSourceSetLicense UP-TO-DATE
> Task :codec-builtin:processLicenseResources UP-TO-DATE
> Task :codec-builtin:jar UP-TO-DATE
> Task :codec-cache:processResources NO-SOURCE
> Task :codec-cache:classes UP-TO-DATE
> Task :codec-cache:syncSourceSetLicense UP-TO-DATE
> Task :engine-table:compileJava UP-TO-DATE
> Task :engine-table:classes UP-TO-DATE
> Task :codec-cache:processLicenseResources UP-TO-DATE
> Task :engine-table:jar UP-TO-DATE
> Task :codec-cache:jar UP-TO-DATE
> Task :configs:compileJava NO-SOURCE
> Task :configs:processResources UP-TO-DATE
> Task :configs:classes UP-TO-DATE
> Task :configs:syncSourceSetLicense UP-TO-DATE
> Task :configs:processLicenseResources UP-TO-DATE
> Task :configs:jar UP-TO-DATE
> Task :Configuration:processResources UP-TO-DATE
> Task :Configuration:classes UP-TO-DATE
> Task :Configuration:syncSourceSetLicense UP-TO-DATE
> Task :Configuration:processLicenseResources UP-TO-DATE
> Task :Configuration:jar UP-TO-DATE
> Task :Container:processResources NO-SOURCE
> Task :Container:classes UP-TO-DATE
> Task :Container:syncSourceSetLicense UP-TO-DATE
> Task :Container:processLicenseResources UP-TO-DATE
> Task :Container:jar UP-TO-DATE
> Task :DataStructures:processResources NO-SOURCE
> Task :DataStructures:classes UP-TO-DATE
> Task :DataStructures:syncSourceSetLicense UP-TO-DATE
> Task :DataStructures:processLicenseResources UP-TO-DATE
> Task :DataStructures:jar UP-TO-DATE
> Task :deephaven-jpy-ext:processResources NO-SOURCE
> Task :deephaven-jpy-ext:classes UP-TO-DATE
> Task :deephaven-jpy-ext:syncSourceSetLicense UP-TO-DATE
> Task :deephaven-jpy-ext:processLicenseResources UP-TO-DATE
> Task :deephaven-jpy-ext:jar UP-TO-DATE
> Task :engine-api:processResources NO-SOURCE
> Task :engine-api:classes UP-TO-DATE
> Task :engine-api:syncSourceSetLicense UP-TO-DATE
> Task :engine-api:processLicenseResources UP-TO-DATE
> Task :engine-api:jar UP-TO-DATE
> Task :engine-base:processResources NO-SOURCE
> Task :engine-base:classes UP-TO-DATE
> Task :engine-base:syncSourceSetLicense UP-TO-DATE
> Task :engine-base:processLicenseResources UP-TO-DATE
> Task :engine-base:jar UP-TO-DATE
> Task :engine-chunk:processResources UP-TO-DATE
> Task :engine-chunk:classes UP-TO-DATE
> Task :engine-chunk:syncSourceSetLicense UP-TO-DATE
> Task :engine-chunk:processLicenseResources UP-TO-DATE
> Task :engine-chunk:jar UP-TO-DATE
> Task :engine-chunk:compileTestJava UP-TO-DATE
> Task :engine-chunk:processTestResources NO-SOURCE
> Task :engine-chunk:testClasses UP-TO-DATE
> Task :engine-chunk:testJar UP-TO-DATE
> Task :engine-context:processResources NO-SOURCE
> Task :engine-context:classes UP-TO-DATE
> Task :engine-context:syncSourceSetLicense UP-TO-DATE
> Task :engine-context:processLicenseResources UP-TO-DATE
> Task :engine-context:jar UP-TO-DATE
> Task :engine-function:processResources UP-TO-DATE
> Task :engine-function:classes UP-TO-DATE
> Task :engine-function:syncSourceSetLicense UP-TO-DATE
> Task :engine-function:processLicenseResources UP-TO-DATE
> Task :engine-function:jar UP-TO-DATE
> Task :engine-primitive:processResources UP-TO-DATE
> Task :engine-primitive:classes UP-TO-DATE
> Task :engine-primitive:syncSourceSetLicense UP-TO-DATE
> Task :engine-primitive:processLicenseResources UP-TO-DATE
> Task :engine-primitive:jar UP-TO-DATE
> Task :engine-query-constants:processResources NO-SOURCE
> Task :engine-query-constants:classes UP-TO-DATE
> Task :engine-query-constants:syncSourceSetLicense UP-TO-DATE
> Task :engine-query-constants:processLicenseResources UP-TO-DATE
> Task :engine-query-constants:jar UP-TO-DATE
> Task :engine-read-tracker:processResources NO-SOURCE
> Task :engine-read-tracker:classes UP-TO-DATE
> Task :engine-read-tracker:syncSourceSetLicense UP-TO-DATE
> Task :engine-read-tracker:processLicenseResources UP-TO-DATE
> Task :engine-read-tracker:jar UP-TO-DATE
> Task :engine-rowset:processResources UP-TO-DATE
> Task :engine-rowset:classes UP-TO-DATE
> Task :engine-rowset:syncSourceSetLicense UP-TO-DATE
> Task :engine-rowset:processLicenseResources UP-TO-DATE
> Task :engine-rowset:jar UP-TO-DATE
> Task :engine-rowset-test-utils:compileJava UP-TO-DATE
> Task :engine-rowset-test-utils:processResources NO-SOURCE
> Task :engine-rowset-test-utils:classes UP-TO-DATE
> Task :engine-rowset-test-utils:syncSourceSetLicense UP-TO-DATE
> Task :engine-rowset-test-utils:processLicenseResources UP-TO-DATE
> Task :engine-rowset-test-utils:jar UP-TO-DATE
> Task :engine-stringset:processResources NO-SOURCE
> Task :engine-stringset:classes UP-TO-DATE
> Task :engine-stringset:syncSourceSetLicense UP-TO-DATE
> Task :engine-stringset:processLicenseResources UP-TO-DATE
> Task :engine-stringset:jar UP-TO-DATE
> Task :extensions-csv:compileJava UP-TO-DATE
> Task :extensions-source-support:compileJava UP-TO-DATE
> Task :extensions-parquet-table:compileJava UP-TO-DATE
> Task :engine-test-utils:compileJava UP-TO-DATE
> Task :engine-time:processResources NO-SOURCE
> Task :engine-time:classes UP-TO-DATE
> Task :engine-time:syncSourceSetLicense UP-TO-DATE
> Task :engine-time:processLicenseResources UP-TO-DATE
> Task :engine-time:jar UP-TO-DATE
> Task :engine-time:compileTestJava UP-TO-DATE
> Task :engine-time:processTestResources UP-TO-DATE
> Task :engine-time:testClasses UP-TO-DATE
> Task :engine-time:testJar UP-TO-DATE
> Task :engine-vector:processResources NO-SOURCE
> Task :engine-vector:classes UP-TO-DATE
> Task :engine-vector:syncSourceSetLicense UP-TO-DATE
> Task :engine-vector:processLicenseResources UP-TO-DATE
> Task :engine-vector:jar UP-TO-DATE
> Task :BenchmarkSupport:compileJava UP-TO-DATE
> Task :BenchmarkSupport:classes UP-TO-DATE
> Task :BenchmarkSupport:jar UP-TO-DATE
> Task :engine-vector:compileTestJava UP-TO-DATE
> Task :engine-vector:processTestResources NO-SOURCE
> Task :engine-vector:testClasses UP-TO-DATE
> Task :engine-vector:testJar UP-TO-DATE
> Task :log-to-slf4j:compileJava UP-TO-DATE
> Task :Numerics:compileJava UP-TO-DATE
> Task :extensions-suanshu:compileJava UP-TO-DATE
> Task :Numerics:processResources NO-SOURCE
> Task :Numerics:classes UP-TO-DATE
> Task :Numerics:syncSourceSetLicense UP-TO-DATE
> Task :Numerics:processLicenseResources UP-TO-DATE
> Task :test-configs:compileJava UP-TO-DATE
> Task :Numerics:jar UP-TO-DATE
> Task :test-configs:processResources UP-TO-DATE
> Task :test-configs:classes UP-TO-DATE
> Task :test-configs:syncSourceSetLicense UP-TO-DATE
> Task :test-configs:processLicenseResources UP-TO-DATE
> Task :test-configs:jar UP-TO-DATE
> Task :Numerics:compileTestJava UP-TO-DATE
> Task :Numerics:processTestResources NO-SOURCE
> Task :Numerics:testClasses UP-TO-DATE
> Task :engine-table:createCompilerDirectives UP-TO-DATE
> Task :engine-table:createVmOptions UP-TO-DATE
> Task :Numerics:testJar UP-TO-DATE
> Task :engine-test-utils:processResources NO-SOURCE
> Task :engine-test-utils:classes UP-TO-DATE
> Task :engine-test-utils:syncSourceSetLicense UP-TO-DATE
> Task :engine-test-utils:processLicenseResources UP-TO-DATE
> Task :engine-test-utils:jar UP-TO-DATE
> Task :engine-tuple:processResources NO-SOURCE
> Task :engine-tuple:classes UP-TO-DATE
> Task :engine-tuple:syncSourceSetLicense UP-TO-DATE
> Task :engine-tuple:processLicenseResources UP-TO-DATE
> Task :engine-tuple:jar UP-TO-DATE
> Task :engine-table:processTestResources
> Task :engine-tuplesource:compileJava UP-TO-DATE
> Task :engine-tuplesource:processResources NO-SOURCE
> Task :engine-tuplesource:classes UP-TO-DATE
> Task :engine-tuplesource:syncSourceSetLicense UP-TO-DATE
> Task :engine-tuplesource:processLicenseResources UP-TO-DATE
> Task :engine-tuplesource:jar UP-TO-DATE
> Task :engine-updategraph:processResources NO-SOURCE
> Task :engine-updategraph:classes UP-TO-DATE
> Task :engine-updategraph:syncSourceSetLicense UP-TO-DATE
> Task :engine-updategraph:processLicenseResources UP-TO-DATE
> Task :engine-updategraph:jar UP-TO-DATE
> Task :extensions-csv:processResources NO-SOURCE
> Task :extensions-csv:classes UP-TO-DATE
> Task :extensions-csv:syncSourceSetLicense UP-TO-DATE
> Task :extensions-csv:processLicenseResources UP-TO-DATE
> Task :extensions-csv:jar UP-TO-DATE
> Task :extensions-parquet-base:processResources NO-SOURCE
> Task :extensions-parquet-base:classes UP-TO-DATE
> Task :extensions-parquet-base:syncSourceSetLicense UP-TO-DATE
> Task :extensions-parquet-base:processLicenseResources UP-TO-DATE
> Task :extensions-parquet-base:jar UP-TO-DATE
> Task :extensions-parquet-compression:processResources NO-SOURCE
> Task :extensions-parquet-compression:classes UP-TO-DATE
> Task :extensions-parquet-compression:syncSourceSetLicense UP-TO-DATE
> Task :extensions-parquet-compression:processLicenseResources UP-TO-DATE
> Task :extensions-parquet-compression:jar UP-TO-DATE
> Task :extensions-parquet-table:processResources NO-SOURCE
> Task :extensions-parquet-table:classes UP-TO-DATE
> Task :extensions-parquet-table:syncSourceSetLicense UP-TO-DATE
> Task :extensions-parquet-table:processLicenseResources UP-TO-DATE
> Task :extensions-parquet-table:jar UP-TO-DATE
> Task :extensions-source-support:processResources NO-SOURCE
> Task :extensions-source-support:classes UP-TO-DATE
> Task :extensions-source-support:syncSourceSetLicense UP-TO-DATE
> Task :extensions-source-support:processLicenseResources UP-TO-DATE
> Task :extensions-source-support:jar UP-TO-DATE
> Task :extensions-suanshu:processResources UP-TO-DATE
> Task :extensions-suanshu:classes UP-TO-DATE
> Task :extensions-suanshu:syncSourceSetLicense UP-TO-DATE
> Task :extensions-suanshu:processLicenseResources UP-TO-DATE
> Task :extensions-suanshu:jar UP-TO-DATE
> Task :extensions-trackedfile:compileJava UP-TO-DATE
> Task :extensions-trackedfile:processResources NO-SOURCE
> Task :extensions-trackedfile:classes UP-TO-DATE
> Task :extensions-trackedfile:syncSourceSetLicense UP-TO-DATE
> Task :extensions-trackedfile:processLicenseResources UP-TO-DATE
> Task :extensions-trackedfile:jar UP-TO-DATE
> Task :log-factory:processResources NO-SOURCE
> Task :log-factory:classes UP-TO-DATE
> Task :log-factory:syncSourceSetLicense UP-TO-DATE
> Task :log-factory:processLicenseResources UP-TO-DATE
> Task :log-factory:jar UP-TO-DATE
> Task :log-to-slf4j:processResources NO-SOURCE
> Task :log-to-slf4j:classes UP-TO-DATE
> Task :log-to-slf4j:syncSourceSetLicense UP-TO-DATE
> Task :log-to-slf4j:processLicenseResources UP-TO-DATE
> Task :log-to-slf4j:jar UP-TO-DATE
> Task :plugin:processResources NO-SOURCE
> Task :plugin:classes UP-TO-DATE
> Task :plugin:syncSourceSetLicense UP-TO-DATE
> Task :plugin:processLicenseResources UP-TO-DATE
> Task :plugin:jar UP-TO-DATE
> Task :qst:processResources NO-SOURCE
> Task :qst:classes UP-TO-DATE
> Task :qst:syncSourceSetLicense UP-TO-DATE
> Task :qst:processLicenseResources UP-TO-DATE
> Task :qst:jar UP-TO-DATE
> Task :qst-type:processResources NO-SOURCE
> Task :qst-type:classes UP-TO-DATE
> Task :qst-type:syncSourceSetLicense UP-TO-DATE
> Task :qst-type:processLicenseResources UP-TO-DATE
> Task :qst-type:jar UP-TO-DATE
> Task :table-api:processResources NO-SOURCE
> Task :table-api:classes UP-TO-DATE
> Task :table-api:syncSourceSetLicense UP-TO-DATE
> Task :table-api:processLicenseResources UP-TO-DATE
> Task :table-api:jar UP-TO-DATE
> Task :Util:processResources UP-TO-DATE
> Task :Util:classes UP-TO-DATE
> Task :Util:syncSourceSetLicense UP-TO-DATE
> Task :Util:processLicenseResources UP-TO-DATE
> Task :Util:jar UP-TO-DATE
> Task :util-channel:processResources NO-SOURCE
> Task :util-channel:classes UP-TO-DATE
> Task :util-channel:syncSourceSetLicense UP-TO-DATE
> Task :util-channel:processLicenseResources UP-TO-DATE
> Task :util-channel:jar UP-TO-DATE
> Task :util-pool:processResources NO-SOURCE
> Task :util-pool:classes UP-TO-DATE
> Task :util-pool:syncSourceSetLicense UP-TO-DATE
> Task :util-pool:processLicenseResources UP-TO-DATE
> Task :util-pool:jar UP-TO-DATE
> Task :util-processenvironment:processResources NO-SOURCE
> Task :util-processenvironment:classes UP-TO-DATE
> Task :util-processenvironment:syncSourceSetLicense UP-TO-DATE
> Task :util-processenvironment:processLicenseResources UP-TO-DATE
> Task :util-processenvironment:jar UP-TO-DATE
> Task :util-thread:processResources NO-SOURCE
> Task :util-thread:classes UP-TO-DATE
> Task :util-thread:syncSourceSetLicense UP-TO-DATE
> Task :util-thread:processLicenseResources UP-TO-DATE
> Task :util-thread:jar UP-TO-DATE
> Task :engine-table:compileTestJava
> Task :engine-table:testClasses

> Task :engine-table:testOutOfBand
1 compiler directives added

[Incubating] Problems report is available at: file://<AUTHOR_WORKSPACE>/RESEARCH_RESTART_20260905/RESUMED_20260909_0056/deephaven_source_01/checkout/deephaven-core-6367313a319b79437d4d2116c77836ad56d5138d/build/reports/problems/problems-report.html

Deprecated Gradle features were used in this build, making it incompatible with Gradle 10.

You can use '--warning-mode all' to show the individual deprecation warnings and determine if they come from your own scripts or plugins.

For more on this, please refer to https://docs.gradle.org/9.7.1/userguide/command_line_interface.html#sec:command_line_warnings in the Gradle documentation.

BUILD SUCCESSFUL in 15s
287 actionable tasks: 3 executed, 284 up-to-date
