Command: ['python3', 'Implementation/Experiment/FSE2027/scripts/run_experiment.py', '--config', 'FSE2027_SUBMISSION_20260914/experiments/semantic_revision_20260914/rq2/raw/config.json', '--run-id', 'raw']
[1/14] RUN branching_separation__base__rep01__full_fg
  status=SUCCESS time=0.706788s peak_rss_kib=87296
[2/14] RUN branching_separation__base__rep01__fixed_script_a
  status=UNREALIZABLE time=0.749294s peak_rss_kib=91440
[3/14] RUN branching_separation__base__rep01__fixed_script_b
  status=UNREALIZABLE time=0.698378s peak_rss_kib=89408
[4/14] RUN requirement_boundary_separation__base__rep01__full_fg
  status=SUCCESS time=0.783986s peak_rss_kib=92176
[5/14] RUN requirement_boundary_separation__base__rep01__requirement_block
  status=UNREALIZABLE time=0.746976s peak_rss_kib=90960
[6/14] RUN requirement_boundary_neutral__base__rep01__requirement_block
  status=SUCCESS time=0.755194s peak_rss_kib=98064
[7/14] RUN requirement_boundary_neutral__base__rep01__full_fg
  status=SUCCESS time=0.750437s peak_rss_kib=92176
[8/14] RUN pc_neutral_global_product__base__rep01__full_fg
  status=SUCCESS time=0.716936s peak_rss_kib=88400
[9/14] RUN branching_neutral__base__rep01__fixed_script_b
  status=SUCCESS time=0.687952s peak_rss_kib=88272
[10/14] RUN branching_neutral__base__rep01__full_fg
  status=SUCCESS time=0.692888s peak_rss_kib=87760
[11/14] RUN branching_neutral__base__rep01__fixed_script_a
  status=SUCCESS time=0.693349s peak_rss_kib=86496
[12/14] RUN pc_neutral_local_fg__base__rep01__full_fg
  status=SUCCESS time=0.751129s peak_rss_kib=93616
[13/14] RUN pc_separation_global_product__base__rep01__full_fg
  status=UNREALIZABLE time=0.761832s peak_rss_kib=90864
[14/14] RUN pc_separation_local_fg__base__rep01__full_fg
  status=SUCCESS time=0.756281s peak_rss_kib=93632
Campaign FSE2027_SUBMISSION_20260914/experiments/semantic_revision_20260914/rq2/raw: executed=14 skipped=0 selected=14
Run collect_results.py --campaign FSE2027_SUBMISSION_20260914/experiments/semantic_revision_20260914/rq2/raw to materialize CSV files.

EXIT_CODE=0
ELAPSED_SECONDS=20.437632791996293
