Command: ['mvn', '-B', 'test', '-Dtest=ltsa.lts.CompactStateReachableStateLabelTest,ltsa.lts.MappingEnvironmentGeneratorErrorRenumberTest,ltsa.lts.UpdatingControllersDefinitionParserTest,ltsa.updatingControllers.UpdatingControllerEvaluationRecorderTest,ltsa.updatingControllers.cli.SingleCompositionRunnerOutcomeTest,ltsa.updatingControllers.otf.ActivationSpecTest,ltsa.updatingControllers.otf.DirectFullStrongSolverTest,ltsa.updatingControllers.otf.EndpointContractValidatorTest,ltsa.updatingControllers.otf.ExperimentModelsRevisedOtfIntegrationTest,ltsa.updatingControllers.otf.FineGrainedOtfDucsTest,ltsa.updatingControllers.otf.IndependentExplicitStrongSolverTest,ltsa.updatingControllers.otf.LoadableEndpointSubsetTest,ltsa.updatingControllers.otf.MtsaRevisedOtfDucsAdapterPrecedenceTest,ltsa.updatingControllers.otf.OtfDucsSynthesizerTest,ltsa.updatingControllers.otf.SyntheticErFgProblemGeneratorTest,ltsa.updatingControllers.otf.UpdatePolicyRestrictionTest,ltsa.updatingControllers.structures.UpdateProtocolSpecTest', '-Dfork.number=0', '-Dthread.count=1', '-Dparallel=none', '-DfailIfNoTests=true', '-Djacoco.skip=true']
[INFO] Scanning for projects...
[INFO] 
[INFO] -----------------------------< mtsa:mtsa >------------------------------
[INFO] Building mtsa 1.0-SNAPSHOT
[INFO]   from pom.xml
[INFO] --------------------------------[ jar ]---------------------------------
[WARNING] Parameter 'systemPropertyVariables' is unknown for plugin 'jacoco-maven-plugin:0.8.7:prepare-agent (default-prepare-agent)'
[WARNING] Parameter 'skipTests' is unknown for plugin 'jacoco-maven-plugin:0.8.7:prepare-agent (default-prepare-agent)'
[WARNING] Parameter 'systemPropertyVariables' is unknown for plugin 'jacoco-maven-plugin:0.8.7:report (report)'
[WARNING] Parameter 'skipTests' is unknown for plugin 'jacoco-maven-plugin:0.8.7:report (report)'
[WARNING] The artifact org.apache.commons:commons-io:jar:1.3.2 has been relocated to commons-io:commons-io:jar:1.3.2: https://issues.sonatype.org/browse/MVNCENTRAL-244
[INFO] 
[INFO] --- jacoco:0.8.7:prepare-agent (default-prepare-agent) @ mtsa ---
[INFO] Skipping JaCoCo execution because property jacoco.skip is set.
[INFO] argLine set to empty
[INFO] 
[INFO] --- resources:3.4.0:resources (default-resources) @ mtsa ---
[INFO] Copying 431 resources from src/main/resources to target/classes
[INFO] 
[INFO] --- compiler:3.5:compile (default-compile) @ mtsa ---
[INFO] Changes detected - recompiling the module!
[INFO] Compiling 980 source files to Implementation/Source Code/maven-root/mtsa/target/classes
[INFO] 
[INFO] --- resources:3.4.0:testResources (default-testResources) @ mtsa ---
[INFO] Copying 840 resources from src/test/resources to target/test-classes
[INFO] 
[INFO] --- compiler:3.5:testCompile (default-testCompile) @ mtsa ---
[INFO] Changes detected - recompiling the module!
[INFO] Compiling 158 source files to Implementation/Source Code/maven-root/mtsa/target/test-classes
[INFO] 
[INFO] --- surefire:2.21.0:test (default-test) @ mtsa ---
[WARNING] useSystemClassloader setting has no effect when not forking
[INFO] 
[INFO] Results:
[INFO] 
[INFO] Tests run: 0, Failures: 0, Errors: 0, Skipped: 0
[INFO] 
[INFO] Running TestSuite
Synthetic ER-FG benchmark complete: rows=1, independently verified=0, unexpected decisions=0, output=/var/folders/3v/m97jh3x11f109r194r3np9wh0000gn/T/synthetic-erfg-unknown-manifest-1306525003705976354/runs.csv
Synthetic ER-FG benchmark complete: rows=8, independently verified=8, unexpected decisions=0, output=/var/folders/3v/m97jh3x11f109r194r3np9wh0000gn/T/synthetic-erfg-smoke-7851676367748668068/runs.csv
Synthetic ER-FG benchmark complete: rows=8, independently verified=8, unexpected decisions=0, output=/var/folders/3v/m97jh3x11f109r194r3np9wh0000gn/T/synthetic-erfg-smoke-7851676367748668068/runs-again.csv
Game state size:1
Winning state size:1
[ERROR] Tests run: 95, Failures: 3, Errors: 0, Skipped: 1, Time elapsed: 0.928 s <<< FAILURE! - in TestSuite
[ERROR] independentSemanticsMatchesProductionOnEveryReachableBucket(ltsa.updatingControllers.otf.IndependentExplicitStrongSolverTest)  Time elapsed: 0 s  <<< FAILURE!
java.lang.AssertionError
	at ltsa.updatingControllers.otf.IndependentExplicitStrongSolverTest.independentSemanticsMatchesProductionOnEveryReachableBucket(IndependentExplicitStrongSolverTest.java:157)

[ERROR] requirementBlockIsExactForControllableAndUncontrollableOutsiders(ltsa.updatingControllers.otf.UpdatePolicyRestrictionTest)  Time elapsed: 0 s  <<< FAILURE!
java.lang.AssertionError: expected:<1> but was:<0>
	at ltsa.updatingControllers.otf.UpdatePolicyRestrictionTest.only(UpdatePolicyRestrictionTest.java:321)
	at ltsa.updatingControllers.otf.UpdatePolicyRestrictionTest.requirementBlockIsExactForControllableAndUncontrollableOutsiders(UpdatePolicyRestrictionTest.java:169)

[ERROR] restrictionNeverSuppressesAnUncontrollableEventOrOutcome(ltsa.updatingControllers.otf.UpdatePolicyRestrictionTest)  Time elapsed: 0.001 s  <<< FAILURE!
java.lang.AssertionError: expected:<1> but was:<0>
	at ltsa.updatingControllers.otf.UpdatePolicyRestrictionTest.only(UpdatePolicyRestrictionTest.java:321)
	at ltsa.updatingControllers.otf.UpdatePolicyRestrictionTest.restrictionNeverSuppressesAnUncontrollableEventOrOutcome(UpdatePolicyRestrictionTest.java:98)

[INFO] 
[INFO] Results:
[INFO] 
[ERROR] Failures: 
[ERROR]   IndependentExplicitStrongSolverTest.independentSemanticsMatchesProductionOnEveryReachableBucket:157
[ERROR]   UpdatePolicyRestrictionTest.requirementBlockIsExactForControllableAndUncontrollableOutsiders:169->only:321 expected:<1> but was:<0>
[ERROR]   UpdatePolicyRestrictionTest.restrictionNeverSuppressesAnUncontrollableEventOrOutcome:98->only:321 expected:<1> but was:<0>
[INFO] 
[ERROR] Tests run: 95, Failures: 3, Errors: 0, Skipped: 1
[INFO] 
[INFO] ------------------------------------------------------------------------
[INFO] BUILD FAILURE
[INFO] ------------------------------------------------------------------------
[INFO] Total time:  9.113 s
[INFO] Finished at: 2026-09-14T15:54:34+09:00
[INFO] ------------------------------------------------------------------------
[ERROR] Failed to execute goal org.apache.maven.plugins:maven-surefire-plugin:2.21.0:test (default-test) on project mtsa: There are test failures.
[ERROR] 
[ERROR] Please refer to Implementation/Source Code/maven-root/mtsa/target/surefire-reports for the individual test results.
[ERROR] Please refer to dump files (if any exist) [date]-jvmRun[N].dump, [date].dumpstream and [date]-jvmRun[N].dumpstream.
[ERROR] -> [Help 1]
[ERROR] 
[ERROR] To see the full stack trace of the errors, re-run Maven with the -e switch.
[ERROR] Re-run Maven using the -X switch to enable full debug logging.
[ERROR] 
[ERROR] For more information about the errors and possible solutions, please read the following articles:
[ERROR] [Help 1] http://cwiki.apache.org/confluence/display/MAVEN/MojoFailureException

EXIT_CODE=1
ELAPSED_SECONDS=10.128319957999338
