# JMH version: 1.37
# VM version: JDK 17.0.19, OpenJDK 64-Bit Server VM, 17.0.19+0
# VM invoker: /opt/homebrew/opt/openjdk@17/bin/java
# VM options: -Xms256m -Xmx256m -ea
# Blackhole mode: compiler (auto-detected, use -Djmh.blackhole.autoDetect=false to disable)
# Warmup: 3 iterations, 200 ms each
# Measurement: 5 iterations, 200 ms each
# Timeout: 20 s per iteration
# Threads: 1 thread, will synchronize iterations
# Benchmark mode: Average time, time/op
# Benchmark: org.anonymous.retry.MyBenchmark.cachedCallbackMatch
# Parameters: (layout = colliding, length = 64)

# Run progress: 0.00% complete, ETA 00:00:03
# Fork: 1 of 2
# Warmup Iteration   1: 14.236 ns/op
# Warmup Iteration   2: 13.802 ns/op
# Warmup Iteration   3: 13.432 ns/op
Iteration   1: 13.387 ns/op
Iteration   2: 13.403 ns/op
Iteration   3: 13.390 ns/op
Iteration   4: 13.422 ns/op
Iteration   5: 13.416 ns/op

# Run progress: 50.00% complete, ETA 00:00:01
# Fork: 2 of 2
# Warmup Iteration   1: 13.027 ns/op
# Warmup Iteration   2: 12.587 ns/op
# Warmup Iteration   3: 12.244 ns/op
Iteration   1: 12.222 ns/op
Iteration   2: 12.216 ns/op
Iteration   3: 12.238 ns/op
Iteration   4: 12.232 ns/op
Iteration   5: 12.215 ns/op


Result "org.anonymous.retry.MyBenchmark.cachedCallbackMatch":
  12.814 ±(99.9%) 0.940 ns/op [Average]
  (min, avg, max) = (12.215, 12.814, 13.422), stdev = 0.622
  CI (99.9%): [11.874, 13.754] (assumes normal distribution)


# Run complete. Total time: 00:00:03

REMEMBER: The numbers below are just data. To gain reusable insights, you need to follow up on
why the numbers are the way they are. Use profilers (see -prof, -lprof), design factorial
experiments, perform baseline and negative tests that provide experimental control, make sure
the benchmarking environment is safe on JVM/OS/HW level, ask for reviews from the domain experts.
Do not assume the numbers tell you what you want them to tell.

NOTE: Current JVM experimentally supports Compiler Blackholes, and they are in use. Please exercise
extra caution when trusting the results, look into the generated code to check the benchmark still
works, and factor in a small probability of new VM bugs. Additionally, while comparisons between
different JVMs are already problematic, the performance difference caused by different Blackhole
modes can be very significant. Please make sure you use the consistent Blackhole mode for comparisons.

Benchmark                         (layout)  (length)  Mode  Cnt   Score   Error  Units
MyBenchmark.cachedCallbackMatch  colliding        64  avgt   10  12.814 ± 0.940  ns/op

Benchmark result is saved to <AUTHOR_WORKSPACE>/RESEARCH_RESTART_20260905/RESUMED_20260909_0056/charged_api_calibration_01/attempt01/colliding-64-cachedCallbackMatch/JMH.json
