# JMH version: 1.37
# VM version: JDK 17.0.19, OpenJDK 64-Bit Server VM, 17.0.19+0
# VM invoker: /opt/homebrew/opt/openjdk@17/bin/java
# VM options: -Xms256m -Xmx256m -ea
# Blackhole mode: compiler (auto-detected, use -Djmh.blackhole.autoDetect=false to disable)
# Warmup: 3 iterations, 200 ms each
# Measurement: 5 iterations, 200 ms each
# Timeout: 20 s per iteration
# Threads: 1 thread, will synchronize iterations
# Benchmark mode: Average time, time/op
# Benchmark: org.anonymous.retry.MyBenchmark.replaceMatch
# Parameters: (layout = distinct, length = 8)

# Run progress: 0.00% complete, ETA 00:00:03
# Fork: 1 of 2
# Warmup Iteration   1: 8.760 ns/op
# Warmup Iteration   2: 8.613 ns/op
# Warmup Iteration   3: 8.575 ns/op
Iteration   1: 8.562 ns/op
Iteration   2: 8.683 ns/op
Iteration   3: 8.587 ns/op
Iteration   4: 8.601 ns/op
Iteration   5: 8.581 ns/op

# Run progress: 50.00% complete, ETA 00:00:01
# Fork: 2 of 2
# Warmup Iteration   1: 8.759 ns/op
# Warmup Iteration   2: 8.615 ns/op
# Warmup Iteration   3: 8.736 ns/op
Iteration   1: 8.595 ns/op
Iteration   2: 8.703 ns/op
Iteration   3: 8.570 ns/op
Iteration   4: 8.578 ns/op
Iteration   5: 8.574 ns/op


Result "org.anonymous.retry.MyBenchmark.replaceMatch":
  8.603 ±(99.9%) 0.074 ns/op [Average]
  (min, avg, max) = (8.562, 8.603, 8.703), stdev = 0.049
  CI (99.9%): [8.530, 8.677] (assumes normal distribution)


# Run complete. Total time: 00:00:03

REMEMBER: The numbers below are just data. To gain reusable insights, you need to follow up on
why the numbers are the way they are. Use profilers (see -prof, -lprof), design factorial
experiments, perform baseline and negative tests that provide experimental control, make sure
the benchmarking environment is safe on JVM/OS/HW level, ask for reviews from the domain experts.
Do not assume the numbers tell you what you want them to tell.

NOTE: Current JVM experimentally supports Compiler Blackholes, and they are in use. Please exercise
extra caution when trusting the results, look into the generated code to check the benchmark still
works, and factor in a small probability of new VM bugs. Additionally, while comparisons between
different JVMs are already problematic, the performance difference caused by different Blackhole
modes can be very significant. Please make sure you use the consistent Blackhole mode for comparisons.

Benchmark                 (layout)  (length)  Mode  Cnt  Score   Error  Units
MyBenchmark.replaceMatch  distinct         8  avgt   10  8.603 ± 0.074  ns/op

Benchmark result is saved to <AUTHOR_WORKSPACE>/RESEARCH_RESTART_20260905/RESUMED_20260909_0056/charged_api_calibration_01/attempt01/distinct-8-replaceMatch/JMH.json
