# JMH version: 1.37
# VM version: JDK 17.0.19, OpenJDK 64-Bit Server VM, 17.0.19+0
# VM invoker: /opt/homebrew/opt/openjdk@17/bin/java
# VM options: -Xms256m -Xmx256m -ea
# Blackhole mode: compiler (auto-detected, use -Djmh.blackhole.autoDetect=false to disable)
# Warmup: 3 iterations, 200 ms each
# Measurement: 5 iterations, 200 ms each
# Timeout: 20 s per iteration
# Threads: 1 thread, will synchronize iterations
# Benchmark mode: Average time, time/op
# Benchmark: org.anonymous.retry.MyBenchmark.freshCallback
# Parameters: (layout = distinct, length = 512)

# Run progress: 0.00% complete, ETA 00:00:03
# Fork: 1 of 2
# Warmup Iteration   1: 577.072 ns/op
# Warmup Iteration   2: 521.764 ns/op
# Warmup Iteration   3: 518.754 ns/op
Iteration   1: 513.771 ns/op
Iteration   2: 512.588 ns/op
Iteration   3: 513.245 ns/op
Iteration   4: 513.335 ns/op
Iteration   5: 514.274 ns/op

# Run progress: 50.00% complete, ETA 00:00:01
# Fork: 2 of 2
# Warmup Iteration   1: 576.661 ns/op
# Warmup Iteration   2: 520.386 ns/op
# Warmup Iteration   3: 516.397 ns/op
Iteration   1: 512.843 ns/op
Iteration   2: 512.814 ns/op
Iteration   3: 513.385 ns/op
Iteration   4: 513.210 ns/op
Iteration   5: 512.809 ns/op


Result "org.anonymous.retry.MyBenchmark.freshCallback":
  513.227 ±(99.9%) 0.769 ns/op [Average]
  (min, avg, max) = (512.588, 513.227, 514.274), stdev = 0.509
  CI (99.9%): [512.458, 513.997] (assumes normal distribution)


# Run complete. Total time: 00:00:03

REMEMBER: The numbers below are just data. To gain reusable insights, you need to follow up on
why the numbers are the way they are. Use profilers (see -prof, -lprof), design factorial
experiments, perform baseline and negative tests that provide experimental control, make sure
the benchmarking environment is safe on JVM/OS/HW level, ask for reviews from the domain experts.
Do not assume the numbers tell you what you want them to tell.

NOTE: Current JVM experimentally supports Compiler Blackholes, and they are in use. Please exercise
extra caution when trusting the results, look into the generated code to check the benchmark still
works, and factor in a small probability of new VM bugs. Additionally, while comparisons between
different JVMs are already problematic, the performance difference caused by different Blackhole
modes can be very significant. Please make sure you use the consistent Blackhole mode for comparisons.

Benchmark                  (layout)  (length)  Mode  Cnt    Score   Error  Units
MyBenchmark.freshCallback  distinct       512  avgt   10  513.227 ± 0.769  ns/op

Benchmark result is saved to <AUTHOR_WORKSPACE>/RESEARCH_RESTART_20260905/RESUMED_20260909_0056/charged_api_calibration_01/attempt01/distinct-512-freshCallback/JMH.json
